<?xml version="1.0"?>
<link_info>
   <banner>TMS320C6x Linker PC v7.4.23</banner>
   <copyright>Copyright (c) 1996-2017 Texas Instruments Incorporated</copyright>
   <link_time>0x5a55dca2</link_time>
   <output_file>Audio_HWI_Lab3.out</output_file>
   <entry_point>
      <name>_c_int00</name>
      <address>0x1081b400</address>
   </entry_point>
   <input_file_list>
      <input_file id="fl-a">
         <path>.\evmdm6437_v2\lib\evmdm6437bsl\</path>
         <kind>object</kind>
         <file>evmdm6437_uart.obj</file>
         <name>evmdm6437_uart.obj</name>
      </input_file>
      <input_file id="fl-b">
         <path>.\evmdm6437_v2\lib\evmdm6437bsl\</path>
         <kind>object</kind>
         <file>evmdm6437_psc.obj</file>
         <name>evmdm6437_psc.obj</name>
      </input_file>
      <input_file id="fl-c">
         <path>.\evmdm6437_v2\lib\evmdm6437bsl\</path>
         <kind>object</kind>
         <file>evmdm6437_pll.obj</file>
         <name>evmdm6437_pll.obj</name>
      </input_file>
      <input_file id="fl-d">
         <path>.\evmdm6437_v2\lib\evmdm6437bsl\</path>
         <kind>object</kind>
         <file>evmdm6437_nandflash.obj</file>
         <name>evmdm6437_nandflash.obj</name>
      </input_file>
      <input_file id="fl-e">
         <path>.\evmdm6437_v2\lib\evmdm6437bsl\</path>
         <kind>object</kind>
         <file>evmdm6437_mcasp.obj</file>
         <name>evmdm6437_mcasp.obj</name>
      </input_file>
      <input_file id="fl-f">
         <path>.\evmdm6437_v2\lib\evmdm6437bsl\</path>
         <kind>object</kind>
         <file>evmdm6437_led.obj</file>
         <name>evmdm6437_led.obj</name>
      </input_file>
      <input_file id="fl-10">
         <path>.\evmdm6437_v2\lib\evmdm6437bsl\</path>
         <kind>object</kind>
         <file>evmdm6437_i2c_gpio.obj</file>
         <name>evmdm6437_i2c_gpio.obj</name>
      </input_file>
      <input_file id="fl-11">
         <path>.\evmdm6437_v2\lib\evmdm6437bsl\</path>
         <kind>object</kind>
         <file>evmdm6437_i2c.obj</file>
         <name>evmdm6437_i2c.obj</name>
      </input_file>
      <input_file id="fl-12">
         <path>.\evmdm6437_v2\lib\evmdm6437bsl\</path>
         <kind>object</kind>
         <file>evmdm6437_gpio.obj</file>
         <name>evmdm6437_gpio.obj</name>
      </input_file>
      <input_file id="fl-13">
         <path>.\evmdm6437_v2\lib\evmdm6437bsl\</path>
         <kind>object</kind>
         <file>evmdm6437_flash_write.obj</file>
         <name>evmdm6437_flash_write.obj</name>
      </input_file>
      <input_file id="fl-14">
         <path>.\evmdm6437_v2\lib\evmdm6437bsl\</path>
         <kind>object</kind>
         <file>evmdm6437_flash_read.obj</file>
         <name>evmdm6437_flash_read.obj</name>
      </input_file>
      <input_file id="fl-15">
         <path>.\evmdm6437_v2\lib\evmdm6437bsl\</path>
         <kind>object</kind>
         <file>evmdm6437_flash_id.obj</file>
         <name>evmdm6437_flash_id.obj</name>
      </input_file>
      <input_file id="fl-16">
         <path>.\evmdm6437_v2\lib\evmdm6437bsl\</path>
         <kind>object</kind>
         <file>evmdm6437_flash_erase.obj</file>
         <name>evmdm6437_flash_erase.obj</name>
      </input_file>
      <input_file id="fl-17">
         <path>.\evmdm6437_v2\lib\evmdm6437bsl\</path>
         <kind>object</kind>
         <file>evmdm6437_flash_checksum.obj</file>
         <name>evmdm6437_flash_checksum.obj</name>
      </input_file>
      <input_file id="fl-18">
         <path>.\evmdm6437_v2\lib\evmdm6437bsl\</path>
         <kind>object</kind>
         <file>evmdm6437_flash.obj</file>
         <name>evmdm6437_flash.obj</name>
      </input_file>
      <input_file id="fl-19">
         <path>.\evmdm6437_v2\lib\evmdm6437bsl\</path>
         <kind>object</kind>
         <file>evmdm6437_eeprom.obj</file>
         <name>evmdm6437_eeprom.obj</name>
      </input_file>
      <input_file id="fl-1a">
         <path>.\evmdm6437_v2\lib\evmdm6437bsl\</path>
         <kind>object</kind>
         <file>evmdm6437_dip.obj</file>
         <name>evmdm6437_dip.obj</name>
      </input_file>
      <input_file id="fl-1b">
         <path>.\evmdm6437_v2\lib\evmdm6437bsl\</path>
         <kind>object</kind>
         <file>evmdm6437_ddr.obj</file>
         <name>evmdm6437_ddr.obj</name>
      </input_file>
      <input_file id="fl-1c">
         <path>.\evmdm6437_v2\lib\evmdm6437bsl\</path>
         <kind>object</kind>
         <file>evmdm6437_aic33_write32.obj</file>
         <name>evmdm6437_aic33_write32.obj</name>
      </input_file>
      <input_file id="fl-1d">
         <path>.\evmdm6437_v2\lib\evmdm6437bsl\</path>
         <kind>object</kind>
         <file>evmdm6437_aic33_write16.obj</file>
         <name>evmdm6437_aic33_write16.obj</name>
      </input_file>
      <input_file id="fl-1e">
         <path>.\evmdm6437_v2\lib\evmdm6437bsl\</path>
         <kind>object</kind>
         <file>evmdm6437_aic33_registers.obj</file>
         <name>evmdm6437_aic33_registers.obj</name>
      </input_file>
      <input_file id="fl-1f">
         <path>.\evmdm6437_v2\lib\evmdm6437bsl\</path>
         <kind>object</kind>
         <file>evmdm6437_aic33_read32.obj</file>
         <name>evmdm6437_aic33_read32.obj</name>
      </input_file>
      <input_file id="fl-20">
         <path>.\evmdm6437_v2\lib\evmdm6437bsl\</path>
         <kind>object</kind>
         <file>evmdm6437_aic33_read16.obj</file>
         <name>evmdm6437_aic33_read16.obj</name>
      </input_file>
      <input_file id="fl-21">
         <path>.\evmdm6437_v2\lib\evmdm6437bsl\</path>
         <kind>object</kind>
         <file>evmdm6437_aic33_opencodec.obj</file>
         <name>evmdm6437_aic33_opencodec.obj</name>
      </input_file>
      <input_file id="fl-22">
         <path>.\evmdm6437_v2\lib\evmdm6437bsl\</path>
         <kind>object</kind>
         <file>evmdm6437_aic33_mute.obj</file>
         <name>evmdm6437_aic33_mute.obj</name>
      </input_file>
      <input_file id="fl-23">
         <path>.\evmdm6437_v2\lib\evmdm6437bsl\</path>
         <kind>object</kind>
         <file>evmdm6437_aic33_closecodec.obj</file>
         <name>evmdm6437_aic33_closecodec.obj</name>
      </input_file>
      <input_file id="fl-24">
         <path>.\evmdm6437_v2\lib\evmdm6437bsl\</path>
         <kind>object</kind>
         <file>evmdm6437.obj</file>
         <name>evmdm6437.obj</name>
      </input_file>
      <input_file id="fl-25">
         <path>.\src\</path>
         <kind>object</kind>
         <file>gen_twiddle_fft16x16.obj</file>
         <name>gen_twiddle_fft16x16.obj</name>
      </input_file>
      <input_file id="fl-26">
         <path>.\src\</path>
         <kind>object</kind>
         <file>fir.obj</file>
         <name>fir.obj</name>
      </input_file>
      <input_file id="fl-27">
         <path>.\src\</path>
         <kind>object</kind>
         <file>dipMonitor.obj</file>
         <name>dipMonitor.obj</name>
      </input_file>
      <input_file id="fl-28">
         <path>.\src\</path>
         <kind>object</kind>
         <file>coeffs.obj</file>
         <name>coeffs.obj</name>
      </input_file>
      <input_file id="fl-29">
         <path>.\src\</path>
         <kind>object</kind>
         <file>codec.obj</file>
         <name>codec.obj</name>
      </input_file>
      <input_file id="fl-2a">
         <path>.\src\</path>
         <kind>object</kind>
         <file>audio-3.obj</file>
         <name>audio-3.obj</name>
      </input_file>
      <input_file id="fl-2b">
         <path>.\</path>
         <kind>object</kind>
         <file>myWorkcfg_c.obj</file>
         <name>myWorkcfg_c.obj</name>
      </input_file>
      <input_file id="fl-2c">
         <path>.\</path>
         <kind>object</kind>
         <file>myWorkcfg.obj</file>
         <name>myWorkcfg.obj</name>
      </input_file>
      <input_file id="fl-a9">
         <path>E:\Program Files\TexasIns\bios_5_42_01_09\packages\ti\bios\lib\</path>
         <kind>archive</kind>
         <file>bios.a64P</file>
         <name>biosdata.o64P</name>
      </input_file>
      <input_file id="fl-aa">
         <path>E:\Program Files\TexasIns\bios_5_42_01_09\packages\ti\bios\lib\</path>
         <kind>archive</kind>
         <file>bios.a64P</file>
         <name>hwi_disp_asm.o64P</name>
      </input_file>
      <input_file id="fl-ab">
         <path>E:\Program Files\TexasIns\bios_5_42_01_09\packages\ti\bios\lib\</path>
         <kind>archive</kind>
         <file>bios.a64P</file>
         <name>idl_stub.o64P</name>
      </input_file>
      <input_file id="fl-ac">
         <path>E:\Program Files\TexasIns\bios_5_42_01_09\packages\ti\bios\lib\</path>
         <kind>archive</kind>
         <file>lnkrtdx.a64P</file>
         <name>rtdx.o64P</name>
      </input_file>
      <input_file id="fl-ad">
         <path>E:\Program Files\TexasIns\bios_5_42_01_09\packages\ti\bios\lib\</path>
         <kind>archive</kind>
         <file>bios.a64P</file>
         <name>swi.o64P</name>
      </input_file>
      <input_file id="fl-ae">
         <path>E:\Program Files\TexasIns\bios_5_42_01_09\packages\ti\bios\lib\</path>
         <kind>archive</kind>
         <file>bios6424.a64P</file>
         <name>clk_gethtime.o64P</name>
      </input_file>
      <input_file id="fl-af">
         <path>E:\Program Files\TexasIns\bios_5_42_01_09\packages\ti\bios\lib\</path>
         <kind>archive</kind>
         <file>bios.a64P</file>
         <name>fxn_c.o64P</name>
      </input_file>
      <input_file id="fl-b0">
         <path>E:\Program Files\TexasIns\bios_5_42_01_09\packages\ti\bios\lib\</path>
         <kind>archive</kind>
         <file>bios.a64P</file>
         <name>knl_tick.o64P</name>
      </input_file>
      <input_file id="fl-b1">
         <path>E:\Program Files\TexasIns\bios_5_42_01_09\packages\ti\bios\lib\</path>
         <kind>archive</kind>
         <file>bios.a64P</file>
         <name>utl_doab.o64P</name>
      </input_file>
      <input_file id="fl-b2">
         <path>E:\Program Files\TexasIns\bios_5_42_01_09\packages\ti\bios\lib\</path>
         <kind>archive</kind>
         <file>bios.a64P</file>
         <name>utl_doer.o64P</name>
      </input_file>
      <input_file id="fl-b3">
         <path>E:\Program Files\TexasIns\bios_5_42_01_09\packages\ti\bios\lib\</path>
         <kind>archive</kind>
         <file>bios.a64P</file>
         <name>utl_putc.o64P</name>
      </input_file>
      <input_file id="fl-b4">
         <path>E:\Program Files\TexasIns\bios_5_42_01_09\packages\ti\bios\lib\</path>
         <kind>archive</kind>
         <file>bios.a64P</file>
         <name>utl_halt.o64P</name>
      </input_file>
      <input_file id="fl-b5">
         <path>E:\Program Files\TexasIns\bios_5_42_01_09\packages\ti\bios\lib\</path>
         <kind>archive</kind>
         <file>bios6424.a64P</file>
         <name>clk.o64P</name>
      </input_file>
      <input_file id="fl-b6">
         <path>E:\Program Files\TexasIns\bios_5_42_01_09\packages\ti\bios\lib\</path>
         <kind>archive</kind>
         <file>bios.a64P</file>
         <name>fxn.o64P</name>
      </input_file>
      <input_file id="fl-b7">
         <path>E:\Program Files\TexasIns\bios_5_42_01_09\packages\ti\bios\lib\</path>
         <kind>archive</kind>
         <file>bios.a64P</file>
         <name>boot.o64P</name>
      </input_file>
      <input_file id="fl-b8">
         <path>E:\Program Files\TexasIns\bios_5_42_01_09\packages\ti\bios\lib\</path>
         <kind>archive</kind>
         <file>bios.a64P</file>
         <name>trc.o64P</name>
      </input_file>
      <input_file id="fl-b9">
         <path>E:\Program Files\TexasIns\bios_5_42_01_09\packages\ti\bios\lib\</path>
         <kind>archive</kind>
         <file>bios.a64P</file>
         <name>hwi.o64P</name>
      </input_file>
      <input_file id="fl-ba">
         <path>E:\Program Files\TexasIns\bios_5_42_01_09\packages\ti\bios\lib\</path>
         <kind>archive</kind>
         <file>bios.a64P</file>
         <name>idl_busy.o64P</name>
      </input_file>
      <input_file id="fl-bb">
         <path>E:\Program Files\TexasIns\bios_5_42_01_09\packages\ti\bios\lib\</path>
         <kind>archive</kind>
         <file>bios6424.a64P</file>
         <name>idl_cal.o64P</name>
      </input_file>
      <input_file id="fl-bc">
         <path>E:\Program Files\TexasIns\bios_5_42_01_09\packages\ti\bios\lib\</path>
         <kind>archive</kind>
         <file>bios.a64P</file>
         <name>idl.o64P</name>
      </input_file>
      <input_file id="fl-bd">
         <path>E:\Program Files\TexasIns\bios_5_42_01_09\packages\ti\bios\lib\</path>
         <kind>archive</kind>
         <file>bios.a64P</file>
         <name>knl_swit.o64P</name>
      </input_file>
      <input_file id="fl-be">
         <path>E:\Program Files\TexasIns\bios_5_42_01_09\packages\ti\bios\lib\</path>
         <kind>archive</kind>
         <file>bios.a64P</file>
         <name>log.o64P</name>
      </input_file>
      <input_file id="fl-bf">
         <path>E:\Program Files\TexasIns\bios_5_42_01_09\packages\ti\bios\lib\</path>
         <kind>archive</kind>
         <file>bios.a64P</file>
         <name>pip.o64P</name>
      </input_file>
      <input_file id="fl-c0">
         <path>E:\Program Files\TexasIns\bios_5_42_01_09\packages\ti\bios\lib\</path>
         <kind>archive</kind>
         <file>bios.a64P</file>
         <name>prd.o64P</name>
      </input_file>
      <input_file id="fl-c1">
         <path>E:\Program Files\TexasIns\bios_5_42_01_09\packages\ti\bios\lib\</path>
         <kind>archive</kind>
         <file>bios.a64P</file>
         <name>rta.o64P</name>
      </input_file>
      <input_file id="fl-c2">
         <path>E:\Program Files\TexasIns\bios_5_42_01_09\packages\ti\bios\lib\</path>
         <kind>archive</kind>
         <file>bios.a64P</file>
         <name>rta_andn.o64P</name>
      </input_file>
      <input_file id="fl-c3">
         <path>E:\Program Files\TexasIns\bios_5_42_01_09\packages\ti\bios\lib\</path>
         <kind>archive</kind>
         <file>bios.a64P</file>
         <name>sts.o64P</name>
      </input_file>
      <input_file id="fl-c4">
         <path>E:\Program Files\TexasIns\bios_5_42_01_09\packages\ti\bios\lib\</path>
         <kind>archive</kind>
         <file>bios.a64P</file>
         <name>clk_data.o64P</name>
      </input_file>
      <input_file id="fl-c5">
         <path>E:\Program Files\TexasIns\bios_5_42_01_09\packages\ti\bios\lib\</path>
         <kind>archive</kind>
         <file>bios6424.a64P</file>
         <name>clk_enable64LcTimer.o64P</name>
      </input_file>
      <input_file id="fl-c6">
         <path>E:\Program Files\TexasIns\bios_5_42_01_09\packages\ti\bios\lib\</path>
         <kind>archive</kind>
         <file>bios.a64P</file>
         <name>clk_getltime.o64P</name>
      </input_file>
      <input_file id="fl-c7">
         <path>E:\Program Files\TexasIns\bios_5_42_01_09\packages\ti\bios\lib\</path>
         <kind>archive</kind>
         <file>bios.a64P</file>
         <name>clk_data2.o64P</name>
      </input_file>
      <input_file id="fl-c8">
         <path>E:\Program Files\TexasIns\bios_5_42_01_09\packages\ti\bios\lib\</path>
         <kind>archive</kind>
         <file>bios6424.a64P</file>
         <name>clk_data.o64P</name>
      </input_file>
      <input_file id="fl-c9">
         <path>E:\Program Files\TexasIns\bios_5_42_01_09\packages\ti\bios\lib\</path>
         <kind>archive</kind>
         <file>bios6424.a64P</file>
         <name>clk_meas.o64P</name>
      </input_file>
      <input_file id="fl-ca">
         <path>E:\Program Files\TexasIns\bios_5_42_01_09\packages\ti\bios\lib\</path>
         <kind>archive</kind>
         <file>bios.a64P</file>
         <name>exc_asm.o64P</name>
      </input_file>
      <input_file id="fl-cb">
         <path>E:\Program Files\TexasIns\bios_5_42_01_09\packages\ti\bios\lib\</path>
         <kind>archive</kind>
         <file>bios.a64P</file>
         <name>exc.o64P</name>
      </input_file>
      <input_file id="fl-cc">
         <path>E:\Program Files\TexasIns\bios_5_42_01_09\packages\ti\bios\lib\</path>
         <kind>archive</kind>
         <file>bios.a64P</file>
         <name>gbl_cacheinit64P.o64P</name>
      </input_file>
      <input_file id="fl-cd">
         <path>E:\Program Files\TexasIns\bios_5_42_01_09\packages\ti\bios\lib\</path>
         <kind>archive</kind>
         <file>bios6424.a64P</file>
         <name>bcache_init.o64P</name>
      </input_file>
      <input_file id="fl-ce">
         <path>E:\Program Files\TexasIns\bios_5_42_01_09\packages\ti\bios\lib\</path>
         <kind>archive</kind>
         <file>bios.a64P</file>
         <name>gbl_vers.o64P</name>
      </input_file>
      <input_file id="fl-cf">
         <path>E:\Program Files\TexasIns\bios_5_42_01_09\packages\ti\rtdx\lib\c6000\</path>
         <kind>archive</kind>
         <file>rtdx64xplus.lib</file>
         <name>rtdx_mon.o64P</name>
      </input_file>
      <input_file id="fl-d0">
         <path>E:\Program Files\TexasIns\bios_5_42_01_09\packages\ti\bios\lib\</path>
         <kind>archive</kind>
         <file>bios.a64P</file>
         <name>hwi_c.o64P</name>
      </input_file>
      <input_file id="fl-d1">
         <path>E:\Program Files\TexasIns\bios_5_42_01_09\packages\ti\bios\lib\</path>
         <kind>archive</kind>
         <file>bios.a64P</file>
         <name>knl.o64P</name>
      </input_file>
      <input_file id="fl-d2">
         <path>E:\Program Files\TexasIns\bios_5_42_01_09\packages\ti\bios\lib\</path>
         <kind>archive</kind>
         <file>bios.a64P</file>
         <name>knl_exit.o64P</name>
      </input_file>
      <input_file id="fl-d3">
         <path>E:\Program Files\TexasIns\bios_5_42_01_09\packages\ti\bios\lib\</path>
         <kind>archive</kind>
         <file>bios.a64P</file>
         <name>knl_chec.o64P</name>
      </input_file>
      <input_file id="fl-d4">
         <path>E:\Program Files\TexasIns\bios_5_42_01_09\packages\ti\bios\lib\</path>
         <kind>archive</kind>
         <file>bios.a64P</file>
         <name>knl_post.o64P</name>
      </input_file>
      <input_file id="fl-d5">
         <path>E:\Program Files\TexasIns\bios_5_42_01_09\packages\ti\bios\lib\</path>
         <kind>archive</kind>
         <file>bios.a64P</file>
         <name>knl_ipos.o64P</name>
      </input_file>
      <input_file id="fl-d6">
         <path>E:\Program Files\TexasIns\bios_5_42_01_09\packages\ti\bios\lib\</path>
         <kind>archive</kind>
         <file>bios.a64P</file>
         <name>knl_run.o64P</name>
      </input_file>
      <input_file id="fl-d7">
         <path>E:\Program Files\TexasIns\bios_5_42_01_09\packages\ti\bios\lib\</path>
         <kind>archive</kind>
         <file>bios.a64P</file>
         <name>log_printf.o64P</name>
      </input_file>
      <input_file id="fl-d8">
         <path>E:\Program Files\TexasIns\bios_5_42_01_09\packages\ti\bios\lib\</path>
         <kind>archive</kind>
         <file>bios.a64P</file>
         <name>mem_asm.o64P</name>
      </input_file>
      <input_file id="fl-d9">
         <path>E:\Program Files\TexasIns\bios_5_42_01_09\packages\ti\bios\lib\</path>
         <kind>archive</kind>
         <file>bios.a64P</file>
         <name>mem_init.o64P</name>
      </input_file>
      <input_file id="fl-da">
         <path>E:\Program Files\TexasIns\bios_5_42_01_09\packages\ti\bios\lib\</path>
         <kind>archive</kind>
         <file>bios.a64P</file>
         <name>obj_init.o64P</name>
      </input_file>
      <input_file id="fl-db">
         <path>E:\Program Files\TexasIns\bios_5_42_01_09\packages\ti\rtdx\lib\c6000\</path>
         <kind>archive</kind>
         <file>rtdx64xplus.lib</file>
         <name>buffer2.o64P</name>
      </input_file>
      <input_file id="fl-dc">
         <path>E:\Program Files\TexasIns\bios_5_42_01_09\packages\ti\rtdx\lib\c6000\</path>
         <kind>archive</kind>
         <file>rtdx64xplus.lib</file>
         <name>buffer1.o64P</name>
      </input_file>
      <input_file id="fl-dd">
         <path>E:\Program Files\TexasIns\bios_5_42_01_09\packages\ti\rtdx\lib\c6000\</path>
         <kind>archive</kind>
         <file>rtdx64xplus.lib</file>
         <name>intr_tgt.o64P</name>
      </input_file>
      <input_file id="fl-de">
         <path>E:\Program Files\TexasIns\bios_5_42_01_09\packages\ti\rtdx\lib\c6000\</path>
         <kind>archive</kind>
         <file>rtdx64xplus.lib</file>
         <name>memfill.o64P</name>
      </input_file>
      <input_file id="fl-df">
         <path>E:\Program Files\TexasIns\bios_5_42_01_09\packages\ti\bios\lib\</path>
         <kind>archive</kind>
         <file>bios.a64P</file>
         <name>sts_set.o64P</name>
      </input_file>
      <input_file id="fl-e0">
         <path>E:\Program Files\TexasIns\bios_5_42_01_09\packages\ti\bios\lib\</path>
         <kind>archive</kind>
         <file>bios.a64P</file>
         <name>sys_abor.o64P</name>
      </input_file>
      <input_file id="fl-e1">
         <path>E:\Program Files\TexasIns\bios_5_42_01_09\packages\ti\bios\lib\</path>
         <kind>archive</kind>
         <file>bios.a64P</file>
         <name>tsk.o64P</name>
      </input_file>
      <input_file id="fl-e2">
         <path>E:\Program Files\TexasIns\bios_5_42_01_09\packages\ti\bios\lib\</path>
         <kind>archive</kind>
         <file>bios.a64P</file>
         <name>tsk_exit.o64P</name>
      </input_file>
      <input_file id="fl-e3">
         <path>E:\Program Files\TexasIns\bios_5_42_01_09\packages\ti\bios\lib\</path>
         <kind>archive</kind>
         <file>bios.a64P</file>
         <name>sys_exit.o64P</name>
      </input_file>
      <input_file id="fl-e4">
         <path>E:\Program Files\TexasIns\bios_5_42_01_09\packages\ti\bios\lib\</path>
         <kind>archive</kind>
         <file>bios.a64P</file>
         <name>sys.o64P</name>
      </input_file>
      <input_file id="fl-e5">
         <path>E:\Program Files\TexasIns\bios_5_42_01_09\packages\ti\bios\lib\</path>
         <kind>archive</kind>
         <file>bios.a64P</file>
         <name>tsk_init.o64P</name>
      </input_file>
      <input_file id="fl-e6">
         <path>E:\Program Files\TexasIns\bios_5_42_01_09\packages\ti\bios\lib\</path>
         <kind>archive</kind>
         <file>bios.a64P</file>
         <name>tsk_setu.o64P</name>
      </input_file>
      <input_file id="fl-e7">
         <path>E:\Program Files\TexasIns\bios_5_42_01_09\packages\ti\bios\lib\</path>
         <kind>archive</kind>
         <file>bios.a64P</file>
         <name>tsk_stup.o64P</name>
      </input_file>
      <input_file id="fl-e8">
         <path>E:\Program Files\TexasIns\bios_5_42_01_09\packages\ti\bios\lib\</path>
         <kind>archive</kind>
         <file>bios.a64P</file>
         <name>lck.o64P</name>
      </input_file>
      <input_file id="fl-e9">
         <path>E:\Program Files\TexasIns\bios_5_42_01_09\packages\ti\bios\lib\</path>
         <kind>archive</kind>
         <file>bios.a64P</file>
         <name>sem_pend_counting.o64P</name>
      </input_file>
      <input_file id="fl-ea">
         <path>E:\Program Files\TexasIns\bios_5_42_01_09\packages\ti\bios\lib\</path>
         <kind>archive</kind>
         <file>bios.a64P</file>
         <name>sem_pend.o64P</name>
      </input_file>
      <input_file id="fl-eb">
         <path>E:\Program Files\TexasIns\bios_5_42_01_09\packages\ti\bios\lib\</path>
         <kind>archive</kind>
         <file>bios.a64P</file>
         <name>sem_post_asm.o64P</name>
      </input_file>
      <input_file id="fl-ec">
         <path>E:\Program Files\TexasIns\bios_5_42_01_09\packages\ti\bios\lib\</path>
         <kind>archive</kind>
         <file>bios.a64P</file>
         <name>sem_post.o64P</name>
      </input_file>
      <input_file id="fl-ed">
         <path>E:\Program Files\TexasIns\bios_5_42_01_09\packages\ti\bios\lib\</path>
         <kind>archive</kind>
         <file>bios.a64P</file>
         <name>sem_dopo.o64P</name>
      </input_file>
      <input_file id="fl-ee">
         <path>E:\Program Files\TexasIns\ccsv5\tools\compiler\c6000_7.4.23\lib\</path>
         <kind>archive</kind>
         <file>rts64plus.lib</file>
         <name>addd.obj</name>
      </input_file>
      <input_file id="fl-ef">
         <path>E:\Program Files\TexasIns\ccsv5\tools\compiler\c6000_7.4.23\lib\</path>
         <kind>archive</kind>
         <file>rts64plus.lib</file>
         <name>addf.obj</name>
      </input_file>
      <input_file id="fl-f0">
         <path>E:\Program Files\TexasIns\bios_5_42_01_09\packages\ti\bios\lib\</path>
         <kind>archive</kind>
         <file>bios.a64P</file>
         <name>autoinit.o64P</name>
      </input_file>
      <input_file id="fl-f1">
         <path>E:\Program Files\TexasIns\ccsv5\tools\compiler\c6000_7.4.23\lib\</path>
         <kind>archive</kind>
         <file>rts64plus.lib</file>
         <name>cmpd.obj</name>
      </input_file>
      <input_file id="fl-f2">
         <path>E:\Program Files\TexasIns\ccsv5\tools\compiler\c6000_7.4.23\lib\</path>
         <kind>archive</kind>
         <file>rts64plus.lib</file>
         <name>cmpf.obj</name>
      </input_file>
      <input_file id="fl-f3">
         <path>E:\Program Files\TexasIns\ccsv5\tools\compiler\c6000_7.4.23\lib\</path>
         <kind>archive</kind>
         <file>rts64plus.lib</file>
         <name>cvtdf.obj</name>
      </input_file>
      <input_file id="fl-f4">
         <path>E:\Program Files\TexasIns\ccsv5\tools\compiler\c6000_7.4.23\lib\</path>
         <kind>archive</kind>
         <file>rts64plus.lib</file>
         <name>cvtfd.obj</name>
      </input_file>
      <input_file id="fl-f5">
         <path>E:\Program Files\TexasIns\ccsv5\tools\compiler\c6000_7.4.23\lib\</path>
         <kind>archive</kind>
         <file>rts64plus.lib</file>
         <name>divd.obj</name>
      </input_file>
      <input_file id="fl-f6">
         <path>E:\Program Files\TexasIns\ccsv5\tools\compiler\c6000_7.4.23\lib\</path>
         <kind>archive</kind>
         <file>rts64plus.lib</file>
         <name>divf.obj</name>
      </input_file>
      <input_file id="fl-f7">
         <path>E:\Program Files\TexasIns\ccsv5\tools\compiler\c6000_7.4.23\lib\</path>
         <kind>archive</kind>
         <file>rts64plus.lib</file>
         <name>divu.obj</name>
      </input_file>
      <input_file id="fl-f8">
         <path>E:\Program Files\TexasIns\ccsv5\tools\compiler\c6000_7.4.23\lib\</path>
         <kind>archive</kind>
         <file>rts64plus.lib</file>
         <name>fixdi.obj</name>
      </input_file>
      <input_file id="fl-f9">
         <path>E:\Program Files\TexasIns\ccsv5\tools\compiler\c6000_7.4.23\lib\</path>
         <kind>archive</kind>
         <file>rts64plus.lib</file>
         <name>fltid.obj</name>
      </input_file>
      <input_file id="fl-fa">
         <path>E:\Program Files\TexasIns\ccsv5\tools\compiler\c6000_7.4.23\lib\</path>
         <kind>archive</kind>
         <file>rts64plus.lib</file>
         <name>fltif.obj</name>
      </input_file>
      <input_file id="fl-fb">
         <path>E:\Program Files\TexasIns\ccsv5\tools\compiler\c6000_7.4.23\lib\</path>
         <kind>archive</kind>
         <file>rts64plus.lib</file>
         <name>frcaddd.obj</name>
      </input_file>
      <input_file id="fl-fc">
         <path>E:\Program Files\TexasIns\ccsv5\tools\compiler\c6000_7.4.23\lib\</path>
         <kind>archive</kind>
         <file>rts64plus.lib</file>
         <name>frcmpyd_div.obj</name>
      </input_file>
      <input_file id="fl-fd">
         <path>E:\Program Files\TexasIns\ccsv5\tools\compiler\c6000_7.4.23\lib\</path>
         <kind>archive</kind>
         <file>rts64plus.lib</file>
         <name>frcmpyf_div.obj</name>
      </input_file>
      <input_file id="fl-fe">
         <path>E:\Program Files\TexasIns\ccsv5\tools\compiler\c6000_7.4.23\lib\</path>
         <kind>archive</kind>
         <file>rts64plus.lib</file>
         <name>mpyd.obj</name>
      </input_file>
      <input_file id="fl-ff">
         <path>E:\Program Files\TexasIns\ccsv5\tools\compiler\c6000_7.4.23\lib\</path>
         <kind>archive</kind>
         <file>rts64plus.lib</file>
         <name>frcmpyd.obj</name>
      </input_file>
      <input_file id="fl-100">
         <path>E:\Program Files\TexasIns\ccsv5\tools\compiler\c6000_7.4.23\lib\</path>
         <kind>archive</kind>
         <file>rts64plus.lib</file>
         <name>mpyf.obj</name>
      </input_file>
      <input_file id="fl-101">
         <path>E:\Program Files\TexasIns\ccsv5\tools\compiler\c6000_7.4.23\lib\</path>
         <kind>archive</kind>
         <file>rts64plus.lib</file>
         <name>frcmpyf.obj</name>
      </input_file>
      <input_file id="fl-102">
         <path>E:\Program Files\TexasIns\ccsv5\tools\compiler\c6000_7.4.23\lib\</path>
         <kind>archive</kind>
         <file>rts64plus.lib</file>
         <name>_lock.obj</name>
      </input_file>
      <input_file id="fl-103">
         <path>E:\Program Files\TexasIns\ccsv5\tools\compiler\c6000_7.4.23\lib\</path>
         <kind>archive</kind>
         <file>rts64plus.lib</file>
         <name>remi.obj</name>
      </input_file>
      <input_file id="fl-104">
         <path>E:\Program Files\TexasIns\ccsv5\tools\compiler\c6000_7.4.23\lib\</path>
         <kind>archive</kind>
         <file>rts64plus.lib</file>
         <name>renormd.obj</name>
      </input_file>
      <input_file id="fl-105">
         <path>E:\Program Files\TexasIns\ccsv5\tools\compiler\c6000_7.4.23\lib\</path>
         <kind>archive</kind>
         <file>rts64plus.lib</file>
         <name>subf.obj</name>
      </input_file>
      <input_file id="fl-106">
         <path>E:\Program Files\TexasIns\ccsv5\tools\compiler\c6000_7.4.23\lib\</path>
         <kind>archive</kind>
         <file>rts64plus.lib</file>
         <name>atan.obj</name>
      </input_file>
      <input_file id="fl-107">
         <path>E:\Program Files\TexasIns\ccsv5\tools\compiler\c6000_7.4.23\lib\</path>
         <kind>archive</kind>
         <file>rts64plus.lib</file>
         <name>negd.obj</name>
      </input_file>
      <input_file id="fl-108">
         <path>E:\Program Files\TexasIns\ccsv5\tools\compiler\c6000_7.4.23\lib\</path>
         <kind>archive</kind>
         <file>rts64plus.lib</file>
         <name>subd.obj</name>
      </input_file>
      <input_file id="fl-109">
         <path>E:\Program Files\TexasIns\ccsv5\tools\compiler\c6000_7.4.23\lib\</path>
         <kind>archive</kind>
         <file>rts64plus.lib</file>
         <name>atexit.obj</name>
      </input_file>
      <input_file id="fl-10a">
         <path>E:\Program Files\TexasIns\ccsv5\tools\compiler\c6000_7.4.23\lib\</path>
         <kind>archive</kind>
         <file>rts64plus.lib</file>
         <name>sinit.obj</name>
      </input_file>
      <input_file id="fl-10b">
         <path>E:\Program Files\TexasIns\ccsv5\tools\compiler\c6000_7.4.23\lib\</path>
         <kind>archive</kind>
         <file>rts64plus.lib</file>
         <name>exit.obj</name>
      </input_file>
      <input_file id="fl-10c">
         <path>E:\Program Files\TexasIns\ccsv5\tools\compiler\c6000_7.4.23\lib\</path>
         <kind>archive</kind>
         <file>rts64plus.lib</file>
         <name>cos.obj</name>
      </input_file>
      <input_file id="fl-10d">
         <path>E:\Program Files\TexasIns\ccsv5\tools\compiler\c6000_7.4.23\lib\</path>
         <kind>archive</kind>
         <file>rts64plus.lib</file>
         <name>round.obj</name>
      </input_file>
      <input_file id="fl-10e">
         <path>E:\Program Files\TexasIns\ccsv5\tools\compiler\c6000_7.4.23\lib\</path>
         <kind>archive</kind>
         <file>rts64plus.lib</file>
         <name>trunc.obj</name>
      </input_file>
      <input_file id="fl-10f">
         <path>E:\Program Files\TexasIns\ccsv5\tools\compiler\c6000_7.4.23\lib\</path>
         <kind>archive</kind>
         <file>rts64plus.lib</file>
         <name>exp.obj</name>
      </input_file>
      <input_file id="fl-110">
         <path>E:\Program Files\TexasIns\ccsv5\tools\compiler\c6000_7.4.23\lib\</path>
         <kind>archive</kind>
         <file>rts64plus.lib</file>
         <name>errno.obj</name>
      </input_file>
      <input_file id="fl-111">
         <path>E:\Program Files\TexasIns\ccsv5\tools\compiler\c6000_7.4.23\lib\</path>
         <kind>archive</kind>
         <file>rts64plus.lib</file>
         <name>floor.obj</name>
      </input_file>
      <input_file id="fl-112">
         <path>E:\Program Files\TexasIns\ccsv5\tools\compiler\c6000_7.4.23\lib\</path>
         <kind>archive</kind>
         <file>rts64plus.lib</file>
         <name>ldexp.obj</name>
      </input_file>
      <input_file id="fl-113">
         <path>E:\Program Files\TexasIns\ccsv5\tools\compiler\c6000_7.4.23\lib\</path>
         <kind>archive</kind>
         <file>rts64plus.lib</file>
         <name>memcpy64.obj</name>
      </input_file>
      <input_file id="fl-114">
         <path>E:\Program Files\TexasIns\ccsv5\tools\compiler\c6000_7.4.23\lib\</path>
         <kind>archive</kind>
         <file>rts64plus.lib</file>
         <name>modf.obj</name>
      </input_file>
      <input_file id="fl-115">
         <path>E:\Program Files\TexasIns\ccsv5\tools\compiler\c6000_7.4.23\lib\</path>
         <kind>archive</kind>
         <file>rts64plus.lib</file>
         <name>pow.obj</name>
      </input_file>
      <input_file id="fl-116">
         <path>E:\Program Files\TexasIns\ccsv5\tools\compiler\c6000_7.4.23\lib\</path>
         <kind>archive</kind>
         <file>rts64plus.lib</file>
         <name>frexp.obj</name>
      </input_file>
      <input_file id="fl-117">
         <path>E:\Program Files\TexasIns\ccsv5\tools\compiler\c6000_7.4.23\lib\</path>
         <kind>archive</kind>
         <file>rts64plus.lib</file>
         <name>sin.obj</name>
      </input_file>
      <input_file id="fl-118">
         <path>E:\Program Files\TexasIns\ccsv5\tools\compiler\c6000_7.4.23\lib\</path>
         <kind>archive</kind>
         <file>rts64plus.lib</file>
         <name>sqrt.obj</name>
      </input_file>
   </input_file_list>
   <object_component_list>
      <object_component id="oc-105">
         <name>.vers</name>
         <load_address>0x0</load_address>
         <run_address>0x0</run_address>
         <size>0x3c</size>
         <input_file_ref idref="fl-2c"/>
      </object_component>
      <object_component id="oc-f4">
         <name>.clk</name>
         <uninitialized>true</uninitialized>
         <run_address>0x10818ff8</run_address>
         <size>0x8</size>
         <input_file_ref idref="fl-2c"/>
      </object_component>
      <object_component id="oc-fa">
         <name>.swi</name>
         <uninitialized>true</uninitialized>
         <run_address>0x1081cd60</run_address>
         <size>0x58</size>
         <input_file_ref idref="fl-2c"/>
      </object_component>
      <object_component id="oc-fd">
         <name>.tsk</name>
         <uninitialized>true</uninitialized>
         <run_address>0x1081cd00</run_address>
         <size>0x60</size>
         <input_file_ref idref="fl-2c"/>
      </object_component>
      <object_component id="oc-100">
         <name>.idl</name>
         <uninitialized>true</uninitialized>
         <run_address>0x1081b5e0</run_address>
         <size>0x10</size>
         <input_file_ref idref="fl-2c"/>
      </object_component>
      <object_component id="oc-ff">
         <name>.idlcal</name>
         <uninitialized>true</uninitialized>
         <run_address>0x1081b5f0</run_address>
         <size>0x10</size>
         <input_file_ref idref="fl-2c"/>
      </object_component>
      <object_component id="oc-44">
         <name>.bss</name>
         <uninitialized>true</uninitialized>
         <run_address>0x1081c5e0</run_address>
         <size>0x28</size>
         <input_file_ref idref="fl-2c"/>
      </object_component>
      <object_component id="oc-52">
         <name>.bss</name>
         <uninitialized>true</uninitialized>
         <run_address>0x1081c6f0</run_address>
         <size>0x4</size>
         <input_file_ref idref="fl-b"/>
      </object_component>
      <object_component id="oc-5c">
         <name>.bss</name>
         <uninitialized>true</uninitialized>
         <run_address>0x1081c6b8</run_address>
         <size>0xc</size>
         <input_file_ref idref="fl-d"/>
      </object_component>
      <object_component id="oc-63">
         <name>.bss</name>
         <uninitialized>true</uninitialized>
         <run_address>0x1081c6ec</run_address>
         <size>0x4</size>
         <input_file_ref idref="fl-e"/>
      </object_component>
      <object_component id="oc-72">
         <name>.bss</name>
         <uninitialized>true</uninitialized>
         <run_address>0x1081c6e8</run_address>
         <size>0x4</size>
         <input_file_ref idref="fl-11"/>
      </object_component>
      <object_component id="oc-7e">
         <name>.bss</name>
         <uninitialized>true</uninitialized>
         <run_address>0x1081c6e4</run_address>
         <size>0x4</size>
         <input_file_ref idref="fl-13"/>
      </object_component>
      <object_component id="oc-88">
         <name>.bss</name>
         <uninitialized>true</uninitialized>
         <run_address>0x1081c67c</run_address>
         <size>0x10</size>
         <input_file_ref idref="fl-15"/>
      </object_component>
      <object_component id="oc-8f">
         <name>.bss</name>
         <uninitialized>true</uninitialized>
         <run_address>0x1081c6e0</run_address>
         <size>0x4</size>
         <input_file_ref idref="fl-16"/>
      </object_component>
      <object_component id="oc-d5">
         <name>.bss</name>
         <uninitialized>true</uninitialized>
         <run_address>0x1081c658</run_address>
         <size>0x14</size>
         <input_file_ref idref="fl-27"/>
      </object_component>
      <object_component id="oc-e5">
         <name>.bss</name>
         <uninitialized>true</uninitialized>
         <run_address>0x1081c5a8</run_address>
         <size>0x36</size>
         <input_file_ref idref="fl-2a"/>
      </object_component>
      <object_component id="oc-109">
         <name>.bss</name>
         <uninitialized>true</uninitialized>
         <run_address>0x1081c3f8</run_address>
         <size>0xcc</size>
         <input_file_ref idref="fl-a9"/>
      </object_component>
      <object_component id="oc-10b">
         <name>.bss</name>
         <uninitialized>true</uninitialized>
         <run_address>0x1081c2f8</run_address>
         <size>0x100</size>
         <input_file_ref idref="fl-aa"/>
      </object_component>
      <object_component id="oc-112">
         <name>.bss</name>
         <uninitialized>true</uninitialized>
         <run_address>0x1081c640</run_address>
         <size>0x18</size>
         <input_file_ref idref="fl-ac"/>
      </object_component>
      <object_component id="oc-118">
         <name>.bss</name>
         <uninitialized>true</uninitialized>
         <run_address>0x1081c4c4</run_address>
         <size>0x9c</size>
         <input_file_ref idref="fl-ad"/>
      </object_component>
      <object_component id="oc-146">
         <name>.bss</name>
         <uninitialized>true</uninitialized>
         <run_address>0x1081c628</run_address>
         <size>0x18</size>
         <input_file_ref idref="fl-b9"/>
      </object_component>
      <object_component id="oc-148">
         <name>.bss</name>
         <uninitialized>true</uninitialized>
         <run_address>0x1081c6d8</run_address>
         <size>0x4</size>
         <input_file_ref idref="fl-ba"/>
      </object_component>
      <object_component id="oc-174">
         <name>.bss</name>
         <uninitialized>true</uninitialized>
         <run_address>0x1081c6c4</run_address>
         <size>0x8</size>
         <input_file_ref idref="fl-c4"/>
      </object_component>
      <object_component id="oc-17f">
         <name>.bss</name>
         <uninitialized>true</uninitialized>
         <run_address>0x1081c6d4</run_address>
         <size>0x4</size>
         <input_file_ref idref="fl-c7"/>
      </object_component>
      <object_component id="oc-189">
         <name>.bss</name>
         <uninitialized>true</uninitialized>
         <run_address>0x1081c608</run_address>
         <size>0x20</size>
         <input_file_ref idref="fl-ca"/>
      </object_component>
      <object_component id="oc-18f">
         <name>.bss</name>
         <uninitialized>true</uninitialized>
         <run_address>0x1081c66c</run_address>
         <size>0x10</size>
         <input_file_ref idref="fl-cb"/>
      </object_component>
      <object_component id="oc-1a3">
         <name>.bss</name>
         <uninitialized>true</uninitialized>
         <run_address>0x1081c69c</run_address>
         <size>0x10</size>
         <input_file_ref idref="fl-cf"/>
      </object_component>
      <object_component id="oc-1af">
         <name>.bss</name>
         <uninitialized>true</uninitialized>
         <run_address>0x1081c560</run_address>
         <size>0x48</size>
         <input_file_ref idref="fl-d1"/>
      </object_component>
      <object_component id="oc-1cc">
         <name>.bss</name>
         <uninitialized>true</uninitialized>
         <run_address>0x1081c6dc</run_address>
         <size>0x4</size>
         <input_file_ref idref="fl-d8"/>
      </object_component>
      <object_component id="oc-1da">
         <name>.bss</name>
         <uninitialized>true</uninitialized>
         <run_address>0x1081c68c</run_address>
         <size>0x10</size>
         <input_file_ref idref="fl-dc"/>
      </object_component>
      <object_component id="oc-1f0">
         <name>.bss</name>
         <uninitialized>true</uninitialized>
         <run_address>0x1081c6ac</run_address>
         <size>0xc</size>
         <input_file_ref idref="fl-e1"/>
      </object_component>
      <object_component id="oc-1fe">
         <name>.bss</name>
         <uninitialized>true</uninitialized>
         <run_address>0x1081c6cc</run_address>
         <size>0x8</size>
         <input_file_ref idref="fl-e4"/>
      </object_component>
      <object_component id="oc-f9">
         <name>.hwi_vec</name>
         <load_address>0x1081c800</load_address>
         <run_address>0x1081c800</run_address>
         <size>0x200</size>
         <input_file_ref idref="fl-2c"/>
      </object_component>
      <object_component id="oc-4e">
         <name>.far</name>
         <uninitialized>true</uninitialized>
         <run_address>0x108139c0</run_address>
         <size>0x8</size>
         <input_file_ref idref="fl-a"/>
      </object_component>
      <object_component id="oc-5f">
         <name>.far</name>
         <uninitialized>true</uninitialized>
         <run_address>0x108133b8</run_address>
         <size>0x140</size>
         <input_file_ref idref="fl-d"/>
      </object_component>
      <object_component id="oc-66">
         <name>.far</name>
         <uninitialized>true</uninitialized>
         <run_address>0x10813948</run_address>
         <size>0x18</size>
         <input_file_ref idref="fl-e"/>
      </object_component>
      <object_component id="oc-7a">
         <name>.far</name>
         <uninitialized>true</uninitialized>
         <run_address>0x10813928</run_address>
         <size>0x20</size>
         <input_file_ref idref="fl-12"/>
      </object_component>
      <object_component id="oc-8b">
         <name>.far</name>
         <uninitialized>true</uninitialized>
         <run_address>0x108139a8</run_address>
         <size>0xc</size>
         <input_file_ref idref="fl-15"/>
      </object_component>
      <object_component id="oc-dd">
         <name>.far</name>
         <uninitialized>true</uninitialized>
         <run_address>0x10813238</run_address>
         <size>0x180</size>
         <input_file_ref idref="fl-28"/>
      </object_component>
      <object_component id="oc-e1">
         <name>.far</name>
         <uninitialized>true</uninitialized>
         <run_address>0x10812ee0</run_address>
         <size>0x1d0</size>
         <input_file_ref idref="fl-29"/>
      </object_component>
      <object_component id="oc-e8">
         <name>.far</name>
         <uninitialized>true</uninitialized>
         <run_address>0x1080e5e0</run_address>
         <size>0x4900</size>
         <input_file_ref idref="fl-2a"/>
      </object_component>
      <object_component id="oc-125">
         <name>.far</name>
         <uninitialized>true</uninitialized>
         <run_address>0x10813988</run_address>
         <size>0x10</size>
         <input_file_ref idref="fl-b0"/>
      </object_component>
      <object_component id="oc-132">
         <name>.far</name>
         <uninitialized>true</uninitialized>
         <run_address>0x10813998</run_address>
         <size>0xc</size>
         <input_file_ref idref="fl-b3"/>
      </object_component>
      <object_component id="oc-183">
         <name>.far</name>
         <uninitialized>true</uninitialized>
         <run_address>0x108137ac</run_address>
         <size>0x4</size>
         <input_file_ref idref="fl-c8"/>
      </object_component>
      <object_component id="oc-192">
         <name>.far</name>
         <uninitialized>true</uninitialized>
         <run_address>0x10813978</run_address>
         <size>0x10</size>
         <input_file_ref idref="fl-cb"/>
      </object_component>
      <object_component id="oc-1a7">
         <name>.far</name>
         <uninitialized>true</uninitialized>
         <run_address>0x10813960</run_address>
         <size>0x18</size>
         <input_file_ref idref="fl-cf"/>
      </object_component>
      <object_component id="oc-1b2">
         <name>.far</name>
         <uninitialized>true</uninitialized>
         <run_address>0x10813618</run_address>
         <size>0xd8</size>
         <input_file_ref idref="fl-d1"/>
      </object_component>
      <object_component id="oc-1d3">
         <name>.far</name>
         <uninitialized>true</uninitialized>
         <run_address>0x108137b0</run_address>
         <size>0x54</size>
         <input_file_ref idref="fl-da"/>
      </object_component>
      <object_component id="oc-1f3">
         <name>.far</name>
         <uninitialized>true</uninitialized>
         <run_address>0x10813750</run_address>
         <size>0x5c</size>
         <input_file_ref idref="fl-e1"/>
      </object_component>
      <object_component id="oc-201">
         <name>.far</name>
         <uninitialized>true</uninitialized>
         <run_address>0x10813908</run_address>
         <size>0x20</size>
         <input_file_ref idref="fl-e4"/>
      </object_component>
      <object_component id="oc-20e">
         <name>.far</name>
         <uninitialized>true</uninitialized>
         <run_address>0x10813804</run_address>
         <size>0x50</size>
         <input_file_ref idref="fl-e7"/>
      </object_component>
      <object_component id="oc-26a">
         <name>.far</name>
         <uninitialized>true</uninitialized>
         <run_address>0x108139c8</run_address>
         <size>0x8</size>
         <input_file_ref idref="fl-102"/>
      </object_component>
      <object_component id="oc-278">
         <name>.far</name>
         <uninitialized>true</uninitialized>
         <run_address>0x108136f0</run_address>
         <size>0x60</size>
         <input_file_ref idref="fl-106"/>
      </object_component>
      <object_component id="oc-283">
         <name>.far</name>
         <uninitialized>true</uninitialized>
         <run_address>0x108130b0</run_address>
         <size>0x188</size>
         <input_file_ref idref="fl-109"/>
      </object_component>
      <object_component id="oc-288">
         <name>.far</name>
         <uninitialized>true</uninitialized>
         <run_address>0x108139a4</run_address>
         <size>0x4</size>
         <input_file_ref idref="fl-10a"/>
      </object_component>
      <object_component id="oc-28d">
         <name>.far</name>
         <uninitialized>true</uninitialized>
         <run_address>0x108139b4</run_address>
         <size>0xc</size>
         <input_file_ref idref="fl-10b"/>
      </object_component>
      <object_component id="oc-292">
         <name>.far</name>
         <uninitialized>true</uninitialized>
         <run_address>0x10813858</run_address>
         <size>0x40</size>
         <input_file_ref idref="fl-10c"/>
      </object_component>
      <object_component id="oc-29d">
         <name>.far</name>
         <uninitialized>true</uninitialized>
         <run_address>0x108138d8</run_address>
         <size>0x30</size>
         <input_file_ref idref="fl-10f"/>
      </object_component>
      <object_component id="oc-2a2">
         <name>.far</name>
         <uninitialized>true</uninitialized>
         <run_address>0x10813854</run_address>
         <size>0x4</size>
         <input_file_ref idref="fl-110"/>
      </object_component>
      <object_component id="oc-2b2">
         <name>.far</name>
         <uninitialized>true</uninitialized>
         <run_address>0x108134f8</run_address>
         <size>0x120</size>
         <input_file_ref idref="fl-115"/>
      </object_component>
      <object_component id="oc-2ba">
         <name>.far</name>
         <uninitialized>true</uninitialized>
         <run_address>0x10813898</run_address>
         <size>0x40</size>
         <input_file_ref idref="fl-117"/>
      </object_component>
      <object_component id="oc-f0">
         <name>.mem</name>
         <uninitialized>true</uninitialized>
         <run_address>0x1081baf4</run_address>
         <size>0x4</size>
         <input_file_ref idref="fl-2c"/>
      </object_component>
      <object_component id="oc-114">
         <name>.bios</name>
         <load_address>0x108139e0</load_address>
         <run_address>0x108139e0</run_address>
         <size>0x5c0</size>
         <input_file_ref idref="fl-ac"/>
      </object_component>
      <object_component id="oc-193">
         <name>.bios</name>
         <load_address>0x10813fa0</load_address>
         <run_address>0x10813fa0</run_address>
         <size>0x520</size>
         <input_file_ref idref="fl-cb"/>
      </object_component>
      <object_component id="oc-45">
         <name>.bios</name>
         <load_address>0x108144c0</load_address>
         <run_address>0x108144c0</run_address>
         <size>0x4e0</size>
         <input_file_ref idref="fl-aa"/>
      </object_component>
      <object_component id="oc-43">
         <name>.bios</name>
         <load_address>0x108149a0</load_address>
         <run_address>0x108149a0</run_address>
         <size>0x4c0</size>
         <input_file_ref idref="fl-ad"/>
      </object_component>
      <object_component id="oc-163">
         <name>.bios</name>
         <load_address>0x10814e60</load_address>
         <run_address>0x10814e60</run_address>
         <size>0x380</size>
         <input_file_ref idref="fl-c0"/>
      </object_component>
      <object_component id="oc-168">
         <name>.bios</name>
         <load_address>0x108151e0</load_address>
         <run_address>0x108151e0</run_address>
         <size>0x280</size>
         <input_file_ref idref="fl-c1"/>
      </object_component>
      <object_component id="oc-1c5">
         <name>.bios</name>
         <load_address>0x10815460</load_address>
         <run_address>0x10815460</run_address>
         <size>0x240</size>
         <input_file_ref idref="fl-d6"/>
      </object_component>
      <object_component id="oc-21c">
         <name>.bios</name>
         <load_address>0x108156a0</load_address>
         <run_address>0x108156a0</run_address>
         <size>0x200</size>
         <input_file_ref idref="fl-ea"/>
      </object_component>
      <object_component id="oc-18b">
         <name>.bios</name>
         <load_address>0x108158a0</load_address>
         <run_address>0x108158a0</run_address>
         <size>0x1e0</size>
         <input_file_ref idref="fl-ca"/>
      </object_component>
      <object_component id="oc-48">
         <name>.bios</name>
         <load_address>0x10815a80</load_address>
         <run_address>0x10815a80</run_address>
         <size>0x1e0</size>
         <input_file_ref idref="fl-b0"/>
      </object_component>
      <object_component id="oc-15f">
         <name>.bios</name>
         <load_address>0x10815c60</load_address>
         <run_address>0x10815c60</run_address>
         <size>0x1e0</size>
         <input_file_ref idref="fl-bf"/>
      </object_component>
      <object_component id="oc-228">
         <name>.bios</name>
         <load_address>0x10815e40</load_address>
         <run_address>0x10815e40</run_address>
         <size>0x1c0</size>
         <input_file_ref idref="fl-ed"/>
      </object_component>
      <object_component id="oc-208">
         <name>.bios</name>
         <load_address>0x10816000</load_address>
         <run_address>0x10816000</run_address>
         <size>0x1a0</size>
         <input_file_ref idref="fl-e6"/>
      </object_component>
      <object_component id="oc-138">
         <name>.bios</name>
         <load_address>0x108161a0</load_address>
         <run_address>0x108161a0</run_address>
         <size>0x1a0</size>
         <input_file_ref idref="fl-b5"/>
      </object_component>
      <object_component id="oc-157">
         <name>.bios</name>
         <load_address>0x10816340</load_address>
         <run_address>0x10816340</run_address>
         <size>0x180</size>
         <input_file_ref idref="fl-bd"/>
      </object_component>
      <object_component id="oc-232">
         <name>.bios</name>
         <load_address>0x108164c0</load_address>
         <run_address>0x108164c0</run_address>
         <size>0x140</size>
         <input_file_ref idref="fl-f0"/>
      </object_component>
      <object_component id="oc-1f7">
         <name>.bios</name>
         <load_address>0x10816600</load_address>
         <run_address>0x10816600</run_address>
         <size>0x140</size>
         <input_file_ref idref="fl-e2"/>
      </object_component>
      <object_component id="oc-19c">
         <name>.bios</name>
         <load_address>0x10816740</load_address>
         <run_address>0x10816740</run_address>
         <size>0x140</size>
         <input_file_ref idref="fl-cd"/>
      </object_component>
      <object_component id="oc-198">
         <name>.bios</name>
         <load_address>0x10816880</load_address>
         <run_address>0x10816880</run_address>
         <size>0x120</size>
         <input_file_ref idref="fl-cc"/>
      </object_component>
      <object_component id="oc-1b8">
         <name>.bios</name>
         <load_address>0x108169a0</load_address>
         <run_address>0x108169a0</run_address>
         <size>0x120</size>
         <input_file_ref idref="fl-d3"/>
      </object_component>
      <object_component id="oc-20f">
         <name>.bios</name>
         <load_address>0x10816ac0</load_address>
         <run_address>0x10816ac0</run_address>
         <size>0x120</size>
         <input_file_ref idref="fl-e7"/>
      </object_component>
      <object_component id="oc-21f">
         <name>.bios</name>
         <load_address>0x10816be0</load_address>
         <run_address>0x10816be0</run_address>
         <size>0xe0</size>
         <input_file_ref idref="fl-eb"/>
      </object_component>
      <object_component id="oc-1b5">
         <name>.bios</name>
         <load_address>0x10816cc0</load_address>
         <run_address>0x10816cc0</run_address>
         <size>0xc0</size>
         <input_file_ref idref="fl-d2"/>
      </object_component>
      <object_component id="oc-224">
         <name>.bios</name>
         <load_address>0x10816d80</load_address>
         <run_address>0x10816d80</run_address>
         <size>0xa0</size>
         <input_file_ref idref="fl-ec"/>
      </object_component>
      <object_component id="oc-1fb">
         <name>.bios</name>
         <load_address>0x10816e20</load_address>
         <run_address>0x10816e20</run_address>
         <size>0xa0</size>
         <input_file_ref idref="fl-e3"/>
      </object_component>
      <object_component id="oc-1c1">
         <name>.bios</name>
         <load_address>0x10816ec0</load_address>
         <run_address>0x10816ec0</run_address>
         <size>0x80</size>
         <input_file_ref idref="fl-d5"/>
      </object_component>
      <object_component id="oc-1bd">
         <name>.bios</name>
         <load_address>0x10816f40</load_address>
         <run_address>0x10816f40</run_address>
         <size>0x80</size>
         <input_file_ref idref="fl-d4"/>
      </object_component>
      <object_component id="oc-214">
         <name>.bios</name>
         <load_address>0x10816fc0</load_address>
         <run_address>0x10816fc0</run_address>
         <size>0x80</size>
         <input_file_ref idref="fl-e8"/>
      </object_component>
      <object_component id="oc-15b">
         <name>.bios</name>
         <load_address>0x10817040</load_address>
         <run_address>0x10817040</run_address>
         <size>0x80</size>
         <input_file_ref idref="fl-be"/>
      </object_component>
      <object_component id="oc-14e">
         <name>.bios</name>
         <load_address>0x108170c0</load_address>
         <run_address>0x108170c0</run_address>
         <size>0x80</size>
         <input_file_ref idref="fl-bb"/>
      </object_component>
      <object_component id="oc-13c">
         <name>.bios</name>
         <load_address>0x10817140</load_address>
         <run_address>0x10817140</run_address>
         <size>0x60</size>
         <input_file_ref idref="fl-b6"/>
      </object_component>
      <object_component id="oc-1ab">
         <name>.bios</name>
         <load_address>0x108171a0</load_address>
         <run_address>0x108171a0</run_address>
         <size>0x60</size>
         <input_file_ref idref="fl-d0"/>
      </object_component>
      <object_component id="oc-14a">
         <name>.bios</name>
         <load_address>0x10817200</load_address>
         <run_address>0x10817200</run_address>
         <size>0x60</size>
         <input_file_ref idref="fl-ba"/>
      </object_component>
      <object_component id="oc-217">
         <name>.bios</name>
         <load_address>0x10817260</load_address>
         <run_address>0x10817260</run_address>
         <size>0x60</size>
         <input_file_ref idref="fl-e9"/>
      </object_component>
      <object_component id="oc-170">
         <name>.bios</name>
         <load_address>0x108172c0</load_address>
         <run_address>0x108172c0</run_address>
         <size>0x60</size>
         <input_file_ref idref="fl-c3"/>
      </object_component>
      <object_component id="oc-1ed">
         <name>.bios</name>
         <load_address>0x10817320</load_address>
         <run_address>0x10817320</run_address>
         <size>0x60</size>
         <input_file_ref idref="fl-e0"/>
      </object_component>
      <object_component id="oc-47">
         <name>.bios</name>
         <load_address>0x10817380</load_address>
         <run_address>0x10817380</run_address>
         <size>0x60</size>
         <input_file_ref idref="fl-b3"/>
      </object_component>
      <object_component id="oc-185">
         <name>.bios</name>
         <load_address>0x108173e0</load_address>
         <run_address>0x108173e0</run_address>
         <size>0x60</size>
         <input_file_ref idref="fl-c9"/>
      </object_component>
      <object_component id="oc-41">
         <name>.bios</name>
         <load_address>0x10817440</load_address>
         <run_address>0x10817440</run_address>
         <size>0x40</size>
         <input_file_ref idref="fl-ab"/>
      </object_component>
      <object_component id="oc-16c">
         <name>.bios</name>
         <load_address>0x10817480</load_address>
         <run_address>0x10817480</run_address>
         <size>0x40</size>
         <input_file_ref idref="fl-c2"/>
      </object_component>
      <object_component id="oc-40">
         <name>.bios</name>
         <load_address>0x108174c0</load_address>
         <run_address>0x108174c0</run_address>
         <size>0x40</size>
         <input_file_ref idref="fl-b1"/>
      </object_component>
      <object_component id="oc-17b">
         <name>.bios</name>
         <load_address>0x10817500</load_address>
         <run_address>0x10817500</run_address>
         <size>0x20</size>
         <input_file_ref idref="fl-c6"/>
      </object_component>
      <object_component id="oc-4b">
         <name>.bios</name>
         <load_address>0x10817520</load_address>
         <run_address>0x10817520</run_address>
         <size>0x20</size>
         <input_file_ref idref="fl-af"/>
      </object_component>
      <object_component id="oc-19f">
         <name>.bios</name>
         <load_address>0x10817540</load_address>
         <run_address>0x10817540</run_address>
         <size>0x20</size>
         <input_file_ref idref="fl-ce"/>
      </object_component>
      <object_component id="oc-152">
         <name>.bios</name>
         <load_address>0x10817560</load_address>
         <run_address>0x10817560</run_address>
         <size>0x20</size>
         <input_file_ref idref="fl-bc"/>
      </object_component>
      <object_component id="oc-1c8">
         <name>.bios</name>
         <load_address>0x10817580</load_address>
         <run_address>0x10817580</run_address>
         <size>0x20</size>
         <input_file_ref idref="fl-d7"/>
      </object_component>
      <object_component id="oc-1e8">
         <name>.bios</name>
         <load_address>0x108175a0</load_address>
         <run_address>0x108175a0</run_address>
         <size>0x20</size>
         <input_file_ref idref="fl-df"/>
      </object_component>
      <object_component id="oc-4a">
         <name>.bios</name>
         <load_address>0x108175c0</load_address>
         <run_address>0x108175c0</run_address>
         <size>0x20</size>
         <input_file_ref idref="fl-b2"/>
      </object_component>
      <object_component id="oc-49">
         <name>.bios</name>
         <load_address>0x108175e0</load_address>
         <run_address>0x108175e0</run_address>
         <size>0x20</size>
         <input_file_ref idref="fl-b4"/>
      </object_component>
      <object_component id="oc-46">
         <name>.bios</name>
         <load_address>0x10817600</load_address>
         <run_address>0x10817600</run_address>
         <size>0x20</size>
         <input_file_ref idref="fl-ae"/>
      </object_component>
      <object_component id="oc-1de">
         <name>.pinit</name>
         <load_address>0x1081c6f4</load_address>
         <run_address>0x1081c6f4</run_address>
         <size>0x4</size>
         <input_file_ref idref="fl-dc"/>
      </object_component>
      <object_component id="oc-1a8">
         <name>.pinit</name>
         <load_address>0x1081c6f8</load_address>
         <run_address>0x1081c6f8</run_address>
         <size>0x4</size>
         <input_file_ref idref="fl-cf"/>
      </object_component>
      <object_component id="oc-f3">
         <name>.sys</name>
         <uninitialized>true</uninitialized>
         <run_address>0x1081ceb0</run_address>
         <size>0x10</size>
         <input_file_ref idref="fl-2c"/>
      </object_component>
      <object_component id="oc-2c0">
         <name>.text</name>
         <load_address>0x10808000</load_address>
         <run_address>0x10808000</run_address>
         <size>0xf20</size>
         <input_file_ref idref="fl-2a"/>
      </object_component>
      <object_component id="oc-2e2">
         <name>.text:_pow</name>
         <load_address>0x10808f20</load_address>
         <run_address>0x10808f20</run_address>
         <size>0x980</size>
         <input_file_ref idref="fl-115"/>
      </object_component>
      <object_component id="oc-2d7">
         <name>.text:__divd</name>
         <load_address>0x108098a0</load_address>
         <run_address>0x108098a0</run_address>
         <size>0x540</size>
         <input_file_ref idref="fl-f5"/>
      </object_component>
      <object_component id="oc-2ee">
         <name>.text</name>
         <load_address>0x10809de0</load_address>
         <run_address>0x10809de0</run_address>
         <size>0x420</size>
         <input_file_ref idref="fl-c"/>
      </object_component>
      <object_component id="oc-2dd">
         <name>.text:_cos</name>
         <load_address>0x1080a200</load_address>
         <run_address>0x1080a200</run_address>
         <size>0x400</size>
         <input_file_ref idref="fl-10c"/>
      </object_component>
      <object_component id="oc-2df">
         <name>.text:_sin</name>
         <load_address>0x1080a600</load_address>
         <run_address>0x1080a600</run_address>
         <size>0x3c0</size>
         <input_file_ref idref="fl-117"/>
      </object_component>
      <object_component id="oc-2d6">
         <name>.text:__divf</name>
         <load_address>0x1080a9c0</load_address>
         <run_address>0x1080a9c0</run_address>
         <size>0x340</size>
         <input_file_ref idref="fl-f6"/>
      </object_component>
      <object_component id="oc-2cc">
         <name>.text</name>
         <load_address>0x1080ad00</load_address>
         <run_address>0x1080ad00</run_address>
         <size>0x320</size>
         <input_file_ref idref="fl-24"/>
      </object_component>
      <object_component id="oc-2d1">
         <name>.text:__addf</name>
         <load_address>0x1080b020</load_address>
         <run_address>0x1080b020</run_address>
         <size>0x2e0</size>
         <input_file_ref idref="fl-ef"/>
      </object_component>
      <object_component id="oc-309">
         <name>.text</name>
         <load_address>0x1080b300</load_address>
         <run_address>0x1080b300</run_address>
         <size>0x2c0</size>
         <input_file_ref idref="fl-15"/>
      </object_component>
      <object_component id="oc-2e0">
         <name>.text:_atan</name>
         <load_address>0x1080b5c0</load_address>
         <run_address>0x1080b5c0</run_address>
         <size>0x2a0</size>
         <input_file_ref idref="fl-106"/>
      </object_component>
      <object_component id="oc-2e1">
         <name>.text:_exp</name>
         <load_address>0x1080b860</load_address>
         <run_address>0x1080b860</run_address>
         <size>0x2a0</size>
         <input_file_ref idref="fl-10f"/>
      </object_component>
      <object_component id="oc-2db">
         <name>.text:__mpyd</name>
         <load_address>0x1080bb00</load_address>
         <run_address>0x1080bb00</run_address>
         <size>0x260</size>
         <input_file_ref idref="fl-fe"/>
      </object_component>
      <object_component id="oc-2f5">
         <name>.text</name>
         <load_address>0x1080bd60</load_address>
         <run_address>0x1080bd60</run_address>
         <size>0x240</size>
         <input_file_ref idref="fl-1e"/>
      </object_component>
      <object_component id="oc-2d3">
         <name>.text:_sqrt</name>
         <load_address>0x1080bfa0</load_address>
         <run_address>0x1080bfa0</run_address>
         <size>0x220</size>
         <input_file_ref idref="fl-118"/>
      </object_component>
      <object_component id="oc-2f1">
         <name>.text</name>
         <load_address>0x1080c1c0</load_address>
         <run_address>0x1080c1c0</run_address>
         <size>0x220</size>
         <input_file_ref idref="fl-11"/>
      </object_component>
      <object_component id="oc-2ed">
         <name>.text</name>
         <load_address>0x1080c3e0</load_address>
         <run_address>0x1080c3e0</run_address>
         <size>0x220</size>
         <input_file_ref idref="fl-b"/>
      </object_component>
      <object_component id="oc-2de">
         <name>.text:__addd</name>
         <load_address>0x1080c600</load_address>
         <run_address>0x1080c600</run_address>
         <size>0x200</size>
         <input_file_ref idref="fl-ee"/>
      </object_component>
      <object_component id="oc-303">
         <name>.text:__frcaddd</name>
         <load_address>0x1080c800</load_address>
         <run_address>0x1080c800</run_address>
         <size>0x200</size>
         <input_file_ref idref="fl-fb"/>
      </object_component>
      <object_component id="oc-2d0">
         <name>.text:__mpyf</name>
         <load_address>0x1080ca00</load_address>
         <run_address>0x1080ca00</run_address>
         <size>0x200</size>
         <input_file_ref idref="fl-100"/>
      </object_component>
      <object_component id="oc-2f8">
         <name>.text:_ldexp</name>
         <load_address>0x1080cc00</load_address>
         <run_address>0x1080cc00</run_address>
         <size>0x1c0</size>
         <input_file_ref idref="fl-112"/>
      </object_component>
      <object_component id="oc-2f2">
         <name>.text</name>
         <load_address>0x1080cdc0</load_address>
         <run_address>0x1080cdc0</run_address>
         <size>0x1c0</size>
         <input_file_ref idref="fl-10"/>
      </object_component>
      <object_component id="oc-2f7">
         <name>.text:_frexp</name>
         <load_address>0x1080cf80</load_address>
         <run_address>0x1080cf80</run_address>
         <size>0x1a0</size>
         <input_file_ref idref="fl-116"/>
      </object_component>
      <object_component id="oc-30a">
         <name>.text</name>
         <load_address>0x1080d120</load_address>
         <run_address>0x1080d120</run_address>
         <size>0x1a0</size>
         <input_file_ref idref="fl-12"/>
      </object_component>
      <object_component id="oc-2ef">
         <name>.text</name>
         <load_address>0x1080d2c0</load_address>
         <run_address>0x1080d2c0</run_address>
         <size>0x160</size>
         <input_file_ref idref="fl-1b"/>
      </object_component>
      <object_component id="oc-2ce">
         <name>.text</name>
         <load_address>0x1080d420</load_address>
         <run_address>0x1080d420</run_address>
         <size>0x120</size>
         <input_file_ref idref="fl-27"/>
      </object_component>
      <object_component id="oc-2f0">
         <name>.text</name>
         <load_address>0x1080d540</load_address>
         <run_address>0x1080d540</run_address>
         <size>0x120</size>
         <input_file_ref idref="fl-18"/>
      </object_component>
      <object_component id="oc-2fe">
         <name>.text:__frcmpyd</name>
         <load_address>0x1080d660</load_address>
         <run_address>0x1080d660</run_address>
         <size>0x100</size>
         <input_file_ref idref="fl-ff"/>
      </object_component>
      <object_component id="oc-2ff">
         <name>.text:__nround</name>
         <load_address>0x1080d760</load_address>
         <run_address>0x1080d760</run_address>
         <size>0x100</size>
         <input_file_ref idref="fl-10d"/>
      </object_component>
      <object_component id="oc-30c">
         <name>.text:_call_dtors</name>
         <load_address>0x1080d860</load_address>
         <run_address>0x1080d860</run_address>
         <size>0x100</size>
         <input_file_ref idref="fl-10a"/>
      </object_component>
      <object_component id="oc-2d8">
         <name>.text:__cmpd</name>
         <load_address>0x1080d960</load_address>
         <run_address>0x1080d960</run_address>
         <size>0xe0</size>
         <input_file_ref idref="fl-f1"/>
      </object_component>
      <object_component id="oc-2cd">
         <name>.text</name>
         <load_address>0x1080da40</load_address>
         <run_address>0x1080da40</run_address>
         <size>0xe0</size>
         <input_file_ref idref="fl-29"/>
      </object_component>
      <object_component id="oc-2cf">
         <name>.text</name>
         <load_address>0x1080db20</load_address>
         <run_address>0x1080db20</run_address>
         <size>0xe0</size>
         <input_file_ref idref="fl-26"/>
      </object_component>
      <object_component id="oc-308">
         <name>.text:__divu</name>
         <load_address>0x1080dc00</load_address>
         <run_address>0x1080dc00</run_address>
         <size>0xc0</size>
         <input_file_ref idref="fl-f7"/>
      </object_component>
      <object_component id="oc-2e4">
         <name>.text:__remi</name>
         <load_address>0x1080dcc0</load_address>
         <run_address>0x1080dcc0</run_address>
         <size>0xc0</size>
         <input_file_ref idref="fl-103"/>
      </object_component>
      <object_component id="oc-2ec">
         <name>.text:_atexit</name>
         <load_address>0x1080dd80</load_address>
         <run_address>0x1080dd80</run_address>
         <size>0xc0</size>
         <input_file_ref idref="fl-109"/>
      </object_component>
      <object_component id="oc-20b">
         <name>.text</name>
         <load_address>0x1080de40</load_address>
         <run_address>0x1080de40</run_address>
         <size>0xc0</size>
         <input_file_ref idref="fl-e7"/>
      </object_component>
      <object_component id="oc-2d4">
         <name>.text:__cvtdf</name>
         <load_address>0x1080df00</load_address>
         <run_address>0x1080df00</run_address>
         <size>0xa0</size>
         <input_file_ref idref="fl-f3"/>
      </object_component>
      <object_component id="oc-2ca">
         <name>.text:_memcpy</name>
         <load_address>0x1080dfa0</load_address>
         <run_address>0x1080dfa0</run_address>
         <size>0xa0</size>
         <input_file_ref idref="fl-113"/>
      </object_component>
      <object_component id="oc-301">
         <name>.text:_modf</name>
         <load_address>0x1080e040</load_address>
         <run_address>0x1080e040</run_address>
         <size>0xa0</size>
         <input_file_ref idref="fl-114"/>
      </object_component>
      <object_component id="oc-2d5">
         <name>.text:__cmpf</name>
         <load_address>0x1080e0e0</load_address>
         <run_address>0x1080e0e0</run_address>
         <size>0x80</size>
         <input_file_ref idref="fl-f2"/>
      </object_component>
      <object_component id="oc-2e3">
         <name>.text:__fixdi</name>
         <load_address>0x1080e160</load_address>
         <run_address>0x1080e160</run_address>
         <size>0x80</size>
         <input_file_ref idref="fl-f8"/>
      </object_component>
      <object_component id="oc-30b">
         <name>.text:__renormd</name>
         <load_address>0x1080e1e0</load_address>
         <run_address>0x1080e1e0</run_address>
         <size>0x80</size>
         <input_file_ref idref="fl-104"/>
      </object_component>
      <object_component id="oc-2d2">
         <name>.text:__cvtfd</name>
         <load_address>0x1080e260</load_address>
         <run_address>0x1080e260</run_address>
         <size>0x60</size>
         <input_file_ref idref="fl-f4"/>
      </object_component>
      <object_component id="oc-2dc">
         <name>.text:__fltid</name>
         <load_address>0x1080e2c0</load_address>
         <run_address>0x1080e2c0</run_address>
         <size>0x60</size>
         <input_file_ref idref="fl-f9"/>
      </object_component>
      <object_component id="oc-2da">
         <name>.text:__fltif</name>
         <load_address>0x1080e320</load_address>
         <run_address>0x1080e320</run_address>
         <size>0x60</size>
         <input_file_ref idref="fl-fa"/>
      </object_component>
      <object_component id="oc-2f6">
         <name>.text:__frcmpyf</name>
         <load_address>0x1080e380</load_address>
         <run_address>0x1080e380</run_address>
         <size>0x60</size>
         <input_file_ref idref="fl-101"/>
      </object_component>
      <object_component id="oc-307">
         <name>.text:___add_dtor</name>
         <load_address>0x1080e3e0</load_address>
         <run_address>0x1080e3e0</run_address>
         <size>0x40</size>
         <input_file_ref idref="fl-10a"/>
      </object_component>
      <object_component id="oc-2fd">
         <name>.text:__frcmpyd_div</name>
         <load_address>0x1080e420</load_address>
         <run_address>0x1080e420</run_address>
         <size>0x40</size>
         <input_file_ref idref="fl-fc"/>
      </object_component>
      <object_component id="oc-2fb">
         <name>.text:__frcmpyf_div</name>
         <load_address>0x1080e460</load_address>
         <run_address>0x1080e460</run_address>
         <size>0x40</size>
         <input_file_ref idref="fl-fd"/>
      </object_component>
      <object_component id="oc-302">
         <name>.text:__negd</name>
         <load_address>0x1080e4a0</load_address>
         <run_address>0x1080e4a0</run_address>
         <size>0x40</size>
         <input_file_ref idref="fl-107"/>
      </object_component>
      <object_component id="oc-2f9">
         <name>.text:__subd</name>
         <load_address>0x1080e4e0</load_address>
         <run_address>0x1080e4e0</run_address>
         <size>0x40</size>
         <input_file_ref idref="fl-108"/>
      </object_component>
      <object_component id="oc-2d9">
         <name>.text:__subf</name>
         <load_address>0x1080e520</load_address>
         <run_address>0x1080e520</run_address>
         <size>0x40</size>
         <input_file_ref idref="fl-105"/>
      </object_component>
      <object_component id="oc-2cb">
         <name>.text:__nop</name>
         <load_address>0x1080e560</load_address>
         <run_address>0x1080e560</run_address>
         <size>0x20</size>
         <input_file_ref idref="fl-102"/>
      </object_component>
      <object_component id="oc-2c8">
         <name>.text:__register_lock</name>
         <load_address>0x1080e580</load_address>
         <run_address>0x1080e580</run_address>
         <size>0x20</size>
         <input_file_ref idref="fl-102"/>
      </object_component>
      <object_component id="oc-2c9">
         <name>.text:__register_unlock</name>
         <load_address>0x1080e5a0</load_address>
         <run_address>0x1080e5a0</run_address>
         <size>0x20</size>
         <input_file_ref idref="fl-102"/>
      </object_component>
      <object_component id="oc-300">
         <name>.text:__trunc</name>
         <load_address>0x1080e5c0</load_address>
         <run_address>0x1080e5c0</run_address>
         <size>0x20</size>
         <input_file_ref idref="fl-10e"/>
      </object_component>
      <object_component id="oc-f1">
         <name>.cinit</name>
         <load_address>0x10817620</load_address>
         <run_address>0x10817620</run_address>
         <size>0x66c</size>
         <input_file_ref idref="fl-2c"/>
      </object_component>
      <object_component id="oc-10a">
         <name>.cinit</name>
         <load_address>0x10817c90</load_address>
         <run_address>0x10817c90</run_address>
         <size>0x26c</size>
         <input_file_ref idref="fl-a9"/>
      </object_component>
      <object_component id="oc-1b1">
         <name>.cinit</name>
         <load_address>0x10817f00</load_address>
         <run_address>0x10817f00</run_address>
         <size>0x1a4</size>
         <input_file_ref idref="fl-d1"/>
      </object_component>
      <object_component id="oc-dc">
         <name>.cinit</name>
         <load_address>0x108180a8</load_address>
         <run_address>0x108180a8</run_address>
         <size>0x188</size>
         <input_file_ref idref="fl-28"/>
      </object_component>
      <object_component id="oc-2b1">
         <name>.cinit</name>
         <load_address>0x10818230</load_address>
         <run_address>0x10818230</run_address>
         <size>0x140</size>
         <input_file_ref idref="fl-115"/>
      </object_component>
      <object_component id="oc-e0">
         <name>.cinit</name>
         <load_address>0x10818370</load_address>
         <run_address>0x10818370</run_address>
         <size>0xd4</size>
         <input_file_ref idref="fl-29"/>
      </object_component>
      <object_component id="oc-e7">
         <name>.cinit</name>
         <load_address>0x10818448</load_address>
         <run_address>0x10818448</run_address>
         <size>0xba</size>
         <input_file_ref idref="fl-2a"/>
      </object_component>
      <object_component id="oc-119">
         <name>.cinit</name>
[...]
         <object_component_ref idref="oc-1af"/>
      </symbol>
      <symbol id="sm-a6d">
         <name>_KNL_setpri</name>
         <value>0x1081c56c</value>
         <object_component_ref idref="oc-1af"/>
      </symbol>
      <symbol id="sm-a6e">
         <name>_KNL_swiptr</name>
         <value>0x1081c588</value>
         <object_component_ref idref="oc-1af"/>
      </symbol>
      <symbol id="sm-a6f">
         <name>_KNL_dummy</name>
         <value>0x108136b8</value>
         <object_component_ref idref="oc-1b2"/>
      </symbol>
      <symbol id="sm-a70">
         <name>_KNL_curtask</name>
         <value>0x1081c57c</value>
         <object_component_ref idref="oc-1af"/>
      </symbol>
      <symbol id="sm-a71">
         <name>_KNL_curqueue</name>
         <value>0x1081c58c</value>
         <object_component_ref idref="oc-1af"/>
      </symbol>
      <symbol id="sm-a72">
         <name>_KNL_wList</name>
         <value>0x1081c564</value>
         <object_component_ref idref="oc-1af"/>
      </symbol>
      <symbol id="sm-a73">
         <name>_KNL_curtime</name>
         <value>0x1081c584</value>
         <object_component_ref idref="oc-1af"/>
      </symbol>
      <symbol id="sm-a74">
         <name>_KNL_set</name>
         <value>0x1081c578</value>
         <object_component_ref idref="oc-1af"/>
      </symbol>
      <symbol id="sm-a75">
         <name>_KNL_alarm</name>
         <value>0x1081c568</value>
         <object_component_ref idref="oc-1af"/>
      </symbol>
      <symbol id="sm-a76">
         <name>_KNL_prevtask</name>
         <value>0x1081c580</value>
         <object_component_ref idref="oc-1af"/>
      </symbol>
      <symbol id="sm-a77">
         <name>_KNL_queues</name>
         <value>0x10813618</value>
         <object_component_ref idref="oc-1b2"/>
      </symbol>
      <symbol id="sm-a78">
         <name>_KNL_idlefxn</name>
         <value>0x1081c5a4</value>
         <object_component_ref idref="oc-1af"/>
      </symbol>
      <symbol id="sm-a79">
         <name>_KNL_priority</name>
         <value>0x1081c574</value>
         <object_component_ref idref="oc-1af"/>
      </symbol>
      <symbol id="sm-a7a">
         <name>_KNL_treadyfxn</name>
         <value>0x1081c5a0</value>
         <object_component_ref idref="oc-1af"/>
      </symbol>
      <symbol id="sm-a7b">
         <name>_KNL_tcreatefxn</name>
         <value>0x1081c598</value>
         <object_component_ref idref="oc-1af"/>
      </symbol>
      <symbol id="sm-a7c">
         <name>_KNL_wFlag</name>
         <value>0x1081c560</value>
         <object_component_ref idref="oc-1af"/>
      </symbol>
      <symbol id="sm-a7d">
         <name>_KNL_tdeletefxn</name>
         <value>0x1081c59c</value>
         <object_component_ref idref="oc-1af"/>
      </symbol>
      <symbol id="sm-a8a">
         <name>_KNL_exit</name>
         <value>0x10816cc0</value>
         <object_component_ref idref="oc-1b5"/>
      </symbol>
      <symbol id="sm-a8b">
         <name>_KNL_enter</name>
         <value>0x10816d00</value>
         <object_component_ref idref="oc-1b5"/>
      </symbol>
      <symbol id="sm-a97">
         <name>__KNL_lat1beg</name>
         <value>0x108169ec</value>
         <object_component_ref idref="oc-1b8"/>
      </symbol>
      <symbol id="sm-a98">
         <name>__KNL_lat1end</name>
         <value>0x10816a68</value>
         <object_component_ref idref="oc-1b8"/>
      </symbol>
      <symbol id="sm-a99">
         <name>_KNL_max</name>
         <value>0x10816a90</value>
         <object_component_ref idref="oc-1b8"/>
      </symbol>
      <symbol id="sm-a9a">
         <name>_KNL_check</name>
         <value>0x108169a0</value>
         <object_component_ref idref="oc-1b8"/>
      </symbol>
      <symbol id="sm-a9b">
         <name>_KNL_idle</name>
         <value>0x10816a68</value>
         <object_component_ref idref="oc-1b8"/>
      </symbol>
      <symbol id="sm-aab">
         <name>_KNL_post</name>
         <value>0x10816f40</value>
         <object_component_ref idref="oc-1bd"/>
      </symbol>
      <symbol id="sm-ab8">
         <name>_KNL_ipost</name>
         <value>0x10816ec0</value>
         <object_component_ref idref="oc-1c1"/>
      </symbol>
      <symbol id="sm-ad1">
         <name>_KNL_run</name>
         <value>0x10815460</value>
         <object_component_ref idref="oc-1c5"/>
      </symbol>
      <symbol id="sm-ad9">
         <name>_LOG_printf</name>
         <value>0x10817580</value>
         <object_component_ref idref="oc-1c8"/>
      </symbol>
      <symbol id="sm-adf">
         <name>_MEM</name>
         <value>0x1081c6dc</value>
         <object_component_ref idref="oc-1cc"/>
      </symbol>
      <symbol id="sm-aeb">
         <name>_MEM_init</name>
         <value>0x1081b4c0</value>
         <object_component_ref idref="oc-1ce"/>
      </symbol>
      <symbol id="sm-af9">
         <name>_OBJ_table</name>
         <value>0x108137b0</value>
         <object_component_ref idref="oc-1d3"/>
      </symbol>
      <symbol id="sm-afa">
         <name>_OBJ_init</name>
         <value>0x1081b5c0</value>
         <object_component_ref idref="oc-1d4"/>
      </symbol>
      <symbol id="sm-afb">
         <name>_OBJ_segtab</name>
         <value>0x108137e8</value>
         <object_component_ref idref="oc-1d3"/>
      </symbol>
      <symbol id="sm-b07">
         <name>_RTDX_Buffer_ReadCB</name>
         <value>0x1081aea0</value>
         <object_component_ref idref="oc-2e9"/>
      </symbol>
      <symbol id="sm-b08">
         <name>RTDX_NORMALIZED_HDR</name>
         <value>0x1</value>
      </symbol>
      <symbol id="sm-b09">
         <name>_RTDX_Buffer_Read</name>
         <value>0x1081af60</value>
         <object_component_ref idref="oc-2c4"/>
      </symbol>
      <symbol id="sm-b49">
         <name>_rtdx_buffer_state</name>
         <value>0x1081bad4</value>
         <object_component_ref idref="oc-1dd"/>
      </symbol>
      <symbol id="sm-b4a">
         <name>_RTDX_Buffer_WriteCB</name>
         <value>0x1081a2a0</value>
         <object_component_ref idref="oc-2ea"/>
      </symbol>
      <symbol id="sm-b4b">
         <name>_rtdxNullChanCnt</name>
         <value>0x1081c694</value>
         <object_component_ref idref="oc-1da"/>
      </symbol>
      <symbol id="sm-b4c">
         <name>_RTDX_writing</name>
         <value>0x1081bae0</value>
         <object_component_ref idref="oc-1dd"/>
      </symbol>
      <symbol id="sm-b4d">
         <name>_RTDX_Buffer_Initialize</name>
         <value>0x1081ade0</value>
         <object_component_ref idref="oc-2c7"/>
      </symbol>
      <symbol id="sm-b4e">
         <name>_RTDX_Buffer_Write</name>
         <value>0x1081af80</value>
         <object_component_ref idref="oc-2c5"/>
      </symbol>
      <symbol id="sm-b4f">
         <name>_rtdxNullFuncCnt</name>
         <value>0x1081c698</value>
         <object_component_ref idref="oc-1da"/>
      </symbol>
      <symbol id="sm-b50">
         <name>_RTDX_Buffer_Size</name>
         <value>0x1081aee0</value>
         <object_component_ref idref="oc-304"/>
      </symbol>
      <symbol id="sm-b5a">
         <name>_RTDX_Mask_IER</name>
         <value>0x1081afa0</value>
         <object_component_ref idref="oc-1e2"/>
      </symbol>
      <symbol id="sm-b65">
         <name>_RTDX_memfill</name>
         <value>0x1081af20</value>
         <object_component_ref idref="oc-2eb"/>
      </symbol>
      <symbol id="sm-b6d">
         <name>_STS_set</name>
         <value>0x108175a0</value>
         <object_component_ref idref="oc-1e8"/>
      </symbol>
      <symbol id="sm-b7a">
         <name>_SYS_abort</name>
         <value>0x10817320</value>
         <object_component_ref idref="oc-1ed"/>
      </symbol>
      <symbol id="sm-b89">
         <name>_TSK_nTasks</name>
         <value>0x1081c6ac</value>
         <object_component_ref idref="oc-1f0"/>
      </symbol>
      <symbol id="sm-b8a">
         <name>_TSK_config</name>
         <value>0x1081376c</value>
         <object_component_ref idref="oc-1f3"/>
      </symbol>
      <symbol id="sm-b8b">
         <name>_TSK</name>
         <value>0x1081c6b4</value>
         <object_component_ref idref="oc-1f0"/>
      </symbol>
      <symbol id="sm-b8c">
         <name>_TSK_timerSem</name>
         <value>0x1081378c</value>
         <object_component_ref idref="oc-1f3"/>
      </symbol>
      <symbol id="sm-b8d">
         <name>_TSK_pid</name>
         <value>0x1081c6b0</value>
         <object_component_ref idref="oc-1f0"/>
      </symbol>
      <symbol id="sm-b8e">
         <name>_TSK_ATTRS</name>
         <value>0x10813750</value>
         <object_component_ref idref="oc-1f3"/>
      </symbol>
      <symbol id="sm-b9f">
         <name>_TSK_exit</name>
         <value>0x10816600</value>
         <object_component_ref idref="oc-1f7"/>
      </symbol>
      <symbol id="sm-bad">
         <name>_SYS_exit</name>
         <value>0x10816e20</value>
         <object_component_ref idref="oc-1fb"/>
      </symbol>
      <symbol id="sm-bb9">
         <name>_SYS_exitStack</name>
         <value>0x10813908</value>
         <object_component_ref idref="oc-201"/>
      </symbol>
      <symbol id="sm-bba">
         <name>_SYS_exitStackPtr</name>
         <value>0x1081c6cc</value>
         <object_component_ref idref="oc-1fe"/>
      </symbol>
      <symbol id="sm-bbb">
         <name>_SYS_exitStackTop</name>
         <value>0x1081c6d0</value>
         <object_component_ref idref="oc-1fe"/>
      </symbol>
      <symbol id="sm-bc5">
         <name>_TSK_init</name>
         <value>0x1081b560</value>
         <object_component_ref idref="oc-204"/>
      </symbol>
      <symbol id="sm-bd9">
         <name>_TSK_setup</name>
         <value>0x10816000</value>
         <object_component_ref idref="oc-208"/>
      </symbol>
      <symbol id="sm-bf9">
         <name>__MEM_mutex</name>
         <value>0x1081382c</value>
         <object_component_ref idref="oc-20e"/>
      </symbol>
      <symbol id="sm-bfa">
         <name>_TSK_startup</name>
         <value>0x10816b64</value>
         <object_component_ref idref="oc-20f"/>
      </symbol>
      <symbol id="sm-bfb">
         <name>__TSK_mutex</name>
         <value>0x10813804</value>
         <object_component_ref idref="oc-20e"/>
      </symbol>
      <symbol id="sm-c08">
         <name>_LCK_pend</name>
         <value>0x10816fe0</value>
         <object_component_ref idref="oc-214"/>
      </symbol>
      <symbol id="sm-c09">
         <name>_LCK_post</name>
         <value>0x10816fc0</value>
         <object_component_ref idref="oc-214"/>
      </symbol>
      <symbol id="sm-c12">
         <name>_SEM_pend</name>
         <value>0x10817260</value>
         <object_component_ref idref="oc-217"/>
      </symbol>
      <symbol id="sm-c26">
         <name>_SEM_pendEnterKnl</name>
         <value>0x108156a0</value>
         <object_component_ref idref="oc-21c"/>
      </symbol>
      <symbol id="sm-c32">
         <name>_SEM_postBinary</name>
         <value>0x10816be0</value>
         <object_component_ref idref="oc-21f"/>
      </symbol>
      <symbol id="sm-c33">
         <name>_SEM_post</name>
         <value>0x10816be0</value>
         <object_component_ref idref="oc-21f"/>
      </symbol>
      <symbol id="sm-c42">
         <name>_SEM_postEnterKnl</name>
         <value>0x10816d80</value>
         <object_component_ref idref="oc-224"/>
      </symbol>
      <symbol id="sm-c54">
         <name>__SEM_dopost</name>
         <value>0x10815e40</value>
         <object_component_ref idref="oc-228"/>
      </symbol>
      <symbol id="sm-c64">
         <name>__addd</name>
         <value>0x1080c600</value>
         <object_component_ref idref="oc-2de"/>
      </symbol>
      <symbol id="sm-c78">
         <name>__addf</name>
         <value>0x1080b020</value>
         <object_component_ref idref="oc-2d1"/>
      </symbol>
      <symbol id="sm-c8c">
         <name>__auto_init</name>
         <value>0x108164c0</value>
         <object_component_ref idref="oc-232"/>
      </symbol>
      <symbol id="sm-c9b">
         <name>__cmpd</name>
         <value>0x1080d960</value>
         <object_component_ref idref="oc-2d8"/>
      </symbol>
      <symbol id="sm-ca7">
         <name>__cmpf</name>
         <value>0x1080e0e0</value>
         <object_component_ref idref="oc-2d5"/>
      </symbol>
      <symbol id="sm-cb2">
         <name>__cvtdf</name>
         <value>0x1080df00</value>
         <object_component_ref idref="oc-2d4"/>
      </symbol>
      <symbol id="sm-cbc">
         <name>__cvtfd</name>
         <value>0x1080e260</value>
         <object_component_ref idref="oc-2d2"/>
      </symbol>
      <symbol id="sm-cd4">
         <name>__divd</name>
         <value>0x108098a0</value>
         <object_component_ref idref="oc-2d7"/>
      </symbol>
      <symbol id="sm-cea">
         <name>__divf</name>
         <value>0x1080a9c0</value>
         <object_component_ref idref="oc-2d6"/>
      </symbol>
      <symbol id="sm-cf3">
         <name>__c6xabi_divu</name>
         <value>0x1080dc00</value>
         <object_component_ref idref="oc-308"/>
      </symbol>
      <symbol id="sm-cf4">
         <name>__divu</name>
         <value>0x1080dc00</value>
         <object_component_ref idref="oc-308"/>
      </symbol>
      <symbol id="sm-d01">
         <name>__fixdi</name>
         <value>0x1080e160</value>
         <object_component_ref idref="oc-2e3"/>
      </symbol>
      <symbol id="sm-d0c">
         <name>__fltid</name>
         <value>0x1080e2c0</value>
         <object_component_ref idref="oc-2dc"/>
      </symbol>
      <symbol id="sm-d17">
         <name>__fltif</name>
         <value>0x1080e320</value>
         <object_component_ref idref="oc-2da"/>
      </symbol>
      <symbol id="sm-d27">
         <name>__frcaddd</name>
         <value>0x1080c800</value>
         <object_component_ref idref="oc-303"/>
      </symbol>
      <symbol id="sm-d31">
         <name>__frcmpyd_div</name>
         <value>0x1080e420</value>
         <object_component_ref idref="oc-2fd"/>
      </symbol>
      <symbol id="sm-d3b">
         <name>__frcmpyf_div</name>
         <value>0x1080e460</value>
         <object_component_ref idref="oc-2fb"/>
      </symbol>
      <symbol id="sm-d51">
         <name>__mpyd</name>
         <value>0x1080bb00</value>
         <object_component_ref idref="oc-2db"/>
      </symbol>
      <symbol id="sm-d5b">
         <name>__frcmpyd</name>
         <value>0x1080d660</value>
         <object_component_ref idref="oc-2fe"/>
      </symbol>
      <symbol id="sm-d70">
         <name>__mpyf</name>
         <value>0x1080ca00</value>
         <object_component_ref idref="oc-2d0"/>
      </symbol>
      <symbol id="sm-d7a">
         <name>__frcmpyf</name>
         <value>0x1080e380</value>
         <object_component_ref idref="oc-2f6"/>
      </symbol>
      <symbol id="sm-d8c">
         <name>__unlock</name>
         <value>0x108139cc</value>
         <object_component_ref idref="oc-26a"/>
      </symbol>
      <symbol id="sm-d8d">
         <name>__lock</name>
         <value>0x108139c8</value>
         <object_component_ref idref="oc-26a"/>
      </symbol>
      <symbol id="sm-d8e">
         <name>__register_lock</name>
         <value>0x1080e580</value>
         <object_component_ref idref="oc-2c8"/>
      </symbol>
      <symbol id="sm-d8f">
         <name>__nop</name>
         <value>0x1080e560</value>
         <object_component_ref idref="oc-2cb"/>
      </symbol>
      <symbol id="sm-d90">
         <name>__register_unlock</name>
         <value>0x1080e5a0</value>
         <object_component_ref idref="oc-2c9"/>
      </symbol>
      <symbol id="sm-d99">
         <name>__remi</name>
         <value>0x1080dcc0</value>
         <object_component_ref idref="oc-2e4"/>
      </symbol>
      <symbol id="sm-d9a">
         <name>__c6xabi_remi</name>
         <value>0x1080dcc0</value>
         <object_component_ref idref="oc-2e4"/>
      </symbol>
      <symbol id="sm-da7">
         <name>__renormd</name>
         <value>0x1080e1e0</value>
         <object_component_ref idref="oc-30b"/>
      </symbol>
      <symbol id="sm-db1">
         <name>__subf</name>
         <value>0x1080e520</value>
         <object_component_ref idref="oc-2d9"/>
      </symbol>
      <symbol id="sm-dd1">
         <name>_atan</name>
         <value>0x1080b5c0</value>
         <object_component_ref idref="oc-2e0"/>
      </symbol>
      <symbol id="sm-ddb">
         <name>__negd</name>
         <value>0x1080e4a0</value>
         <object_component_ref idref="oc-302"/>
      </symbol>
      <symbol id="sm-de5">
         <name>__subd</name>
         <value>0x1080e4e0</value>
         <object_component_ref idref="oc-2f9"/>
      </symbol>
      <symbol id="sm-df9">
         <name>_atexit</name>
         <value>0x1080dd80</value>
         <object_component_ref idref="oc-2ec"/>
      </symbol>
      <symbol id="sm-dfa">
         <name>___atexit_func_id__</name>
         <value>0x108130b0</value>
         <object_component_ref idref="oc-283"/>
      </symbol>
      <symbol id="sm-e12">
         <name>_dtors</name>
         <value>0x108139a4</value>
         <object_component_ref idref="oc-288"/>
      </symbol>
      <symbol id="sm-e13">
         <name>_call_dtors</name>
         <value>0x1080d860</value>
         <object_component_ref idref="oc-30c"/>
      </symbol>
      <symbol id="sm-e14">
         <name>___add_dtor</name>
         <value>0x1080e3e0</value>
         <object_component_ref idref="oc-307"/>
      </symbol>
      <symbol id="sm-e20">
         <name>___TI_enable_exit_profile_output</name>
         <value>0x108139bc</value>
         <object_component_ref idref="oc-28d"/>
      </symbol>
      <symbol id="sm-e21">
         <name>__cleanup_ptr</name>
         <value>0x108139b4</value>
         <object_component_ref idref="oc-28d"/>
      </symbol>
      <symbol id="sm-e22">
         <name>__dtors_ptr</name>
         <value>0x108139b8</value>
         <object_component_ref idref="oc-28d"/>
      </symbol>
      <symbol id="sm-e45">
         <name>_cos</name>
         <value>0x1080a200</value>
         <object_component_ref idref="oc-2dd"/>
      </symbol>
      <symbol id="sm-e56">
         <name>__nround</name>
         <value>0x1080d760</value>
         <object_component_ref idref="oc-2ff"/>
      </symbol>
      <symbol id="sm-e60">
         <name>__trunc</name>
         <value>0x1080e5c0</value>
         <object_component_ref idref="oc-300"/>
      </symbol>
      <symbol id="sm-e79">
         <name>_exp</name>
         <value>0x1080b860</value>
         <object_component_ref idref="oc-2e1"/>
      </symbol>
      <symbol id="sm-e83">
         <name>_errno</name>
         <value>0x10813854</value>
         <object_component_ref idref="oc-2a2"/>
      </symbol>
      <symbol id="sm-e9e">
         <name>_ldexp</name>
         <value>0x1080cc00</value>
         <object_component_ref idref="oc-2f8"/>
      </symbol>
      <symbol id="sm-ea6">
         <name>_memcpy</name>
         <value>0x1080dfa0</value>
         <object_component_ref idref="oc-2ca"/>
      </symbol>
      <symbol id="sm-eb3">
         <name>_modf</name>
         <value>0x1080e040</value>
         <object_component_ref idref="oc-301"/>
      </symbol>
      <symbol id="sm-ef3">
         <name>_pow</name>
         <value>0x10808f20</value>
         <object_component_ref idref="oc-2e2"/>
      </symbol>
      <symbol id="sm-f07">
         <name>_frexp</name>
         <value>0x1080cf80</value>
         <object_component_ref idref="oc-2f7"/>
      </symbol>
      <symbol id="sm-f26">
         <name>_sin</name>
         <value>0x1080a600</value>
         <object_component_ref idref="oc-2df"/>
      </symbol>
      <symbol id="sm-f3b">
         <name>_sqrt</name>
         <value>0x1080bfa0</value>
         <object_component_ref idref="oc-2d3"/>
      </symbol>
   </symbol_table>
</link_info>
