<?xml version="1.0"?>
<link_info>
   <banner>TMS320C6x Linker PC v7.4.23</banner>
   <copyright>Copyright (c) 1996-2017 Texas Instruments Incorporated</copyright>
   <link_time>0x5a420db2</link_time>
   <output_file>Audio_HWI_Lab3.out</output_file>
   <entry_point>
      <name>_c_int00</name>
      <address>0x1081c400</address>
   </entry_point>
   <input_file_list>
      <input_file id="fl-a">
         <path>.\evmdm6437_v2\lib\evmdm6437bsl\</path>
         <kind>object</kind>
         <file>evmdm6437_uart.obj</file>
         <name>evmdm6437_uart.obj</name>
      </input_file>
      <input_file id="fl-b">
         <path>.\evmdm6437_v2\lib\evmdm6437bsl\</path>
         <kind>object</kind>
         <file>evmdm6437_psc.obj</file>
         <name>evmdm6437_psc.obj</name>
      </input_file>
      <input_file id="fl-c">
         <path>.\evmdm6437_v2\lib\evmdm6437bsl\</path>
         <kind>object</kind>
         <file>evmdm6437_pll.obj</file>
         <name>evmdm6437_pll.obj</name>
      </input_file>
      <input_file id="fl-d">
         <path>.\evmdm6437_v2\lib\evmdm6437bsl\</path>
         <kind>object</kind>
         <file>evmdm6437_nandflash.obj</file>
         <name>evmdm6437_nandflash.obj</name>
      </input_file>
      <input_file id="fl-e">
         <path>.\evmdm6437_v2\lib\evmdm6437bsl\</path>
         <kind>object</kind>
         <file>evmdm6437_mcasp.obj</file>
         <name>evmdm6437_mcasp.obj</name>
      </input_file>
      <input_file id="fl-f">
         <path>.\evmdm6437_v2\lib\evmdm6437bsl\</path>
         <kind>object</kind>
         <file>evmdm6437_led.obj</file>
         <name>evmdm6437_led.obj</name>
      </input_file>
      <input_file id="fl-10">
         <path>.\evmdm6437_v2\lib\evmdm6437bsl\</path>
         <kind>object</kind>
         <file>evmdm6437_i2c_gpio.obj</file>
         <name>evmdm6437_i2c_gpio.obj</name>
      </input_file>
      <input_file id="fl-11">
         <path>.\evmdm6437_v2\lib\evmdm6437bsl\</path>
         <kind>object</kind>
         <file>evmdm6437_i2c.obj</file>
         <name>evmdm6437_i2c.obj</name>
      </input_file>
      <input_file id="fl-12">
         <path>.\evmdm6437_v2\lib\evmdm6437bsl\</path>
         <kind>object</kind>
         <file>evmdm6437_gpio.obj</file>
         <name>evmdm6437_gpio.obj</name>
      </input_file>
      <input_file id="fl-13">
         <path>.\evmdm6437_v2\lib\evmdm6437bsl\</path>
         <kind>object</kind>
         <file>evmdm6437_flash_write.obj</file>
         <name>evmdm6437_flash_write.obj</name>
      </input_file>
      <input_file id="fl-14">
         <path>.\evmdm6437_v2\lib\evmdm6437bsl\</path>
         <kind>object</kind>
         <file>evmdm6437_flash_read.obj</file>
         <name>evmdm6437_flash_read.obj</name>
      </input_file>
      <input_file id="fl-15">
         <path>.\evmdm6437_v2\lib\evmdm6437bsl\</path>
         <kind>object</kind>
         <file>evmdm6437_flash_id.obj</file>
         <name>evmdm6437_flash_id.obj</name>
      </input_file>
      <input_file id="fl-16">
         <path>.\evmdm6437_v2\lib\evmdm6437bsl\</path>
         <kind>object</kind>
         <file>evmdm6437_flash_erase.obj</file>
         <name>evmdm6437_flash_erase.obj</name>
      </input_file>
      <input_file id="fl-17">
         <path>.\evmdm6437_v2\lib\evmdm6437bsl\</path>
         <kind>object</kind>
         <file>evmdm6437_flash_checksum.obj</file>
         <name>evmdm6437_flash_checksum.obj</name>
      </input_file>
      <input_file id="fl-18">
         <path>.\evmdm6437_v2\lib\evmdm6437bsl\</path>
         <kind>object</kind>
         <file>evmdm6437_flash.obj</file>
         <name>evmdm6437_flash.obj</name>
      </input_file>
      <input_file id="fl-19">
         <path>.\evmdm6437_v2\lib\evmdm6437bsl\</path>
         <kind>object</kind>
         <file>evmdm6437_eeprom.obj</file>
         <name>evmdm6437_eeprom.obj</name>
      </input_file>
      <input_file id="fl-1a">
         <path>.\evmdm6437_v2\lib\evmdm6437bsl\</path>
         <kind>object</kind>
         <file>evmdm6437_dip.obj</file>
         <name>evmdm6437_dip.obj</name>
      </input_file>
      <input_file id="fl-1b">
         <path>.\evmdm6437_v2\lib\evmdm6437bsl\</path>
         <kind>object</kind>
         <file>evmdm6437_ddr.obj</file>
         <name>evmdm6437_ddr.obj</name>
      </input_file>
      <input_file id="fl-1c">
         <path>.\evmdm6437_v2\lib\evmdm6437bsl\</path>
         <kind>object</kind>
         <file>evmdm6437_aic33_write32.obj</file>
         <name>evmdm6437_aic33_write32.obj</name>
      </input_file>
      <input_file id="fl-1d">
         <path>.\evmdm6437_v2\lib\evmdm6437bsl\</path>
         <kind>object</kind>
         <file>evmdm6437_aic33_write16.obj</file>
         <name>evmdm6437_aic33_write16.obj</name>
      </input_file>
      <input_file id="fl-1e">
         <path>.\evmdm6437_v2\lib\evmdm6437bsl\</path>
         <kind>object</kind>
         <file>evmdm6437_aic33_registers.obj</file>
         <name>evmdm6437_aic33_registers.obj</name>
      </input_file>
      <input_file id="fl-1f">
         <path>.\evmdm6437_v2\lib\evmdm6437bsl\</path>
         <kind>object</kind>
         <file>evmdm6437_aic33_read32.obj</file>
         <name>evmdm6437_aic33_read32.obj</name>
      </input_file>
      <input_file id="fl-20">
         <path>.\evmdm6437_v2\lib\evmdm6437bsl\</path>
         <kind>object</kind>
         <file>evmdm6437_aic33_read16.obj</file>
         <name>evmdm6437_aic33_read16.obj</name>
      </input_file>
      <input_file id="fl-21">
         <path>.\evmdm6437_v2\lib\evmdm6437bsl\</path>
         <kind>object</kind>
         <file>evmdm6437_aic33_opencodec.obj</file>
         <name>evmdm6437_aic33_opencodec.obj</name>
      </input_file>
      <input_file id="fl-22">
         <path>.\evmdm6437_v2\lib\evmdm6437bsl\</path>
         <kind>object</kind>
         <file>evmdm6437_aic33_mute.obj</file>
         <name>evmdm6437_aic33_mute.obj</name>
      </input_file>
      <input_file id="fl-23">
         <path>.\evmdm6437_v2\lib\evmdm6437bsl\</path>
         <kind>object</kind>
         <file>evmdm6437_aic33_closecodec.obj</file>
         <name>evmdm6437_aic33_closecodec.obj</name>
      </input_file>
      <input_file id="fl-24">
         <path>.\evmdm6437_v2\lib\evmdm6437bsl\</path>
         <kind>object</kind>
         <file>evmdm6437.obj</file>
         <name>evmdm6437.obj</name>
      </input_file>
      <input_file id="fl-25">
         <path>.\src\</path>
         <kind>object</kind>
         <file>gen_twiddle_fft16x16.obj</file>
         <name>gen_twiddle_fft16x16.obj</name>
      </input_file>
      <input_file id="fl-26">
         <path>.\src\</path>
         <kind>object</kind>
         <file>fir.obj</file>
         <name>fir.obj</name>
      </input_file>
      <input_file id="fl-27">
         <path>.\src\</path>
         <kind>object</kind>
         <file>dipMonitor.obj</file>
         <name>dipMonitor.obj</name>
      </input_file>
      <input_file id="fl-28">
         <path>.\src\</path>
         <kind>object</kind>
         <file>coeffs.obj</file>
         <name>coeffs.obj</name>
      </input_file>
      <input_file id="fl-29">
         <path>.\src\</path>
         <kind>object</kind>
         <file>codec.obj</file>
         <name>codec.obj</name>
      </input_file>
      <input_file id="fl-2a">
         <path>.\src\</path>
         <kind>object</kind>
         <file>audio-3.obj</file>
         <name>audio-3.obj</name>
      </input_file>
      <input_file id="fl-2b">
         <path>.\</path>
         <kind>object</kind>
         <file>myWorkcfg_c.obj</file>
         <name>myWorkcfg_c.obj</name>
      </input_file>
      <input_file id="fl-2c">
         <path>.\</path>
         <kind>object</kind>
         <file>myWorkcfg.obj</file>
         <name>myWorkcfg.obj</name>
      </input_file>
      <input_file id="fl-a9">
         <path>E:\Program Files\TexasIns\bios_5_42_01_09\packages\ti\bios\lib\</path>
         <kind>archive</kind>
         <file>bios.a64P</file>
         <name>biosdata.o64P</name>
      </input_file>
      <input_file id="fl-aa">
         <path>E:\Program Files\TexasIns\bios_5_42_01_09\packages\ti\bios\lib\</path>
         <kind>archive</kind>
         <file>bios.a64P</file>
         <name>hwi_disp_asm.o64P</name>
      </input_file>
      <input_file id="fl-ab">
         <path>E:\Program Files\TexasIns\bios_5_42_01_09\packages\ti\bios\lib\</path>
         <kind>archive</kind>
         <file>bios.a64P</file>
         <name>idl_stub.o64P</name>
      </input_file>
      <input_file id="fl-ac">
         <path>E:\Program Files\TexasIns\bios_5_42_01_09\packages\ti\bios\lib\</path>
         <kind>archive</kind>
         <file>lnkrtdx.a64P</file>
         <name>rtdx.o64P</name>
      </input_file>
      <input_file id="fl-ad">
         <path>E:\Program Files\TexasIns\bios_5_42_01_09\packages\ti\bios\lib\</path>
         <kind>archive</kind>
         <file>bios.a64P</file>
         <name>swi.o64P</name>
      </input_file>
      <input_file id="fl-ae">
         <path>E:\Program Files\TexasIns\bios_5_42_01_09\packages\ti\bios\lib\</path>
         <kind>archive</kind>
         <file>bios6424.a64P</file>
         <name>clk_gethtime.o64P</name>
      </input_file>
      <input_file id="fl-af">
         <path>E:\Program Files\TexasIns\bios_5_42_01_09\packages\ti\bios\lib\</path>
         <kind>archive</kind>
         <file>bios.a64P</file>
         <name>fxn_c.o64P</name>
      </input_file>
      <input_file id="fl-b0">
         <path>E:\Program Files\TexasIns\bios_5_42_01_09\packages\ti\bios\lib\</path>
         <kind>archive</kind>
         <file>bios.a64P</file>
         <name>knl_tick.o64P</name>
      </input_file>
      <input_file id="fl-b1">
         <path>E:\Program Files\TexasIns\bios_5_42_01_09\packages\ti\bios\lib\</path>
         <kind>archive</kind>
         <file>bios.a64P</file>
         <name>utl_doab.o64P</name>
      </input_file>
      <input_file id="fl-b2">
         <path>E:\Program Files\TexasIns\bios_5_42_01_09\packages\ti\bios\lib\</path>
         <kind>archive</kind>
         <file>bios.a64P</file>
         <name>utl_doer.o64P</name>
      </input_file>
      <input_file id="fl-b3">
         <path>E:\Program Files\TexasIns\bios_5_42_01_09\packages\ti\bios\lib\</path>
         <kind>archive</kind>
         <file>bios.a64P</file>
         <name>utl_putc.o64P</name>
      </input_file>
      <input_file id="fl-b4">
         <path>E:\Program Files\TexasIns\bios_5_42_01_09\packages\ti\bios\lib\</path>
         <kind>archive</kind>
         <file>bios.a64P</file>
         <name>utl_halt.o64P</name>
      </input_file>
      <input_file id="fl-b5">
         <path>E:\Program Files\TexasIns\bios_5_42_01_09\packages\ti\bios\lib\</path>
         <kind>archive</kind>
         <file>bios6424.a64P</file>
         <name>clk.o64P</name>
      </input_file>
      <input_file id="fl-b6">
         <path>E:\Program Files\TexasIns\bios_5_42_01_09\packages\ti\bios\lib\</path>
         <kind>archive</kind>
         <file>bios.a64P</file>
         <name>fxn.o64P</name>
      </input_file>
      <input_file id="fl-b7">
         <path>E:\Program Files\TexasIns\bios_5_42_01_09\packages\ti\bios\lib\</path>
         <kind>archive</kind>
         <file>bios.a64P</file>
         <name>boot.o64P</name>
      </input_file>
      <input_file id="fl-b8">
         <path>E:\Program Files\TexasIns\bios_5_42_01_09\packages\ti\bios\lib\</path>
         <kind>archive</kind>
         <file>bios.a64P</file>
         <name>trc.o64P</name>
      </input_file>
      <input_file id="fl-b9">
         <path>E:\Program Files\TexasIns\bios_5_42_01_09\packages\ti\bios\lib\</path>
         <kind>archive</kind>
         <file>bios.a64P</file>
         <name>hwi.o64P</name>
      </input_file>
      <input_file id="fl-ba">
         <path>E:\Program Files\TexasIns\bios_5_42_01_09\packages\ti\bios\lib\</path>
         <kind>archive</kind>
         <file>bios.a64P</file>
         <name>idl_busy.o64P</name>
      </input_file>
      <input_file id="fl-bb">
         <path>E:\Program Files\TexasIns\bios_5_42_01_09\packages\ti\bios\lib\</path>
         <kind>archive</kind>
         <file>bios6424.a64P</file>
         <name>idl_cal.o64P</name>
      </input_file>
      <input_file id="fl-bc">
         <path>E:\Program Files\TexasIns\bios_5_42_01_09\packages\ti\bios\lib\</path>
         <kind>archive</kind>
         <file>bios.a64P</file>
         <name>idl.o64P</name>
      </input_file>
      <input_file id="fl-bd">
         <path>E:\Program Files\TexasIns\bios_5_42_01_09\packages\ti\bios\lib\</path>
         <kind>archive</kind>
         <file>bios.a64P</file>
         <name>knl_swit.o64P</name>
      </input_file>
      <input_file id="fl-be">
         <path>E:\Program Files\TexasIns\bios_5_42_01_09\packages\ti\bios\lib\</path>
         <kind>archive</kind>
         <file>bios.a64P</file>
         <name>log.o64P</name>
      </input_file>
      <input_file id="fl-bf">
         <path>E:\Program Files\TexasIns\bios_5_42_01_09\packages\ti\bios\lib\</path>
         <kind>archive</kind>
         <file>bios.a64P</file>
         <name>pip.o64P</name>
      </input_file>
      <input_file id="fl-c0">
         <path>E:\Program Files\TexasIns\bios_5_42_01_09\packages\ti\bios\lib\</path>
         <kind>archive</kind>
         <file>bios.a64P</file>
         <name>prd.o64P</name>
      </input_file>
      <input_file id="fl-c1">
         <path>E:\Program Files\TexasIns\bios_5_42_01_09\packages\ti\bios\lib\</path>
         <kind>archive</kind>
         <file>bios.a64P</file>
         <name>rta.o64P</name>
      </input_file>
      <input_file id="fl-c2">
         <path>E:\Program Files\TexasIns\bios_5_42_01_09\packages\ti\bios\lib\</path>
         <kind>archive</kind>
         <file>bios.a64P</file>
         <name>rta_andn.o64P</name>
      </input_file>
      <input_file id="fl-c3">
         <path>E:\Program Files\TexasIns\bios_5_42_01_09\packages\ti\bios\lib\</path>
         <kind>archive</kind>
         <file>bios.a64P</file>
         <name>sts.o64P</name>
      </input_file>
      <input_file id="fl-c4">
         <path>E:\Program Files\TexasIns\bios_5_42_01_09\packages\ti\bios\lib\</path>
         <kind>archive</kind>
         <file>bios.a64P</file>
         <name>clk_data.o64P</name>
      </input_file>
      <input_file id="fl-c5">
         <path>E:\Program Files\TexasIns\bios_5_42_01_09\packages\ti\bios\lib\</path>
         <kind>archive</kind>
         <file>bios6424.a64P</file>
         <name>clk_enable64LcTimer.o64P</name>
      </input_file>
      <input_file id="fl-c6">
         <path>E:\Program Files\TexasIns\bios_5_42_01_09\packages\ti\bios\lib\</path>
         <kind>archive</kind>
         <file>bios.a64P</file>
         <name>clk_getltime.o64P</name>
      </input_file>
      <input_file id="fl-c7">
         <path>E:\Program Files\TexasIns\bios_5_42_01_09\packages\ti\bios\lib\</path>
         <kind>archive</kind>
         <file>bios.a64P</file>
         <name>clk_data2.o64P</name>
      </input_file>
      <input_file id="fl-c8">
         <path>E:\Program Files\TexasIns\bios_5_42_01_09\packages\ti\bios\lib\</path>
         <kind>archive</kind>
         <file>bios6424.a64P</file>
         <name>clk_data.o64P</name>
      </input_file>
      <input_file id="fl-c9">
         <path>E:\Program Files\TexasIns\bios_5_42_01_09\packages\ti\bios\lib\</path>
         <kind>archive</kind>
         <file>bios6424.a64P</file>
         <name>clk_meas.o64P</name>
      </input_file>
      <input_file id="fl-ca">
         <path>E:\Program Files\TexasIns\bios_5_42_01_09\packages\ti\bios\lib\</path>
         <kind>archive</kind>
         <file>bios.a64P</file>
         <name>exc_asm.o64P</name>
      </input_file>
      <input_file id="fl-cb">
         <path>E:\Program Files\TexasIns\bios_5_42_01_09\packages\ti\bios\lib\</path>
         <kind>archive</kind>
         <file>bios.a64P</file>
         <name>exc.o64P</name>
      </input_file>
      <input_file id="fl-cc">
         <path>E:\Program Files\TexasIns\bios_5_42_01_09\packages\ti\bios\lib\</path>
         <kind>archive</kind>
         <file>bios.a64P</file>
         <name>gbl_cacheinit64P.o64P</name>
      </input_file>
      <input_file id="fl-cd">
         <path>E:\Program Files\TexasIns\bios_5_42_01_09\packages\ti\bios\lib\</path>
         <kind>archive</kind>
         <file>bios6424.a64P</file>
         <name>bcache_init.o64P</name>
      </input_file>
      <input_file id="fl-ce">
         <path>E:\Program Files\TexasIns\bios_5_42_01_09\packages\ti\bios\lib\</path>
         <kind>archive</kind>
         <file>bios.a64P</file>
         <name>gbl_vers.o64P</name>
      </input_file>
      <input_file id="fl-cf">
         <path>E:\Program Files\TexasIns\bios_5_42_01_09\packages\ti\rtdx\lib\c6000\</path>
         <kind>archive</kind>
         <file>rtdx64xplus.lib</file>
         <name>rtdx_mon.o64P</name>
      </input_file>
      <input_file id="fl-d0">
         <path>E:\Program Files\TexasIns\bios_5_42_01_09\packages\ti\bios\lib\</path>
         <kind>archive</kind>
         <file>bios.a64P</file>
         <name>hwi_c.o64P</name>
      </input_file>
      <input_file id="fl-d1">
         <path>E:\Program Files\TexasIns\bios_5_42_01_09\packages\ti\bios\lib\</path>
         <kind>archive</kind>
         <file>bios.a64P</file>
         <name>knl.o64P</name>
      </input_file>
      <input_file id="fl-d2">
         <path>E:\Program Files\TexasIns\bios_5_42_01_09\packages\ti\bios\lib\</path>
         <kind>archive</kind>
         <file>bios.a64P</file>
         <name>knl_exit.o64P</name>
      </input_file>
      <input_file id="fl-d3">
         <path>E:\Program Files\TexasIns\bios_5_42_01_09\packages\ti\bios\lib\</path>
         <kind>archive</kind>
         <file>bios.a64P</file>
         <name>knl_chec.o64P</name>
      </input_file>
      <input_file id="fl-d4">
         <path>E:\Program Files\TexasIns\bios_5_42_01_09\packages\ti\bios\lib\</path>
         <kind>archive</kind>
         <file>bios.a64P</file>
         <name>knl_post.o64P</name>
      </input_file>
      <input_file id="fl-d5">
         <path>E:\Program Files\TexasIns\bios_5_42_01_09\packages\ti\bios\lib\</path>
         <kind>archive</kind>
         <file>bios.a64P</file>
         <name>knl_ipos.o64P</name>
      </input_file>
      <input_file id="fl-d6">
         <path>E:\Program Files\TexasIns\bios_5_42_01_09\packages\ti\bios\lib\</path>
         <kind>archive</kind>
         <file>bios.a64P</file>
         <name>knl_run.o64P</name>
      </input_file>
      <input_file id="fl-d7">
         <path>E:\Program Files\TexasIns\bios_5_42_01_09\packages\ti\bios\lib\</path>
         <kind>archive</kind>
         <file>bios.a64P</file>
         <name>log_printf.o64P</name>
      </input_file>
      <input_file id="fl-d8">
         <path>E:\Program Files\TexasIns\bios_5_42_01_09\packages\ti\bios\lib\</path>
         <kind>archive</kind>
         <file>bios.a64P</file>
         <name>mem_asm.o64P</name>
      </input_file>
      <input_file id="fl-d9">
         <path>E:\Program Files\TexasIns\bios_5_42_01_09\packages\ti\bios\lib\</path>
         <kind>archive</kind>
         <file>bios.a64P</file>
         <name>mem_init.o64P</name>
      </input_file>
      <input_file id="fl-da">
         <path>E:\Program Files\TexasIns\bios_5_42_01_09\packages\ti\bios\lib\</path>
         <kind>archive</kind>
         <file>bios.a64P</file>
         <name>obj_init.o64P</name>
      </input_file>
      <input_file id="fl-db">
         <path>E:\Program Files\TexasIns\bios_5_42_01_09\packages\ti\rtdx\lib\c6000\</path>
         <kind>archive</kind>
         <file>rtdx64xplus.lib</file>
         <name>buffer2.o64P</name>
      </input_file>
      <input_file id="fl-dc">
         <path>E:\Program Files\TexasIns\bios_5_42_01_09\packages\ti\rtdx\lib\c6000\</path>
         <kind>archive</kind>
         <file>rtdx64xplus.lib</file>
         <name>buffer1.o64P</name>
      </input_file>
      <input_file id="fl-dd">
         <path>E:\Program Files\TexasIns\bios_5_42_01_09\packages\ti\rtdx\lib\c6000\</path>
         <kind>archive</kind>
         <file>rtdx64xplus.lib</file>
         <name>intr_tgt.o64P</name>
      </input_file>
      <input_file id="fl-de">
         <path>E:\Program Files\TexasIns\bios_5_42_01_09\packages\ti\rtdx\lib\c6000\</path>
         <kind>archive</kind>
         <file>rtdx64xplus.lib</file>
         <name>memfill.o64P</name>
      </input_file>
      <input_file id="fl-df">
         <path>E:\Program Files\TexasIns\bios_5_42_01_09\packages\ti\bios\lib\</path>
         <kind>archive</kind>
         <file>bios.a64P</file>
         <name>sts_set.o64P</name>
      </input_file>
      <input_file id="fl-e0">
         <path>E:\Program Files\TexasIns\bios_5_42_01_09\packages\ti\bios\lib\</path>
         <kind>archive</kind>
         <file>bios.a64P</file>
         <name>sys_abor.o64P</name>
      </input_file>
      <input_file id="fl-e1">
         <path>E:\Program Files\TexasIns\bios_5_42_01_09\packages\ti\bios\lib\</path>
         <kind>archive</kind>
         <file>bios.a64P</file>
         <name>tsk.o64P</name>
      </input_file>
      <input_file id="fl-e2">
         <path>E:\Program Files\TexasIns\bios_5_42_01_09\packages\ti\bios\lib\</path>
         <kind>archive</kind>
         <file>bios.a64P</file>
         <name>tsk_exit.o64P</name>
      </input_file>
      <input_file id="fl-e3">
         <path>E:\Program Files\TexasIns\bios_5_42_01_09\packages\ti\bios\lib\</path>
         <kind>archive</kind>
         <file>bios.a64P</file>
         <name>sys_exit.o64P</name>
      </input_file>
      <input_file id="fl-e4">
         <path>E:\Program Files\TexasIns\bios_5_42_01_09\packages\ti\bios\lib\</path>
         <kind>archive</kind>
         <file>bios.a64P</file>
         <name>sys.o64P</name>
      </input_file>
      <input_file id="fl-e5">
         <path>E:\Program Files\TexasIns\bios_5_42_01_09\packages\ti\bios\lib\</path>
         <kind>archive</kind>
         <file>bios.a64P</file>
         <name>tsk_init.o64P</name>
      </input_file>
      <input_file id="fl-e6">
         <path>E:\Program Files\TexasIns\bios_5_42_01_09\packages\ti\bios\lib\</path>
         <kind>archive</kind>
         <file>bios.a64P</file>
         <name>tsk_setu.o64P</name>
      </input_file>
      <input_file id="fl-e7">
         <path>E:\Program Files\TexasIns\bios_5_42_01_09\packages\ti\bios\lib\</path>
         <kind>archive</kind>
         <file>bios.a64P</file>
         <name>tsk_stup.o64P</name>
      </input_file>
      <input_file id="fl-e8">
         <path>E:\Program Files\TexasIns\bios_5_42_01_09\packages\ti\bios\lib\</path>
         <kind>archive</kind>
         <file>bios.a64P</file>
         <name>lck.o64P</name>
      </input_file>
      <input_file id="fl-e9">
         <path>E:\Program Files\TexasIns\bios_5_42_01_09\packages\ti\bios\lib\</path>
         <kind>archive</kind>
         <file>bios.a64P</file>
         <name>sem_pend_counting.o64P</name>
      </input_file>
      <input_file id="fl-ea">
         <path>E:\Program Files\TexasIns\bios_5_42_01_09\packages\ti\bios\lib\</path>
         <kind>archive</kind>
         <file>bios.a64P</file>
         <name>sem_pend.o64P</name>
      </input_file>
      <input_file id="fl-eb">
         <path>E:\Program Files\TexasIns\bios_5_42_01_09\packages\ti\bios\lib\</path>
         <kind>archive</kind>
         <file>bios.a64P</file>
         <name>sem_post_asm.o64P</name>
      </input_file>
      <input_file id="fl-ec">
         <path>E:\Program Files\TexasIns\bios_5_42_01_09\packages\ti\bios\lib\</path>
         <kind>archive</kind>
         <file>bios.a64P</file>
         <name>sem_post.o64P</name>
      </input_file>
      <input_file id="fl-ed">
         <path>E:\Program Files\TexasIns\bios_5_42_01_09\packages\ti\bios\lib\</path>
         <kind>archive</kind>
         <file>bios.a64P</file>
         <name>sem_dopo.o64P</name>
      </input_file>
      <input_file id="fl-ee">
         <path>E:\Program Files\TexasIns\ccsv5\tools\compiler\c6000_7.4.23\lib\</path>
         <kind>archive</kind>
         <file>rts64plus.lib</file>
         <name>addd.obj</name>
      </input_file>
      <input_file id="fl-ef">
         <path>E:\Program Files\TexasIns\bios_5_42_01_09\packages\ti\bios\lib\</path>
         <kind>archive</kind>
         <file>bios.a64P</file>
         <name>autoinit.o64P</name>
      </input_file>
      <input_file id="fl-f0">
         <path>E:\Program Files\TexasIns\ccsv5\tools\compiler\c6000_7.4.23\lib\</path>
         <kind>archive</kind>
         <file>rts64plus.lib</file>
         <name>cmpd.obj</name>
      </input_file>
      <input_file id="fl-f1">
         <path>E:\Program Files\TexasIns\ccsv5\tools\compiler\c6000_7.4.23\lib\</path>
         <kind>archive</kind>
         <file>rts64plus.lib</file>
         <name>cvtfd.obj</name>
      </input_file>
      <input_file id="fl-f2">
         <path>E:\Program Files\TexasIns\ccsv5\tools\compiler\c6000_7.4.23\lib\</path>
         <kind>archive</kind>
         <file>rts64plus.lib</file>
         <name>divd.obj</name>
      </input_file>
      <input_file id="fl-f3">
         <path>E:\Program Files\TexasIns\ccsv5\tools\compiler\c6000_7.4.23\lib\</path>
         <kind>archive</kind>
         <file>rts64plus.lib</file>
         <name>divf.obj</name>
      </input_file>
      <input_file id="fl-f4">
         <path>E:\Program Files\TexasIns\ccsv5\tools\compiler\c6000_7.4.23\lib\</path>
         <kind>archive</kind>
         <file>rts64plus.lib</file>
         <name>divu.obj</name>
      </input_file>
      <input_file id="fl-f5">
         <path>E:\Program Files\TexasIns\ccsv5\tools\compiler\c6000_7.4.23\lib\</path>
         <kind>archive</kind>
         <file>rts64plus.lib</file>
         <name>fixdi.obj</name>
      </input_file>
      <input_file id="fl-f6">
         <path>E:\Program Files\TexasIns\ccsv5\tools\compiler\c6000_7.4.23\lib\</path>
         <kind>archive</kind>
         <file>rts64plus.lib</file>
         <name>fltid.obj</name>
      </input_file>
      <input_file id="fl-f7">
         <path>E:\Program Files\TexasIns\ccsv5\tools\compiler\c6000_7.4.23\lib\</path>
         <kind>archive</kind>
         <file>rts64plus.lib</file>
         <name>fltif.obj</name>
      </input_file>
      <input_file id="fl-f8">
         <path>E:\Program Files\TexasIns\ccsv5\tools\compiler\c6000_7.4.23\lib\</path>
         <kind>archive</kind>
         <file>rts64plus.lib</file>
         <name>frcaddd.obj</name>
      </input_file>
      <input_file id="fl-f9">
         <path>E:\Program Files\TexasIns\ccsv5\tools\compiler\c6000_7.4.23\lib\</path>
         <kind>archive</kind>
         <file>rts64plus.lib</file>
         <name>frcmpyd_div.obj</name>
      </input_file>
      <input_file id="fl-fa">
         <path>E:\Program Files\TexasIns\ccsv5\tools\compiler\c6000_7.4.23\lib\</path>
         <kind>archive</kind>
         <file>rts64plus.lib</file>
         <name>frcmpyf_div.obj</name>
      </input_file>
      <input_file id="fl-fb">
         <path>E:\Program Files\TexasIns\ccsv5\tools\compiler\c6000_7.4.23\lib\</path>
         <kind>archive</kind>
         <file>rts64plus.lib</file>
         <name>mpyd.obj</name>
      </input_file>
      <input_file id="fl-fc">
         <path>E:\Program Files\TexasIns\ccsv5\tools\compiler\c6000_7.4.23\lib\</path>
         <kind>archive</kind>
         <file>rts64plus.lib</file>
         <name>frcmpyd.obj</name>
      </input_file>
      <input_file id="fl-fd">
         <path>E:\Program Files\TexasIns\ccsv5\tools\compiler\c6000_7.4.23\lib\</path>
         <kind>archive</kind>
         <file>rts64plus.lib</file>
         <name>_lock.obj</name>
      </input_file>
      <input_file id="fl-fe">
         <path>E:\Program Files\TexasIns\ccsv5\tools\compiler\c6000_7.4.23\lib\</path>
         <kind>archive</kind>
         <file>rts64plus.lib</file>
         <name>renormd.obj</name>
      </input_file>
      <input_file id="fl-ff">
         <path>E:\Program Files\TexasIns\ccsv5\tools\compiler\c6000_7.4.23\lib\</path>
         <kind>archive</kind>
         <file>rts64plus.lib</file>
         <name>atexit.obj</name>
      </input_file>
      <input_file id="fl-100">
         <path>E:\Program Files\TexasIns\ccsv5\tools\compiler\c6000_7.4.23\lib\</path>
         <kind>archive</kind>
         <file>rts64plus.lib</file>
         <name>sinit.obj</name>
      </input_file>
      <input_file id="fl-101">
         <path>E:\Program Files\TexasIns\ccsv5\tools\compiler\c6000_7.4.23\lib\</path>
         <kind>archive</kind>
         <file>rts64plus.lib</file>
         <name>exit.obj</name>
      </input_file>
      <input_file id="fl-102">
         <path>E:\Program Files\TexasIns\ccsv5\tools\compiler\c6000_7.4.23\lib\</path>
         <kind>archive</kind>
         <file>rts64plus.lib</file>
         <name>cos.obj</name>
      </input_file>
      <input_file id="fl-103">
         <path>E:\Program Files\TexasIns\ccsv5\tools\compiler\c6000_7.4.23\lib\</path>
         <kind>archive</kind>
         <file>rts64plus.lib</file>
         <name>negd.obj</name>
      </input_file>
      <input_file id="fl-104">
         <path>E:\Program Files\TexasIns\ccsv5\tools\compiler\c6000_7.4.23\lib\</path>
         <kind>archive</kind>
         <file>rts64plus.lib</file>
         <name>round.obj</name>
      </input_file>
      <input_file id="fl-105">
         <path>E:\Program Files\TexasIns\ccsv5\tools\compiler\c6000_7.4.23\lib\</path>
         <kind>archive</kind>
         <file>rts64plus.lib</file>
         <name>subd.obj</name>
      </input_file>
      <input_file id="fl-106">
         <path>E:\Program Files\TexasIns\ccsv5\tools\compiler\c6000_7.4.23\lib\</path>
         <kind>archive</kind>
         <file>rts64plus.lib</file>
         <name>trunc.obj</name>
      </input_file>
      <input_file id="fl-107">
         <path>E:\Program Files\TexasIns\ccsv5\tools\compiler\c6000_7.4.23\lib\</path>
         <kind>archive</kind>
         <file>rts64plus.lib</file>
         <name>floor.obj</name>
      </input_file>
      <input_file id="fl-108">
         <path>E:\Program Files\TexasIns\ccsv5\tools\compiler\c6000_7.4.23\lib\</path>
         <kind>archive</kind>
         <file>rts64plus.lib</file>
         <name>memcpy64.obj</name>
      </input_file>
      <input_file id="fl-109">
         <path>E:\Program Files\TexasIns\ccsv5\tools\compiler\c6000_7.4.23\lib\</path>
         <kind>archive</kind>
         <file>rts64plus.lib</file>
         <name>modf.obj</name>
      </input_file>
      <input_file id="fl-10a">
         <path>E:\Program Files\TexasIns\ccsv5\tools\compiler\c6000_7.4.23\lib\</path>
         <kind>archive</kind>
         <file>rts64plus.lib</file>
         <name>sin.obj</name>
      </input_file>
   </input_file_list>
   <object_component_list>
      <object_component id="oc-105">
         <name>.vers</name>
         <load_address>0x0</load_address>
         <run_address>0x0</run_address>
         <size>0x3c</size>
         <input_file_ref idref="fl-2c"/>
      </object_component>
      <object_component id="oc-f4">
         <name>.clk</name>
         <uninitialized>true</uninitialized>
         <run_address>0x1081dca4</run_address>
         <size>0x8</size>
         <input_file_ref idref="fl-2c"/>
      </object_component>
      <object_component id="oc-fa">
         <name>.swi</name>
         <uninitialized>true</uninitialized>
         <run_address>0x1081d65c</run_address>
         <size>0x58</size>
         <input_file_ref idref="fl-2c"/>
      </object_component>
      <object_component id="oc-fd">
         <name>.tsk</name>
         <uninitialized>true</uninitialized>
         <run_address>0x10819f74</run_address>
         <size>0x60</size>
         <input_file_ref idref="fl-2c"/>
      </object_component>
      <object_component id="oc-100">
         <name>.idl</name>
         <uninitialized>true</uninitialized>
         <run_address>0x1081dc74</run_address>
         <size>0x10</size>
         <input_file_ref idref="fl-2c"/>
      </object_component>
      <object_component id="oc-ff">
         <name>.idlcal</name>
         <uninitialized>true</uninitialized>
         <run_address>0x1081dc84</run_address>
         <size>0x10</size>
         <input_file_ref idref="fl-2c"/>
      </object_component>
      <object_component id="oc-44">
         <name>.bss</name>
         <uninitialized>true</uninitialized>
         <run_address>0x1081d0bc</run_address>
         <size>0x28</size>
         <input_file_ref idref="fl-2c"/>
      </object_component>
      <object_component id="oc-52">
         <name>.bss</name>
         <uninitialized>true</uninitialized>
         <run_address>0x1081d1cc</run_address>
         <size>0x4</size>
         <input_file_ref idref="fl-b"/>
      </object_component>
      <object_component id="oc-5c">
         <name>.bss</name>
         <uninitialized>true</uninitialized>
         <run_address>0x1081d198</run_address>
         <size>0xc</size>
         <input_file_ref idref="fl-d"/>
      </object_component>
      <object_component id="oc-63">
         <name>.bss</name>
         <uninitialized>true</uninitialized>
         <run_address>0x1081d1c8</run_address>
         <size>0x4</size>
         <input_file_ref idref="fl-e"/>
      </object_component>
      <object_component id="oc-72">
         <name>.bss</name>
         <uninitialized>true</uninitialized>
         <run_address>0x1081d1c4</run_address>
         <size>0x4</size>
         <input_file_ref idref="fl-11"/>
      </object_component>
      <object_component id="oc-7e">
         <name>.bss</name>
         <uninitialized>true</uninitialized>
         <run_address>0x1081d1c0</run_address>
         <size>0x4</size>
         <input_file_ref idref="fl-13"/>
      </object_component>
      <object_component id="oc-88">
         <name>.bss</name>
         <uninitialized>true</uninitialized>
         <run_address>0x1081d15c</run_address>
         <size>0x10</size>
         <input_file_ref idref="fl-15"/>
      </object_component>
      <object_component id="oc-8f">
         <name>.bss</name>
         <uninitialized>true</uninitialized>
         <run_address>0x1081d1bc</run_address>
         <size>0x4</size>
         <input_file_ref idref="fl-16"/>
      </object_component>
      <object_component id="oc-d5">
         <name>.bss</name>
         <uninitialized>true</uninitialized>
         <run_address>0x1081d138</run_address>
         <size>0x14</size>
         <input_file_ref idref="fl-27"/>
      </object_component>
      <object_component id="oc-e5">
         <name>.bss</name>
         <uninitialized>true</uninitialized>
         <run_address>0x1081d090</run_address>
         <size>0x2a</size>
         <input_file_ref idref="fl-2a"/>
      </object_component>
      <object_component id="oc-109">
         <name>.bss</name>
         <uninitialized>true</uninitialized>
         <run_address>0x1081cee0</run_address>
         <size>0xcc</size>
         <input_file_ref idref="fl-a9"/>
      </object_component>
      <object_component id="oc-10b">
         <name>.bss</name>
         <uninitialized>true</uninitialized>
         <run_address>0x1081cde0</run_address>
         <size>0x100</size>
         <input_file_ref idref="fl-aa"/>
      </object_component>
      <object_component id="oc-112">
         <name>.bss</name>
         <uninitialized>true</uninitialized>
         <run_address>0x1081d120</run_address>
         <size>0x18</size>
         <input_file_ref idref="fl-ac"/>
      </object_component>
      <object_component id="oc-118">
         <name>.bss</name>
         <uninitialized>true</uninitialized>
         <run_address>0x1081cfac</run_address>
         <size>0x9c</size>
         <input_file_ref idref="fl-ad"/>
      </object_component>
      <object_component id="oc-146">
         <name>.bss</name>
         <uninitialized>true</uninitialized>
         <run_address>0x1081d108</run_address>
         <size>0x18</size>
         <input_file_ref idref="fl-b9"/>
      </object_component>
      <object_component id="oc-148">
         <name>.bss</name>
         <uninitialized>true</uninitialized>
         <run_address>0x1081d1b4</run_address>
         <size>0x4</size>
         <input_file_ref idref="fl-ba"/>
      </object_component>
      <object_component id="oc-174">
         <name>.bss</name>
         <uninitialized>true</uninitialized>
         <run_address>0x1081d1a4</run_address>
         <size>0x8</size>
         <input_file_ref idref="fl-c4"/>
      </object_component>
      <object_component id="oc-17f">
         <name>.bss</name>
         <uninitialized>true</uninitialized>
         <run_address>0x1081d0e4</run_address>
         <size>0x4</size>
         <input_file_ref idref="fl-c7"/>
      </object_component>
      <object_component id="oc-189">
         <name>.bss</name>
         <uninitialized>true</uninitialized>
         <run_address>0x1081d0e8</run_address>
         <size>0x20</size>
         <input_file_ref idref="fl-ca"/>
      </object_component>
      <object_component id="oc-18f">
         <name>.bss</name>
         <uninitialized>true</uninitialized>
         <run_address>0x1081d14c</run_address>
         <size>0x10</size>
         <input_file_ref idref="fl-cb"/>
      </object_component>
      <object_component id="oc-1a3">
         <name>.bss</name>
         <uninitialized>true</uninitialized>
         <run_address>0x1081d17c</run_address>
         <size>0x10</size>
         <input_file_ref idref="fl-cf"/>
      </object_component>
      <object_component id="oc-1af">
         <name>.bss</name>
         <uninitialized>true</uninitialized>
         <run_address>0x1081d048</run_address>
         <size>0x48</size>
         <input_file_ref idref="fl-d1"/>
      </object_component>
      <object_component id="oc-1cc">
         <name>.bss</name>
         <uninitialized>true</uninitialized>
         <run_address>0x1081d1b8</run_address>
         <size>0x4</size>
         <input_file_ref idref="fl-d8"/>
      </object_component>
      <object_component id="oc-1da">
         <name>.bss</name>
         <uninitialized>true</uninitialized>
         <run_address>0x1081d16c</run_address>
         <size>0x10</size>
         <input_file_ref idref="fl-dc"/>
      </object_component>
      <object_component id="oc-1f0">
         <name>.bss</name>
         <uninitialized>true</uninitialized>
         <run_address>0x1081d18c</run_address>
         <size>0xc</size>
         <input_file_ref idref="fl-e1"/>
      </object_component>
      <object_component id="oc-1fe">
         <name>.bss</name>
         <uninitialized>true</uninitialized>
         <run_address>0x1081d1ac</run_address>
         <size>0x8</size>
         <input_file_ref idref="fl-e4"/>
      </object_component>
      <object_component id="oc-f9">
         <name>.hwi_vec</name>
         <load_address>0x1081d800</load_address>
         <run_address>0x1081d800</run_address>
         <size>0x200</size>
         <input_file_ref idref="fl-2c"/>
      </object_component>
      <object_component id="oc-4e">
         <name>.far</name>
         <uninitialized>true</uninitialized>
         <run_address>0x1080a230</run_address>
         <size>0x8</size>
         <input_file_ref idref="fl-a"/>
      </object_component>
      <object_component id="oc-5f">
         <name>.far</name>
         <uninitialized>true</uninitialized>
         <run_address>0x10809dd8</run_address>
         <size>0x140</size>
         <input_file_ref idref="fl-d"/>
      </object_component>
      <object_component id="oc-66">
         <name>.far</name>
         <uninitialized>true</uninitialized>
         <run_address>0x1080a1b8</run_address>
         <size>0x18</size>
         <input_file_ref idref="fl-e"/>
      </object_component>
      <object_component id="oc-7a">
         <name>.far</name>
         <uninitialized>true</uninitialized>
         <run_address>0x1080a198</run_address>
         <size>0x20</size>
         <input_file_ref idref="fl-12"/>
      </object_component>
      <object_component id="oc-8b">
         <name>.far</name>
         <uninitialized>true</uninitialized>
         <run_address>0x1080a218</run_address>
         <size>0xc</size>
         <input_file_ref idref="fl-15"/>
      </object_component>
      <object_component id="oc-dd">
         <name>.far</name>
         <uninitialized>true</uninitialized>
         <run_address>0x10809c58</run_address>
         <size>0x180</size>
         <input_file_ref idref="fl-28"/>
      </object_component>
      <object_component id="oc-e1">
         <name>.far</name>
         <uninitialized>true</uninitialized>
         <run_address>0x10809900</run_address>
         <size>0x1d0</size>
         <input_file_ref idref="fl-29"/>
      </object_component>
      <object_component id="oc-e8">
         <name>.far</name>
         <uninitialized>true</uninitialized>
         <run_address>0x10800000</run_address>
         <size>0x9900</size>
         <input_file_ref idref="fl-2a"/>
      </object_component>
      <object_component id="oc-125">
         <name>.far</name>
         <uninitialized>true</uninitialized>
         <run_address>0x1080a1f8</run_address>
         <size>0x10</size>
         <input_file_ref idref="fl-b0"/>
      </object_component>
      <object_component id="oc-132">
         <name>.far</name>
         <uninitialized>true</uninitialized>
         <run_address>0x1080a208</run_address>
         <size>0xc</size>
         <input_file_ref idref="fl-b3"/>
      </object_component>
      <object_component id="oc-183">
         <name>.far</name>
         <uninitialized>true</uninitialized>
         <run_address>0x1080a04c</run_address>
         <size>0x4</size>
         <input_file_ref idref="fl-c8"/>
      </object_component>
      <object_component id="oc-192">
         <name>.far</name>
         <uninitialized>true</uninitialized>
         <run_address>0x1080a1e8</run_address>
         <size>0x10</size>
         <input_file_ref idref="fl-cb"/>
      </object_component>
      <object_component id="oc-1a7">
         <name>.far</name>
         <uninitialized>true</uninitialized>
         <run_address>0x1080a1d0</run_address>
         <size>0x18</size>
         <input_file_ref idref="fl-cf"/>
      </object_component>
      <object_component id="oc-1b2">
         <name>.far</name>
         <uninitialized>true</uninitialized>
         <run_address>0x10809f18</run_address>
         <size>0xd8</size>
         <input_file_ref idref="fl-d1"/>
      </object_component>
      <object_component id="oc-1d3">
         <name>.far</name>
         <uninitialized>true</uninitialized>
         <run_address>0x1080a050</run_address>
         <size>0x54</size>
         <input_file_ref idref="fl-da"/>
      </object_component>
      <object_component id="oc-1f3">
         <name>.far</name>
         <uninitialized>true</uninitialized>
         <run_address>0x10809ff0</run_address>
         <size>0x5c</size>
         <input_file_ref idref="fl-e1"/>
      </object_component>
      <object_component id="oc-201">
         <name>.far</name>
         <uninitialized>true</uninitialized>
         <run_address>0x1080a178</run_address>
         <size>0x20</size>
         <input_file_ref idref="fl-e4"/>
      </object_component>
      <object_component id="oc-20e">
         <name>.far</name>
         <uninitialized>true</uninitialized>
         <run_address>0x1080a0a4</run_address>
         <size>0x50</size>
         <input_file_ref idref="fl-e7"/>
      </object_component>
      <object_component id="oc-25b">
         <name>.far</name>
         <uninitialized>true</uninitialized>
         <run_address>0x1080a238</run_address>
         <size>0x8</size>
         <input_file_ref idref="fl-fd"/>
      </object_component>
      <object_component id="oc-263">
         <name>.far</name>
         <uninitialized>true</uninitialized>
         <run_address>0x10809ad0</run_address>
         <size>0x188</size>
         <input_file_ref idref="fl-ff"/>
      </object_component>
      <object_component id="oc-268">
         <name>.far</name>
         <uninitialized>true</uninitialized>
         <run_address>0x1080a0f4</run_address>
         <size>0x4</size>
         <input_file_ref idref="fl-100"/>
      </object_component>
      <object_component id="oc-26d">
         <name>.far</name>
         <uninitialized>true</uninitialized>
         <run_address>0x1080a224</run_address>
         <size>0xc</size>
         <input_file_ref idref="fl-101"/>
      </object_component>
      <object_component id="oc-272">
         <name>.far</name>
         <uninitialized>true</uninitialized>
         <run_address>0x1080a0f8</run_address>
         <size>0x40</size>
         <input_file_ref idref="fl-102"/>
      </object_component>
      <object_component id="oc-28c">
         <name>.far</name>
         <uninitialized>true</uninitialized>
         <run_address>0x1080a138</run_address>
         <size>0x40</size>
         <input_file_ref idref="fl-10a"/>
      </object_component>
      <object_component id="oc-f0">
         <name>.mem</name>
         <uninitialized>true</uninitialized>
         <run_address>0x1081dcb0</run_address>
         <size>0x4</size>
         <input_file_ref idref="fl-2c"/>
      </object_component>
      <object_component id="oc-114">
         <name>.bios</name>
         <load_address>0x10812240</load_address>
         <run_address>0x10812240</run_address>
         <size>0x5c0</size>
         <input_file_ref idref="fl-ac"/>
      </object_component>
      <object_component id="oc-193">
         <name>.bios</name>
         <load_address>0x10812800</load_address>
         <run_address>0x10812800</run_address>
         <size>0x520</size>
         <input_file_ref idref="fl-cb"/>
      </object_component>
      <object_component id="oc-45">
         <name>.bios</name>
         <load_address>0x10812d20</load_address>
         <run_address>0x10812d20</run_address>
         <size>0x4e0</size>
         <input_file_ref idref="fl-aa"/>
      </object_component>
      <object_component id="oc-43">
         <name>.bios</name>
         <load_address>0x10813200</load_address>
         <run_address>0x10813200</run_address>
         <size>0x4c0</size>
         <input_file_ref idref="fl-ad"/>
      </object_component>
      <object_component id="oc-163">
         <name>.bios</name>
         <load_address>0x108136c0</load_address>
         <run_address>0x108136c0</run_address>
         <size>0x380</size>
         <input_file_ref idref="fl-c0"/>
      </object_component>
      <object_component id="oc-168">
         <name>.bios</name>
         <load_address>0x10813a40</load_address>
         <run_address>0x10813a40</run_address>
         <size>0x280</size>
         <input_file_ref idref="fl-c1"/>
      </object_component>
      <object_component id="oc-1c5">
         <name>.bios</name>
         <load_address>0x10813cc0</load_address>
         <run_address>0x10813cc0</run_address>
         <size>0x240</size>
         <input_file_ref idref="fl-d6"/>
      </object_component>
      <object_component id="oc-21c">
         <name>.bios</name>
         <load_address>0x10813f00</load_address>
         <run_address>0x10813f00</run_address>
         <size>0x200</size>
         <input_file_ref idref="fl-ea"/>
      </object_component>
      <object_component id="oc-18b">
         <name>.bios</name>
         <load_address>0x10814100</load_address>
         <run_address>0x10814100</run_address>
         <size>0x1e0</size>
         <input_file_ref idref="fl-ca"/>
      </object_component>
      <object_component id="oc-48">
         <name>.bios</name>
         <load_address>0x108142e0</load_address>
         <run_address>0x108142e0</run_address>
         <size>0x1e0</size>
         <input_file_ref idref="fl-b0"/>
      </object_component>
      <object_component id="oc-15f">
         <name>.bios</name>
         <load_address>0x108144c0</load_address>
         <run_address>0x108144c0</run_address>
         <size>0x1e0</size>
         <input_file_ref idref="fl-bf"/>
      </object_component>
      <object_component id="oc-228">
         <name>.bios</name>
         <load_address>0x108146a0</load_address>
         <run_address>0x108146a0</run_address>
         <size>0x1c0</size>
         <input_file_ref idref="fl-ed"/>
      </object_component>
      <object_component id="oc-208">
         <name>.bios</name>
         <load_address>0x10814860</load_address>
         <run_address>0x10814860</run_address>
         <size>0x1a0</size>
         <input_file_ref idref="fl-e6"/>
      </object_component>
      <object_component id="oc-138">
         <name>.bios</name>
         <load_address>0x10814a00</load_address>
         <run_address>0x10814a00</run_address>
         <size>0x1a0</size>
         <input_file_ref idref="fl-b5"/>
      </object_component>
      <object_component id="oc-157">
         <name>.bios</name>
         <load_address>0x10814ba0</load_address>
         <run_address>0x10814ba0</run_address>
         <size>0x180</size>
         <input_file_ref idref="fl-bd"/>
      </object_component>
      <object_component id="oc-22f">
         <name>.bios</name>
         <load_address>0x10814d20</load_address>
         <run_address>0x10814d20</run_address>
         <size>0x140</size>
         <input_file_ref idref="fl-ef"/>
      </object_component>
      <object_component id="oc-1f7">
         <name>.bios</name>
         <load_address>0x10814e60</load_address>
         <run_address>0x10814e60</run_address>
         <size>0x140</size>
         <input_file_ref idref="fl-e2"/>
      </object_component>
      <object_component id="oc-19c">
         <name>.bios</name>
         <load_address>0x10814fa0</load_address>
         <run_address>0x10814fa0</run_address>
         <size>0x140</size>
         <input_file_ref idref="fl-cd"/>
      </object_component>
      <object_component id="oc-198">
         <name>.bios</name>
         <load_address>0x108150e0</load_address>
         <run_address>0x108150e0</run_address>
         <size>0x120</size>
         <input_file_ref idref="fl-cc"/>
      </object_component>
      <object_component id="oc-1b8">
         <name>.bios</name>
         <load_address>0x10815200</load_address>
         <run_address>0x10815200</run_address>
         <size>0x120</size>
         <input_file_ref idref="fl-d3"/>
      </object_component>
      <object_component id="oc-20f">
         <name>.bios</name>
         <load_address>0x10815320</load_address>
         <run_address>0x10815320</run_address>
         <size>0x120</size>
         <input_file_ref idref="fl-e7"/>
      </object_component>
      <object_component id="oc-21f">
         <name>.bios</name>
         <load_address>0x10815440</load_address>
         <run_address>0x10815440</run_address>
         <size>0xe0</size>
         <input_file_ref idref="fl-eb"/>
      </object_component>
      <object_component id="oc-1b5">
         <name>.bios</name>
         <load_address>0x10815520</load_address>
         <run_address>0x10815520</run_address>
         <size>0xc0</size>
         <input_file_ref idref="fl-d2"/>
      </object_component>
      <object_component id="oc-224">
         <name>.bios</name>
         <load_address>0x108155e0</load_address>
         <run_address>0x108155e0</run_address>
         <size>0xa0</size>
         <input_file_ref idref="fl-ec"/>
      </object_component>
      <object_component id="oc-1fb">
         <name>.bios</name>
         <load_address>0x10815680</load_address>
         <run_address>0x10815680</run_address>
         <size>0xa0</size>
         <input_file_ref idref="fl-e3"/>
      </object_component>
      <object_component id="oc-1c1">
         <name>.bios</name>
         <load_address>0x10815720</load_address>
         <run_address>0x10815720</run_address>
         <size>0x80</size>
         <input_file_ref idref="fl-d5"/>
      </object_component>
      <object_component id="oc-1bd">
         <name>.bios</name>
         <load_address>0x108157a0</load_address>
         <run_address>0x108157a0</run_address>
         <size>0x80</size>
         <input_file_ref idref="fl-d4"/>
      </object_component>
      <object_component id="oc-214">
         <name>.bios</name>
         <load_address>0x10815820</load_address>
         <run_address>0x10815820</run_address>
         <size>0x80</size>
         <input_file_ref idref="fl-e8"/>
      </object_component>
      <object_component id="oc-15b">
         <name>.bios</name>
         <load_address>0x108158a0</load_address>
         <run_address>0x108158a0</run_address>
         <size>0x80</size>
         <input_file_ref idref="fl-be"/>
      </object_component>
      <object_component id="oc-14e">
         <name>.bios</name>
         <load_address>0x10815920</load_address>
         <run_address>0x10815920</run_address>
         <size>0x80</size>
         <input_file_ref idref="fl-bb"/>
      </object_component>
      <object_component id="oc-13c">
         <name>.bios</name>
         <load_address>0x108159a0</load_address>
         <run_address>0x108159a0</run_address>
         <size>0x60</size>
         <input_file_ref idref="fl-b6"/>
      </object_component>
      <object_component id="oc-1ab">
         <name>.bios</name>
         <load_address>0x10815a00</load_address>
         <run_address>0x10815a00</run_address>
         <size>0x60</size>
         <input_file_ref idref="fl-d0"/>
      </object_component>
      <object_component id="oc-14a">
         <name>.bios</name>
         <load_address>0x10815a60</load_address>
         <run_address>0x10815a60</run_address>
         <size>0x60</size>
         <input_file_ref idref="fl-ba"/>
      </object_component>
      <object_component id="oc-217">
         <name>.bios</name>
         <load_address>0x10815ac0</load_address>
         <run_address>0x10815ac0</run_address>
         <size>0x60</size>
         <input_file_ref idref="fl-e9"/>
      </object_component>
      <object_component id="oc-170">
         <name>.bios</name>
         <load_address>0x10815b20</load_address>
         <run_address>0x10815b20</run_address>
         <size>0x60</size>
         <input_file_ref idref="fl-c3"/>
      </object_component>
      <object_component id="oc-1ed">
         <name>.bios</name>
         <load_address>0x10815b80</load_address>
         <run_address>0x10815b80</run_address>
         <size>0x60</size>
         <input_file_ref idref="fl-e0"/>
      </object_component>
      <object_component id="oc-47">
         <name>.bios</name>
         <load_address>0x10815be0</load_address>
         <run_address>0x10815be0</run_address>
         <size>0x60</size>
         <input_file_ref idref="fl-b3"/>
      </object_component>
      <object_component id="oc-185">
         <name>.bios</name>
         <load_address>0x10815c40</load_address>
         <run_address>0x10815c40</run_address>
         <size>0x60</size>
         <input_file_ref idref="fl-c9"/>
      </object_component>
      <object_component id="oc-41">
         <name>.bios</name>
         <load_address>0x10815ca0</load_address>
         <run_address>0x10815ca0</run_address>
         <size>0x40</size>
         <input_file_ref idref="fl-ab"/>
      </object_component>
      <object_component id="oc-16c">
         <name>.bios</name>
         <load_address>0x10815ce0</load_address>
         <run_address>0x10815ce0</run_address>
         <size>0x40</size>
         <input_file_ref idref="fl-c2"/>
      </object_component>
      <object_component id="oc-40">
         <name>.bios</name>
         <load_address>0x10815d20</load_address>
         <run_address>0x10815d20</run_address>
         <size>0x40</size>
         <input_file_ref idref="fl-b1"/>
      </object_component>
      <object_component id="oc-17b">
         <name>.bios</name>
         <load_address>0x10815d60</load_address>
         <run_address>0x10815d60</run_address>
         <size>0x20</size>
         <input_file_ref idref="fl-c6"/>
      </object_component>
      <object_component id="oc-4b">
         <name>.bios</name>
         <load_address>0x10815d80</load_address>
         <run_address>0x10815d80</run_address>
         <size>0x20</size>
         <input_file_ref idref="fl-af"/>
      </object_component>
      <object_component id="oc-19f">
         <name>.bios</name>
         <load_address>0x10815da0</load_address>
         <run_address>0x10815da0</run_address>
         <size>0x20</size>
         <input_file_ref idref="fl-ce"/>
      </object_component>
      <object_component id="oc-152">
         <name>.bios</name>
         <load_address>0x10815dc0</load_address>
         <run_address>0x10815dc0</run_address>
         <size>0x20</size>
         <input_file_ref idref="fl-bc"/>
      </object_component>
      <object_component id="oc-1c8">
         <name>.bios</name>
         <load_address>0x10815de0</load_address>
         <run_address>0x10815de0</run_address>
         <size>0x20</size>
         <input_file_ref idref="fl-d7"/>
      </object_component>
      <object_component id="oc-1e8">
         <name>.bios</name>
         <load_address>0x10815e00</load_address>
         <run_address>0x10815e00</run_address>
         <size>0x20</size>
         <input_file_ref idref="fl-df"/>
      </object_component>
      <object_component id="oc-4a">
         <name>.bios</name>
         <load_address>0x10815e20</load_address>
         <run_address>0x10815e20</run_address>
         <size>0x20</size>
         <input_file_ref idref="fl-b2"/>
      </object_component>
      <object_component id="oc-49">
         <name>.bios</name>
         <load_address>0x10815e40</load_address>
         <run_address>0x10815e40</run_address>
         <size>0x20</size>
         <input_file_ref idref="fl-b4"/>
      </object_component>
      <object_component id="oc-46">
         <name>.bios</name>
         <load_address>0x10815e60</load_address>
         <run_address>0x10815e60</run_address>
         <size>0x20</size>
         <input_file_ref idref="fl-ae"/>
      </object_component>
      <object_component id="oc-1de">
         <name>.pinit</name>
         <load_address>0x10819a74</load_address>
         <run_address>0x10819a74</run_address>
         <size>0x4</size>
         <input_file_ref idref="fl-dc"/>
      </object_component>
      <object_component id="oc-1a8">
         <name>.pinit</name>
         <load_address>0x10819a78</load_address>
         <run_address>0x10819a78</run_address>
         <size>0x4</size>
         <input_file_ref idref="fl-cf"/>
      </object_component>
      <object_component id="oc-f3">
         <name>.sys</name>
         <uninitialized>true</uninitialized>
         <run_address>0x1081dc94</run_address>
         <size>0x10</size>
         <input_file_ref idref="fl-2c"/>
      </object_component>
      <object_component id="oc-28f">
         <name>.text</name>
         <load_address>0x10815e80</load_address>
         <run_address>0x10815e80</run_address>
         <size>0x580</size>
         <input_file_ref idref="fl-2a"/>
      </object_component>
      <object_component id="oc-2ab">
         <name>.text</name>
         <load_address>0x10816400</load_address>
         <run_address>0x10816400</run_address>
         <size>0x420</size>
         <input_file_ref idref="fl-c"/>
      </object_component>
      <object_component id="oc-2a0">
         <name>.text:__divf</name>
         <load_address>0x10816820</load_address>
         <run_address>0x10816820</run_address>
         <size>0x340</size>
         <input_file_ref idref="fl-f3"/>
      </object_component>
      <object_component id="oc-29c">
         <name>.text</name>
         <load_address>0x10816b60</load_address>
         <run_address>0x10816b60</run_address>
         <size>0x320</size>
         <input_file_ref idref="fl-24"/>
      </object_component>
      <object_component id="oc-2ba">
         <name>.text</name>
         <load_address>0x10816e80</load_address>
         <run_address>0x10816e80</run_address>
         <size>0x2c0</size>
         <input_file_ref idref="fl-15"/>
      </object_component>
      <object_component id="oc-2b2">
         <name>.text</name>
         <load_address>0x10817140</load_address>
         <run_address>0x10817140</run_address>
         <size>0x240</size>
         <input_file_ref idref="fl-1e"/>
      </object_component>
      <object_component id="oc-2ae">
         <name>.text</name>
         <load_address>0x10817380</load_address>
         <run_address>0x10817380</run_address>
         <size>0x220</size>
         <input_file_ref idref="fl-11"/>
      </object_component>
      <object_component id="oc-2aa">
         <name>.text</name>
         <load_address>0x108175a0</load_address>
         <run_address>0x108175a0</run_address>
         <size>0x220</size>
         <input_file_ref idref="fl-b"/>
      </object_component>
      <object_component id="oc-2af">
         <name>.text</name>
         <load_address>0x108177c0</load_address>
         <run_address>0x108177c0</run_address>
         <size>0x1c0</size>
         <input_file_ref idref="fl-10"/>
      </object_component>
      <object_component id="oc-2bb">
         <name>.text</name>
         <load_address>0x10817980</load_address>
         <run_address>0x10817980</run_address>
         <size>0x1a0</size>
         <input_file_ref idref="fl-12"/>
      </object_component>
      <object_component id="oc-2ac">
         <name>.text</name>
         <load_address>0x10817b20</load_address>
         <run_address>0x10817b20</run_address>
         <size>0x160</size>
         <input_file_ref idref="fl-1b"/>
      </object_component>
      <object_component id="oc-29e">
         <name>.text</name>
         <load_address>0x10817c80</load_address>
         <run_address>0x10817c80</run_address>
         <size>0x120</size>
         <input_file_ref idref="fl-27"/>
      </object_component>
      <object_component id="oc-2ad">
         <name>.text</name>
         <load_address>0x10817da0</load_address>
         <run_address>0x10817da0</run_address>
         <size>0x120</size>
         <input_file_ref idref="fl-18"/>
      </object_component>
      <object_component id="oc-2bc">
         <name>.text:_call_dtors</name>
         <load_address>0x10817ec0</load_address>
         <run_address>0x10817ec0</run_address>
         <size>0x100</size>
         <input_file_ref idref="fl-100"/>
      </object_component>
      <object_component id="oc-29d">
         <name>.text</name>
         <load_address>0x10817fc0</load_address>
         <run_address>0x10817fc0</run_address>
         <size>0xe0</size>
         <input_file_ref idref="fl-29"/>
      </object_component>
      <object_component id="oc-29f">
         <name>.text</name>
         <load_address>0x108180a0</load_address>
         <run_address>0x108180a0</run_address>
         <size>0xe0</size>
         <input_file_ref idref="fl-26"/>
      </object_component>
      <object_component id="oc-2b9">
         <name>.text:__divu</name>
         <load_address>0x10818180</load_address>
         <run_address>0x10818180</run_address>
         <size>0xc0</size>
         <input_file_ref idref="fl-f4"/>
      </object_component>
      <object_component id="oc-2a9">
         <name>.text:_atexit</name>
         <load_address>0x10818240</load_address>
         <run_address>0x10818240</run_address>
         <size>0xc0</size>
         <input_file_ref idref="fl-ff"/>
      </object_component>
      <object_component id="oc-20b">
         <name>.text</name>
         <load_address>0x10818300</load_address>
         <run_address>0x10818300</run_address>
         <size>0xc0</size>
         <input_file_ref idref="fl-e7"/>
      </object_component>
      <object_component id="oc-299">
         <name>.text:_memcpy</name>
         <load_address>0x108183c0</load_address>
         <run_address>0x108183c0</run_address>
         <size>0xa0</size>
         <input_file_ref idref="fl-108"/>
      </object_component>
      <object_component id="oc-2a1">
         <name>.text:__cvtfd</name>
         <load_address>0x10818460</load_address>
         <run_address>0x10818460</run_address>
         <size>0x60</size>
         <input_file_ref idref="fl-f1"/>
      </object_component>
      <object_component id="oc-29b">
         <name>.text:__fltif</name>
         <load_address>0x108184c0</load_address>
         <run_address>0x108184c0</run_address>
         <size>0x60</size>
         <input_file_ref idref="fl-f7"/>
      </object_component>
      <object_component id="oc-2b8">
         <name>.text:___add_dtor</name>
         <load_address>0x10818520</load_address>
         <run_address>0x10818520</run_address>
         <size>0x40</size>
         <input_file_ref idref="fl-100"/>
      </object_component>
      <object_component id="oc-2b4">
         <name>.text:__frcmpyf_div</name>
         <load_address>0x10818560</load_address>
         <run_address>0x10818560</run_address>
         <size>0x40</size>
         <input_file_ref idref="fl-fa"/>
      </object_component>
      <object_component id="oc-29a">
         <name>.text:__nop</name>
         <load_address>0x108185a0</load_address>
         <run_address>0x108185a0</run_address>
         <size>0x20</size>
         <input_file_ref idref="fl-fd"/>
      </object_component>
      <object_component id="oc-297">
         <name>.text:__register_lock</name>
         <load_address>0x108185c0</load_address>
         <run_address>0x108185c0</run_address>
         <size>0x20</size>
         <input_file_ref idref="fl-fd"/>
      </object_component>
      <object_component id="oc-298">
         <name>.text:__register_unlock</name>
         <load_address>0x108185e0</load_address>
         <run_address>0x108185e0</run_address>
         <size>0x20</size>
         <input_file_ref idref="fl-fd"/>
      </object_component>
      <object_component id="oc-f1">
         <name>.cinit</name>
         <load_address>0x10818600</load_address>
         <run_address>0x10818600</run_address>
         <size>0x66c</size>
         <input_file_ref idref="fl-2c"/>
      </object_component>
      <object_component id="oc-10a">
         <name>.cinit</name>
         <load_address>0x10818c70</load_address>
         <run_address>0x10818c70</run_address>
         <size>0x26c</size>
         <input_file_ref idref="fl-a9"/>
      </object_component>
      <object_component id="oc-1b1">
         <name>.cinit</name>
         <load_address>0x10818ee0</load_address>
         <run_address>0x10818ee0</run_address>
         <size>0x1a4</size>
         <input_file_ref idref="fl-d1"/>
      </object_component>
      <object_component id="oc-dc">
         <name>.cinit</name>
         <load_address>0x10819088</load_address>
         <run_address>0x10819088</run_address>
         <size>0x188</size>
         <input_file_ref idref="fl-28"/>
      </object_component>
      <object_component id="oc-e0">
         <name>.cinit</name>
         <load_address>0x10819210</load_address>
         <run_address>0x10819210</run_address>
         <size>0xd4</size>
         <input_file_ref idref="fl-29"/>
      </object_component>
      <object_component id="oc-e7">
         <name>.cinit</name>
         <load_address>0x108192e8</load_address>
         <run_address>0x108192e8</run_address>
         <size>0xba</size>
         <input_file_ref idref="fl-2a"/>
      </object_component>
      <object_component id="oc-119">
         <name>.cinit</name>
         <load_address>0x108193a8</load_address>
         <run_address>0x108193a8</run_address>
         <size>0xb0</size>
         <input_file_ref idref="fl-ad"/>
      </object_component>
      <object_component id="oc-1f2">
         <name>.cinit</name>
         <load_address>0x10819458</load_address>
         <run_address>0x10819458</run_address>
         <size>0x80</size>
         <input_file_ref idref="fl-e1"/>
      </object_component>
      <object_component id="oc-1a5">
         <name>.cinit</name>
         <load_address>0x108194d8</load_address>
         <run_address>0x108194d8</run_address>
         <size>0x68</size>
         <input_file_ref idref="fl-cf"/>
      </object_component>
      <object_component id="oc-20d">
         <name>.cinit</name>
         <load_address>0x10819540</load_address>
         <run_address>0x10819540</run_address>
         <size>0x60</size>
         <input_file_ref idref="fl-e7"/>
      </object_component>
      <object_component id="oc-113">
         <name>.cinit</name>
         <load_address>0x108195a0</load_address>
         <run_address>0x108195a0</run_address>
         <size>0x5c</size>
         <input_file_ref idref="fl-ac"/>
      </object_component>
      <object_component id="oc-79">
         <name>.cinit</name>
         <load_address>0x10819600</load_address>
         <run_address>0x10819600</run_address>
         <size>0x58</size>
         <input_file_ref idref="fl-12"/>
      </object_component>
      <object_component id="oc-167">
         <name>.cinit</name>
         <load_address>0x10819658</load_address>
         <run_address>0x10819658</run_address>
         <size>0x4c</size>
         <input_file_ref idref="fl-c1"/>
      </object_component>
      <object_component id="oc-1dc">
         <name>.cinit</name>
         <load_address>0x108196a8</load_address>
         <run_address>0x108196a8</run_address>
         <size>0x4c</size>
         <input_file_ref idref="fl-dc"/>
      </object_component>
      <object_component id="oc-271">
         <name>.cinit</name>
         <load_address>0x108196f8</load_address>
         <run_address>0x108196f8</run_address>
         <size>0x48</size>
         <input_file_ref idref="fl-102"/>
      </object_component>
      <object_component id="oc-28b">
         <name>.cinit</name>
         <load_address>0x10819740</load_address>
         <run_address>0x10819740</run_address>
         <size>0x48</size>
         <input_file_ref idref="fl-10a"/>
      </object_component>
      <object_component id="oc-191">
         <name>.cinit</name>
         <load_address>0x10819788</load_address>
         <run_address>0x10819788</run_address>
         <size>0x3c</size>
         <input_file_ref idref="fl-cb"/>
      </object_component>
      <object_component id="oc-8a">
         <name>.cinit</name>
         <load_address>0x108197c8</load_address>
         <run_address>0x108197c8</run_address>
         <size>0x3c</size>
         <input_file_ref idref="fl-15"/>
      </object_component>
      <object_component id="oc-147">
         <name>.cinit</name>
         <load_address>0x10819808</load_address>
         <run_address>0x10819808</run_address>
         <size>0x34</size>
         <input_file_ref idref="fl-b9"/>
      </object_component>
      <object_component id="oc-131">
         <name>.cinit</name>
         <load_address>0x10819840</load_address>
         <run_address>0x10819840</run_address>
         <size>0x2c</size>
         <input_file_ref idref="fl-b3"/>
      </object_component>
      <object_component id="oc-5e">
         <name>.cinit</name>
         <load_address>0x10819870</load_address>
         <run_address>0x10819870</run_address>
         <size>0x2c</size>
         <input_file_ref idref="fl-d"/>
      </object_component>
      <object_component id="oc-26c">
         <name>.cinit</name>
         <load_address>0x108198a0</load_address>
         <run_address>0x108198a0</run_address>
         <size>0x2c</size>
         <input_file_ref idref="fl-101"/>
      </object_component>
      <object_component id="oc-1d2">
         <name>.cinit</name>
         <load_address>0x108198d0</load_address>
         <run_address>0x108198d0</run_address>
         <size>0x24</size>
         <input_file_ref idref="fl-da"/>
      </object_component>
      <object_component id="oc-18a">
         <name>.cinit</name>
         <load_address>0x108198f8</load_address>
         <run_address>0x108198f8</run_address>
         <size>0x1c</size>
         <input_file_ref idref="fl-ca"/>
      </object_component>
      <object_component id="oc-200">
         <name>.cinit</name>
         <load_address>0x10819918</load_address>
         <run_address>0x10819918</run_address>
         <size>0x1c</size>
         <input_file_ref idref="fl-e4"/>
      </object_component>
      <object_component id="oc-d7">
         <name>.cinit</name>
         <load_address>0x10819938</load_address>
         <run_address>0x10819938</run_address>
         <size>0x1c</size>
         <input_file_ref idref="fl-27"/>
      </object_component>
      <object_component id="oc-65">
         <name>.cinit</name>
         <load_address>0x10819958</load_address>
         <run_address>0x10819958</run_address>
         <size>0x1c</size>
         <input_file_ref idref="fl-e"/>
      </object_component>
      <object_component id="oc-4d">
         <name>.cinit</name>
         <load_address>0x10819978</load_address>
         <run_address>0x10819978</run_address>
         <size>0x1c</size>
         <input_file_ref idref="fl-a"/>
      </object_component>
      <object_component id="oc-25a">
         <name>.cinit</name>
         <load_address>0x10819998</load_address>
         <run_address>0x10819998</run_address>
         <size>0x1c</size>
         <input_file_ref idref="fl-fd"/>
      </object_component>
      <object_component id="oc-262">
         <name>.cinit</name>
         <load_address>0x108199b8</load_address>
         <run_address>0x108199b8</run_address>
         <size>0x1c</size>
         <input_file_ref idref="fl-ff"/>
      </object_component>
      <object_component id="oc-124">
         <name>.cinit</name>
         <load_address>0x108199d8</load_address>
         <run_address>0x108199d8</run_address>
         <size>0x18</size>
         <input_file_ref idref="fl-b0"/>
      </object_component>
      <object_component id="oc-149">
         <name>.cinit</name>
         <load_address>0x108199f0</load_address>
         <run_address>0x108199f0</run_address>
         <size>0xc</size>
         <input_file_ref idref="fl-ba"/>
      </object_component>
      <object_component id="oc-156">
         <name>.cinit</name>
         <load_address>0x10819a00</load_address>
         <run_address>0x10819a00</run_address>
         <size>0xc</size>
         <input_file_ref idref="fl-bd"/>
      </object_component>
      <object_component id="oc-91">
         <name>.cinit</name>
         <load_address>0x10819a10</load_address>
         <run_address>0x10819a10</run_address>
         <size>0xc</size>
         <input_file_ref idref="fl-16"/>
      </object_component>
      <object_component id="oc-80">
         <name>.cinit</name>
         <load_address>0x10819a20</load_address>
         <run_address>0x10819a20</run_address>
         <size>0xc</size>
         <input_file_ref idref="fl-13"/>
      </object_component>
      <object_component id="oc-74">
         <name>.cinit</name>
         <load_address>0x10819a30</load_address>
         <run_address>0x10819a30</run_address>
         <size>0xc</size>
         <input_file_ref idref="fl-11"/>
      </object_component>
      <object_component id="oc-54">
         <name>.cinit</name>
         <load_address>0x10819a40</load_address>
         <run_address>0x10819a40</run_address>
         <size>0xc</size>
         <input_file_ref idref="fl-b"/>
      </object_component>
      <object_component id="oc-267">
         <name>.cinit</name>
         <load_address>0x10819a50</load_address>
         <run_address>0x10819a50</run_address>
         <size>0xc</size>
         <input_file_ref idref="fl-100"/>
      </object_component>
      <object_component id="oc-2b0">
         <name>.switch:__resetEMIF</name>
         <load_address>0x10819fd4</load_address>
         <run_address>0x10819fd4</run_address>
         <size>0x10</size>
         <input_file_ref idref="fl-24"/>
      </object_component>
      <object_component id="oc-2b1">
         <name>.switch:__setupEMIF</name>
         <load_address>0x10819fe4</load_address>
         <run_address>0x10819fe4</run_address>
         <size>0x10</size>
         <input_file_ref idref="fl-24"/>
      </object_component>
      <object_component id="oc-ef">
         <name>.gblinit</name>
         <load_address>0x1081d6b4</load_address>
         <run_address>0x1081d6b4</run_address>
         <size>0x4c</size>
         <input_file_ref idref="fl-2c"/>
      </object_component>
      <object_component id="oc-104">
         <name>.sysinit</name>
         <load_address>0x1081bfc0</load_address>
         <run_address>0x1081bfc0</run_address>
         <size>0x360</size>
         <input_file_ref idref="fl-2c"/>
      </object_component>
      <object_component id="oc-178">
         <name>.sysinit</name>
         <load_address>0x1081c320</load_address>
         <run_address>0x1081c320</run_address>
         <size>0xe0</size>
         <input_file_ref idref="fl-c5"/>
      </object_component>
      <object_component id="oc-42">
         <name>.sysinit</name>
         <load_address>0x1081c400</load_address>
         <run_address>0x1081c400</run_address>
         <size>0xc0</size>
         <input_file_ref idref="fl-b7"/>
      </object_component>
      <object_component id="oc-1ce">
         <name>.sysinit</name>
         <load_address>0x1081c4c0</load_address>
         <run_address>0x1081c4c0</run_address>
         <size>0xa0</size>
         <input_file_ref idref="fl-d9"/>
      </object_component>
      <object_component id="oc-204">
         <name>.sysinit</name>
         <load_address>0x1081c560</load_address>
         <run_address>0x1081c560</run_address>
         <size>0x60</size>
         <input_file_ref idref="fl-e5"/>
      </object_component>
      <object_component id="oc-1d4">
         <name>.sysinit</name>
         <load_address>0x1081c5c0</load_address>
         <run_address>0x1081c5c0</run_address>
         <size>0x20</size>
         <input_file_ref idref="fl-da"/>
      </object_component>
      <object_component id="oc-145">
         <name>.trcdata</name>
         <load_address>0x10819ff4</load_address>
         <run_address>0x10819ff4</run_address>
         <size>0xc</size>
         <input_file_ref idref="fl-b8"/>
      </object_component>
      <object_component id="oc-292">
         <name>.rtdx_text:_HSRTDX_rec</name>
         <load_address>0x1081b000</load_address>
         <run_address>0x1081b000</run_address>
         <size>0x2a0</size>
         <input_file_ref idref="fl-cf"/>
      </object_component>
      <object_component id="oc-2a7">
         <name>.rtdx_text:_RTDX_Buffer_WriteCB</name>
         <load_address>0x1081b2a0</load_address>
         <run_address>0x1081b2a0</run_address>
         <size>0x260</size>
         <input_file_ref idref="fl-dc"/>
      </object_component>
      <object_component id="oc-2b7">
         <name>.rtdx_text:_RTDX_write_next</name>
         <load_address>0x1081b500</load_address>
         <run_address>0x1081b500</run_address>
         <size>0x260</size>
         <input_file_ref idref="fl-dc"/>
      </object_component>
      <object_component id="oc-291">
         <name>.rtdx_text:_HSRTDX_xmt</name>
         <load_address>0x1081b760</load_address>
         <run_address>0x1081b760</run_address>
         <size>0x1a0</size>
         <input_file_ref idref="fl-cf"/>
      </object_component>
      <object_component id="oc-2a3">
         <name>.rtdx_text:_RTDX_Send_To_Host</name>
         <load_address>0x1081b900</load_address>
         <run_address>0x1081b900</run_address>
         <size>0x160</size>
         <input_file_ref idref="fl-cf"/>
      </object_component>
      <object_component id="oc-2a5">
         <name>.rtdx_text:_RTDX_Mon_Queue</name>
         <load_address>0x1081ba60</load_address>
         <run_address>0x1081ba60</run_address>
         <size>0xe0</size>
         <input_file_ref idref="fl-cf"/>
      </object_component>
      <object_component id="oc-2b6">
         <name>.rtdx_text:_claim</name>
[...]
         <object_component_ref idref="oc-18f"/>
      </symbol>
      <symbol id="sm-92d">
         <name>_EXC_nmi</name>
         <value>0x10812800</value>
         <object_component_ref idref="oc-193"/>
      </symbol>
      <symbol id="sm-92e">
         <name>_EXC_clearLastStatus</name>
         <value>0x10812cf0</value>
         <object_component_ref idref="oc-193"/>
      </symbol>
      <symbol id="sm-92f">
         <name>_EXC_internal</name>
         <value>0x10812834</value>
         <object_component_ref idref="oc-193"/>
      </symbol>
      <symbol id="sm-930">
         <name>_EXC_getLastStatus</name>
         <value>0x10812b20</value>
         <object_component_ref idref="oc-193"/>
      </symbol>
      <symbol id="sm-931">
         <name>_EXC_nmiHook</name>
         <value>0x1081d158</value>
         <object_component_ref idref="oc-18f"/>
      </symbol>
      <symbol id="sm-93e">
         <name>_GBL_cacheInit64P</name>
         <value>0x10815144</value>
         <object_component_ref idref="oc-198"/>
      </symbol>
      <symbol id="sm-949">
         <name>_BCACHE_setMar</name>
         <value>0x10814fe4</value>
         <object_component_ref idref="oc-19c"/>
      </symbol>
      <symbol id="sm-94a">
         <name>_BCACHE_getMar</name>
         <value>0x108150b4</value>
         <object_component_ref idref="oc-19c"/>
      </symbol>
      <symbol id="sm-94b">
         <name>_BCACHE_getSize</name>
         <value>0x10815064</value>
         <object_component_ref idref="oc-19c"/>
      </symbol>
      <symbol id="sm-94c">
         <name>_BCACHE_setCacheToSram</name>
         <value>0x10815034</value>
         <object_component_ref idref="oc-19c"/>
      </symbol>
      <symbol id="sm-94d">
         <name>_BCACHE_setSize</name>
         <value>0x10814fa0</value>
         <object_component_ref idref="oc-19c"/>
      </symbol>
      <symbol id="sm-955">
         <name>GBL_A_VERSION</name>
         <value>0x5205</value>
      </symbol>
      <symbol id="sm-956">
         <name>_GBL_getVersion</name>
         <value>0x10815da0</value>
         <object_component_ref idref="oc-19f"/>
      </symbol>
      <symbol id="sm-9ae">
         <name>_rtdxXmtNotDoneCnt</name>
         <value>0x1081d17c</value>
         <object_component_ref idref="oc-1a3"/>
      </symbol>
      <symbol id="sm-9af">
         <name>_RTDX_Mon_Queue</name>
         <value>0x1081ba60</value>
         <object_component_ref idref="oc-2a5"/>
      </symbol>
      <symbol id="sm-9b0">
         <name>_HSRTDX_xmt</name>
         <value>0x1081b760</value>
         <object_component_ref idref="oc-291"/>
      </symbol>
      <symbol id="sm-9b1">
         <name>_rtdx_mon_state</name>
         <value>0x10819f10</value>
         <object_component_ref idref="oc-1a6"/>
      </symbol>
      <symbol id="sm-9b2">
         <name>_RTDX_JTAGONLY</name>
         <value>0x2</value>
      </symbol>
      <symbol id="sm-9b3">
         <name>_rtdxXmtErrorCnt</name>
         <value>0x1081d188</value>
         <object_component_ref idref="oc-1a3"/>
      </symbol>
      <symbol id="sm-9b4">
         <name>_rtdxRecNotDoneCnt</name>
         <value>0x1081d180</value>
         <object_component_ref idref="oc-1a3"/>
      </symbol>
      <symbol id="sm-9b5">
         <name>_RTDX_Final_RT_Monitor</name>
         <value>0x1081bd60</value>
         <object_component_ref idref="oc-2a4"/>
      </symbol>
      <symbol id="sm-9b6">
         <name>_rtdxXmtRestartCnt</name>
         <value>0x1081d184</value>
         <object_component_ref idref="oc-1a3"/>
      </symbol>
      <symbol id="sm-9b7">
         <name>_RTDX_Poll</name>
         <value>0x1081bcc0</value>
         <object_component_ref idref="oc-290"/>
      </symbol>
      <symbol id="sm-9b8">
         <name>_HSRTDX_rec</name>
         <value>0x1081b000</value>
         <object_component_ref idref="oc-292"/>
      </symbol>
      <symbol id="sm-9b9">
         <name>_RTDX_Init_RT_Monitor</name>
         <value>0x1081be40</value>
         <object_component_ref idref="oc-295"/>
      </symbol>
      <symbol id="sm-9c1">
         <name>_HWI_restore</name>
         <value>0x10815a2c</value>
         <object_component_ref idref="oc-1ab"/>
      </symbol>
      <symbol id="sm-9c2">
         <name>_HWI_enable</name>
         <value>0x10815a18</value>
         <object_component_ref idref="oc-1ab"/>
      </symbol>
      <symbol id="sm-9c3">
         <name>_HWI_disable</name>
         <value>0x10815a00</value>
         <object_component_ref idref="oc-1ab"/>
      </symbol>
      <symbol id="sm-9d1">
         <name>_KNL_maxqueue</name>
         <value>0x1081d078</value>
         <object_component_ref idref="oc-1af"/>
      </symbol>
      <symbol id="sm-9d2">
         <name>_KNL_inactive</name>
         <value>0x1081d058</value>
         <object_component_ref idref="oc-1af"/>
      </symbol>
      <symbol id="sm-9d3">
         <name>_KNL_tswitchfxn</name>
         <value>0x1081d07c</value>
         <object_component_ref idref="oc-1af"/>
      </symbol>
      <symbol id="sm-9d4">
         <name>_KNL_setpri</name>
         <value>0x1081d054</value>
         <object_component_ref idref="oc-1af"/>
      </symbol>
      <symbol id="sm-9d5">
         <name>_KNL_swiptr</name>
         <value>0x1081d070</value>
         <object_component_ref idref="oc-1af"/>
      </symbol>
      <symbol id="sm-9d6">
         <name>_KNL_dummy</name>
         <value>0x10809fb8</value>
         <object_component_ref idref="oc-1b2"/>
      </symbol>
      <symbol id="sm-9d7">
         <name>_KNL_curtask</name>
         <value>0x1081d064</value>
         <object_component_ref idref="oc-1af"/>
      </symbol>
      <symbol id="sm-9d8">
         <name>_KNL_curqueue</name>
         <value>0x1081d074</value>
         <object_component_ref idref="oc-1af"/>
      </symbol>
      <symbol id="sm-9d9">
         <name>_KNL_wList</name>
         <value>0x1081d04c</value>
         <object_component_ref idref="oc-1af"/>
      </symbol>
      <symbol id="sm-9da">
         <name>_KNL_curtime</name>
         <value>0x1081d06c</value>
         <object_component_ref idref="oc-1af"/>
      </symbol>
      <symbol id="sm-9db">
         <name>_KNL_set</name>
         <value>0x1081d060</value>
         <object_component_ref idref="oc-1af"/>
      </symbol>
      <symbol id="sm-9dc">
         <name>_KNL_alarm</name>
         <value>0x1081d050</value>
         <object_component_ref idref="oc-1af"/>
      </symbol>
      <symbol id="sm-9dd">
         <name>_KNL_prevtask</name>
         <value>0x1081d068</value>
         <object_component_ref idref="oc-1af"/>
      </symbol>
      <symbol id="sm-9de">
         <name>_KNL_queues</name>
         <value>0x10809f18</value>
         <object_component_ref idref="oc-1b2"/>
      </symbol>
      <symbol id="sm-9df">
         <name>_KNL_idlefxn</name>
         <value>0x1081d08c</value>
         <object_component_ref idref="oc-1af"/>
      </symbol>
      <symbol id="sm-9e0">
         <name>_KNL_priority</name>
         <value>0x1081d05c</value>
         <object_component_ref idref="oc-1af"/>
      </symbol>
      <symbol id="sm-9e1">
         <name>_KNL_treadyfxn</name>
         <value>0x1081d088</value>
         <object_component_ref idref="oc-1af"/>
      </symbol>
      <symbol id="sm-9e2">
         <name>_KNL_tcreatefxn</name>
         <value>0x1081d080</value>
         <object_component_ref idref="oc-1af"/>
      </symbol>
      <symbol id="sm-9e3">
         <name>_KNL_wFlag</name>
         <value>0x1081d048</value>
         <object_component_ref idref="oc-1af"/>
      </symbol>
      <symbol id="sm-9e4">
         <name>_KNL_tdeletefxn</name>
         <value>0x1081d084</value>
         <object_component_ref idref="oc-1af"/>
      </symbol>
      <symbol id="sm-9f1">
         <name>_KNL_exit</name>
         <value>0x10815520</value>
         <object_component_ref idref="oc-1b5"/>
      </symbol>
      <symbol id="sm-9f2">
         <name>_KNL_enter</name>
         <value>0x10815560</value>
         <object_component_ref idref="oc-1b5"/>
      </symbol>
      <symbol id="sm-9fe">
         <name>__KNL_lat1beg</name>
         <value>0x1081524c</value>
         <object_component_ref idref="oc-1b8"/>
      </symbol>
      <symbol id="sm-9ff">
         <name>__KNL_lat1end</name>
         <value>0x108152c8</value>
         <object_component_ref idref="oc-1b8"/>
      </symbol>
      <symbol id="sm-a00">
         <name>_KNL_max</name>
         <value>0x108152f0</value>
         <object_component_ref idref="oc-1b8"/>
      </symbol>
      <symbol id="sm-a01">
         <name>_KNL_check</name>
         <value>0x10815200</value>
         <object_component_ref idref="oc-1b8"/>
      </symbol>
      <symbol id="sm-a02">
         <name>_KNL_idle</name>
         <value>0x108152c8</value>
         <object_component_ref idref="oc-1b8"/>
      </symbol>
      <symbol id="sm-a12">
         <name>_KNL_post</name>
         <value>0x108157a0</value>
         <object_component_ref idref="oc-1bd"/>
      </symbol>
      <symbol id="sm-a1f">
         <name>_KNL_ipost</name>
         <value>0x10815720</value>
         <object_component_ref idref="oc-1c1"/>
      </symbol>
      <symbol id="sm-a38">
         <name>_KNL_run</name>
         <value>0x10813cc0</value>
         <object_component_ref idref="oc-1c5"/>
      </symbol>
      <symbol id="sm-a40">
         <name>_LOG_printf</name>
         <value>0x10815de0</value>
         <object_component_ref idref="oc-1c8"/>
      </symbol>
      <symbol id="sm-a46">
         <name>_MEM</name>
         <value>0x1081d1b8</value>
         <object_component_ref idref="oc-1cc"/>
      </symbol>
      <symbol id="sm-a52">
         <name>_MEM_init</name>
         <value>0x1081c4c0</value>
         <object_component_ref idref="oc-1ce"/>
      </symbol>
      <symbol id="sm-a60">
         <name>_OBJ_table</name>
         <value>0x1080a050</value>
         <object_component_ref idref="oc-1d3"/>
      </symbol>
      <symbol id="sm-a61">
         <name>_OBJ_init</name>
         <value>0x1081c5c0</value>
         <object_component_ref idref="oc-1d4"/>
      </symbol>
      <symbol id="sm-a62">
         <name>_OBJ_segtab</name>
         <value>0x1080a088</value>
         <object_component_ref idref="oc-1d3"/>
      </symbol>
      <symbol id="sm-a6e">
         <name>_RTDX_Buffer_ReadCB</name>
         <value>0x1081bea0</value>
         <object_component_ref idref="oc-2a6"/>
      </symbol>
      <symbol id="sm-a6f">
         <name>RTDX_NORMALIZED_HDR</name>
         <value>0x1</value>
      </symbol>
      <symbol id="sm-a70">
         <name>_RTDX_Buffer_Read</name>
         <value>0x1081bf60</value>
         <object_component_ref idref="oc-293"/>
      </symbol>
      <symbol id="sm-ab0">
         <name>_rtdx_buffer_state</name>
         <value>0x10819f54</value>
         <object_component_ref idref="oc-1dd"/>
      </symbol>
      <symbol id="sm-ab1">
         <name>_RTDX_Buffer_WriteCB</name>
         <value>0x1081b2a0</value>
         <object_component_ref idref="oc-2a7"/>
      </symbol>
      <symbol id="sm-ab2">
         <name>_rtdxNullChanCnt</name>
         <value>0x1081d174</value>
         <object_component_ref idref="oc-1da"/>
      </symbol>
      <symbol id="sm-ab3">
         <name>_RTDX_writing</name>
         <value>0x10819f60</value>
         <object_component_ref idref="oc-1dd"/>
      </symbol>
      <symbol id="sm-ab4">
         <name>_RTDX_Buffer_Initialize</name>
         <value>0x1081bde0</value>
         <object_component_ref idref="oc-296"/>
      </symbol>
      <symbol id="sm-ab5">
         <name>_RTDX_Buffer_Write</name>
         <value>0x1081bf80</value>
         <object_component_ref idref="oc-294"/>
      </symbol>
      <symbol id="sm-ab6">
         <name>_rtdxNullFuncCnt</name>
         <value>0x1081d178</value>
         <object_component_ref idref="oc-1da"/>
      </symbol>
      <symbol id="sm-ab7">
         <name>_RTDX_Buffer_Size</name>
         <value>0x1081bee0</value>
         <object_component_ref idref="oc-2b5"/>
      </symbol>
      <symbol id="sm-ac1">
         <name>_RTDX_Mask_IER</name>
         <value>0x1081bfa0</value>
         <object_component_ref idref="oc-1e2"/>
      </symbol>
      <symbol id="sm-acc">
         <name>_RTDX_memfill</name>
         <value>0x1081bf20</value>
         <object_component_ref idref="oc-2a8"/>
      </symbol>
      <symbol id="sm-ad4">
         <name>_STS_set</name>
         <value>0x10815e00</value>
         <object_component_ref idref="oc-1e8"/>
      </symbol>
      <symbol id="sm-ae1">
         <name>_SYS_abort</name>
         <value>0x10815b80</value>
         <object_component_ref idref="oc-1ed"/>
      </symbol>
      <symbol id="sm-af0">
         <name>_TSK_nTasks</name>
         <value>0x1081d18c</value>
         <object_component_ref idref="oc-1f0"/>
      </symbol>
      <symbol id="sm-af1">
         <name>_TSK_config</name>
         <value>0x1080a00c</value>
         <object_component_ref idref="oc-1f3"/>
      </symbol>
      <symbol id="sm-af2">
         <name>_TSK</name>
         <value>0x1081d194</value>
         <object_component_ref idref="oc-1f0"/>
      </symbol>
      <symbol id="sm-af3">
         <name>_TSK_timerSem</name>
         <value>0x1080a02c</value>
         <object_component_ref idref="oc-1f3"/>
      </symbol>
      <symbol id="sm-af4">
         <name>_TSK_pid</name>
         <value>0x1081d190</value>
         <object_component_ref idref="oc-1f0"/>
      </symbol>
      <symbol id="sm-af5">
         <name>_TSK_ATTRS</name>
         <value>0x10809ff0</value>
         <object_component_ref idref="oc-1f3"/>
      </symbol>
      <symbol id="sm-b06">
         <name>_TSK_exit</name>
         <value>0x10814e60</value>
         <object_component_ref idref="oc-1f7"/>
      </symbol>
      <symbol id="sm-b14">
         <name>_SYS_exit</name>
         <value>0x10815680</value>
         <object_component_ref idref="oc-1fb"/>
      </symbol>
      <symbol id="sm-b20">
         <name>_SYS_exitStack</name>
         <value>0x1080a178</value>
         <object_component_ref idref="oc-201"/>
      </symbol>
      <symbol id="sm-b21">
         <name>_SYS_exitStackPtr</name>
         <value>0x1081d1ac</value>
         <object_component_ref idref="oc-1fe"/>
      </symbol>
      <symbol id="sm-b22">
         <name>_SYS_exitStackTop</name>
         <value>0x1081d1b0</value>
         <object_component_ref idref="oc-1fe"/>
      </symbol>
      <symbol id="sm-b2c">
         <name>_TSK_init</name>
         <value>0x1081c560</value>
         <object_component_ref idref="oc-204"/>
      </symbol>
      <symbol id="sm-b40">
         <name>_TSK_setup</name>
         <value>0x10814860</value>
         <object_component_ref idref="oc-208"/>
      </symbol>
      <symbol id="sm-b60">
         <name>__MEM_mutex</name>
         <value>0x1080a0cc</value>
         <object_component_ref idref="oc-20e"/>
      </symbol>
      <symbol id="sm-b61">
         <name>_TSK_startup</name>
         <value>0x108153c4</value>
         <object_component_ref idref="oc-20f"/>
      </symbol>
      <symbol id="sm-b62">
         <name>__TSK_mutex</name>
         <value>0x1080a0a4</value>
         <object_component_ref idref="oc-20e"/>
      </symbol>
      <symbol id="sm-b6f">
         <name>_LCK_pend</name>
         <value>0x10815840</value>
         <object_component_ref idref="oc-214"/>
      </symbol>
      <symbol id="sm-b70">
         <name>_LCK_post</name>
         <value>0x10815820</value>
         <object_component_ref idref="oc-214"/>
      </symbol>
      <symbol id="sm-b79">
         <name>_SEM_pend</name>
         <value>0x10815ac0</value>
         <object_component_ref idref="oc-217"/>
      </symbol>
      <symbol id="sm-b8d">
         <name>_SEM_pendEnterKnl</name>
         <value>0x10813f00</value>
         <object_component_ref idref="oc-21c"/>
      </symbol>
      <symbol id="sm-b99">
         <name>_SEM_postBinary</name>
         <value>0x10815440</value>
         <object_component_ref idref="oc-21f"/>
      </symbol>
      <symbol id="sm-b9a">
         <name>_SEM_post</name>
         <value>0x10815440</value>
         <object_component_ref idref="oc-21f"/>
      </symbol>
      <symbol id="sm-ba9">
         <name>_SEM_postEnterKnl</name>
         <value>0x108155e0</value>
         <object_component_ref idref="oc-224"/>
      </symbol>
      <symbol id="sm-bbb">
         <name>__SEM_dopost</name>
         <value>0x108146a0</value>
         <object_component_ref idref="oc-228"/>
      </symbol>
      <symbol id="sm-bd6">
         <name>__auto_init</name>
         <value>0x10814d20</value>
         <object_component_ref idref="oc-22f"/>
      </symbol>
      <symbol id="sm-be7">
         <name>__cvtfd</name>
         <value>0x10818460</value>
         <object_component_ref idref="oc-2a1"/>
      </symbol>
      <symbol id="sm-c04">
         <name>__divf</name>
         <value>0x10816820</value>
         <object_component_ref idref="oc-2a0"/>
      </symbol>
      <symbol id="sm-c0d">
         <name>__c6xabi_divu</name>
         <value>0x10818180</value>
         <object_component_ref idref="oc-2b9"/>
      </symbol>
      <symbol id="sm-c0e">
         <name>__divu</name>
         <value>0x10818180</value>
         <object_component_ref idref="oc-2b9"/>
      </symbol>
      <symbol id="sm-c27">
         <name>__fltif</name>
         <value>0x108184c0</value>
         <object_component_ref idref="oc-29b"/>
      </symbol>
      <symbol id="sm-c3f">
         <name>__frcmpyf_div</name>
         <value>0x10818560</value>
         <object_component_ref idref="oc-2b4"/>
      </symbol>
      <symbol id="sm-c5f">
         <name>__unlock</name>
         <value>0x1080a23c</value>
         <object_component_ref idref="oc-25b"/>
      </symbol>
      <symbol id="sm-c60">
         <name>__lock</name>
         <value>0x1080a238</value>
         <object_component_ref idref="oc-25b"/>
      </symbol>
      <symbol id="sm-c61">
         <name>__register_lock</name>
         <value>0x108185c0</value>
         <object_component_ref idref="oc-297"/>
      </symbol>
      <symbol id="sm-c62">
         <name>__nop</name>
         <value>0x108185a0</value>
         <object_component_ref idref="oc-29a"/>
      </symbol>
      <symbol id="sm-c63">
         <name>__register_unlock</name>
         <value>0x108185e0</value>
         <object_component_ref idref="oc-298"/>
      </symbol>
      <symbol id="sm-c7e">
         <name>_atexit</name>
         <value>0x10818240</value>
         <object_component_ref idref="oc-2a9"/>
      </symbol>
      <symbol id="sm-c7f">
         <name>___atexit_func_id__</name>
         <value>0x10809ad0</value>
         <object_component_ref idref="oc-263"/>
      </symbol>
      <symbol id="sm-c97">
         <name>_dtors</name>
         <value>0x1080a0f4</value>
         <object_component_ref idref="oc-268"/>
      </symbol>
      <symbol id="sm-c98">
         <name>_call_dtors</name>
         <value>0x10817ec0</value>
         <object_component_ref idref="oc-2bc"/>
      </symbol>
      <symbol id="sm-c99">
         <name>___add_dtor</name>
         <value>0x10818520</value>
         <object_component_ref idref="oc-2b8"/>
      </symbol>
      <symbol id="sm-ca5">
         <name>___TI_enable_exit_profile_output</name>
         <value>0x1080a22c</value>
         <object_component_ref idref="oc-26d"/>
      </symbol>
      <symbol id="sm-ca6">
         <name>__cleanup_ptr</name>
         <value>0x1080a224</value>
         <object_component_ref idref="oc-26d"/>
      </symbol>
      <symbol id="sm-ca7">
         <name>__dtors_ptr</name>
         <value>0x1080a228</value>
         <object_component_ref idref="oc-26d"/>
      </symbol>
      <symbol id="sm-cde">
         <name>_memcpy</name>
         <value>0x108183c0</value>
         <object_component_ref idref="oc-299"/>
      </symbol>
   </symbol_table>
</link_info>
