******************************************************************************
               TMS320C6x Linker PC v7.3.1                      
******************************************************************************
>> Linked Wed May 16 17:17:23 2012

OUTPUT FILE NAME:   <Audio_HWI.out>
ENTRY POINT SYMBOL: "_c_int00"  address: 10810ce0


MEMORY CONFIGURATION

         name            origin    length      used     unused   attr    fill
----------------------  --------  ---------  --------  --------  ----  --------
  IRAM                  10800000   00020000  00012a21  0000d5df  RWIX
  CACHE_L1P             10e08000   00008000  00000000  00008000  RWIX
  L1DSRAM               10f04000   0000c000  00000000  0000c000  RWIX
  CACHE_L1D             10f10000   00008000  00000000  00008000  RWIX
  SRAM                  42000000   00200000  00000000  00200000  RWIX
  DDR2                  80000000   08000000  00000000  08000000  RWIX


SECTION ALLOCATION MAP

 output                                  attributes/
section   page    origin      length       input sections
--------  ----  ----------  ----------   ----------------
.vers      0    00000000    0000003c     COPY SECTION
                  00000000    0000003c     myWorkcfg.obj (.vers)

.prd       0    10800000    00000000     UNINITIALIZED

.data      0    10800000    00000000     UNINITIALIZED

.IRAM$heap 
*          0    10800000    00008000     UNINITIALIZED
                  10800000    00008000     --HOLE--

.bios      0    10808000    00003c20     
                  10808000    000005c0     lnkrtdx.a64P : rtdx.o64P (.bios)
                  108085c0    00000520     bios.a64P : exc.o64P (.bios)
                  10808ae0    000004e0               : hwi_disp_asm.o64P (.bios)
                  10808fc0    000004c0               : swi.o64P (.bios)
                  10809480    00000380               : prd.o64P (.bios)
                  10809800    00000280               : rta.o64P (.bios)
                  10809a80    00000240               : knl_run.o64P (.bios)
                  10809cc0    00000200               : sem_pend.o64P (.bios)
                  10809ec0    000001e0               : exc_asm.o64P (.bios)
                  1080a0a0    000001e0               : knl_tick.o64P (.bios)
                  1080a280    000001e0               : pip.o64P (.bios)
                  1080a460    000001c0               : sem_dopo.o64P (.bios)
                  1080a620    000001a0               : tsk_setu.o64P (.bios)
                  1080a7c0    000001a0     biosDM420.a64P : clk.o64P (.bios)
                  1080a960    00000180     bios.a64P : knl_swit.o64P (.bios)
                  1080aae0    00000140               : autoinit.o64P (.bios)
                  1080ac20    00000140               : tsk_exit.o64P (.bios)
                  1080ad60    00000140     biosDM420.a64P : bcache_init.o64P (.bios)
                  1080aea0    00000120     bios.a64P : gbl_cacheinit64P.o64P (.bios)
                  1080afc0    00000120               : knl_chec.o64P (.bios)
                  1080b0e0    00000120               : tsk_stup.o64P (.bios)
                  1080b200    000000e0               : sem_post_asm.o64P (.bios)
                  1080b2e0    000000c0               : knl_exit.o64P (.bios)
                  1080b3a0    000000a0               : sem_post.o64P (.bios)
                  1080b440    000000a0               : sys_exit.o64P (.bios)
                  1080b4e0    00000080               : knl_ipos.o64P (.bios)
                  1080b560    00000080               : knl_post.o64P (.bios)
                  1080b5e0    00000080               : lck.o64P (.bios)
                  1080b660    00000080               : log.o64P (.bios)
                  1080b6e0    00000080     biosDM420.a64P : idl_cal.o64P (.bios)
                  1080b760    00000060     bios.a64P : fxn.o64P (.bios)
                  1080b7c0    00000060               : hwi_c.o64P (.bios)
                  1080b820    00000060               : idl_busy.o64P (.bios)
                  1080b880    00000060               : sem_pend_counting.o64P (.bios)
                  1080b8e0    00000060               : sts.o64P (.bios)
                  1080b940    00000060               : sys_abor.o64P (.bios)
                  1080b9a0    00000060               : utl_putc.o64P (.bios)
                  1080ba00    00000060     biosDM420.a64P : clk_meas.o64P (.bios)
                  1080ba60    00000040     bios.a64P : idl_stub.o64P (.bios)
                  1080baa0    00000040               : rta_andn.o64P (.bios)
                  1080bae0    00000040               : utl_doab.o64P (.bios)
                  1080bb20    00000020               : clk_getltime.o64P (.bios)
                  1080bb40    00000020               : fxn_c.o64P (.bios)
                  1080bb60    00000020               : gbl_vers.o64P (.bios)
                  1080bb80    00000020               : idl.o64P (.bios)
                  1080bba0    00000020               : sts_set.o64P (.bios)
                  1080bbc0    00000020               : utl_doer.o64P (.bios)
                  1080bbe0    00000020               : utl_halt.o64P (.bios)
                  1080bc00    00000020     biosDM420.a64P : clk_gethtime.o64P (.bios)

.text      0    1080bc20    00002220     
                  1080bc20    00000480     evmdm6437bsl.lib : evmdm6437_pll.obj (.text)
                  1080c0a0    000003c0                      : evmdm6437.obj (.text)
                  1080c460    00000300                      : evmdm6437_flash_id.obj (.text)
                  1080c760    000002a0                      : evmdm6437_aic33_registers.obj (.text)
                  1080ca00    00000260                      : evmdm6437_i2c.obj (.text)
                  1080cc60    00000240                      : evmdm6437_psc.obj (.text)
                  1080cea0    00000200     audio-3.obj (.text)
                  1080d0a0    000001e0     evmdm6437bsl.lib : evmdm6437_i2c_gpio.obj (.text)
                  1080d280    000001c0                      : evmdm6437_gpio.obj (.text)
                  1080d440    00000160                      : evmdm6437_ddr.obj (.text)
                  1080d5a0    00000140                      : evmdm6437_flash.obj (.text)
                  1080d6e0    00000120     dipMonitor.obj (.text)
                  1080d800    00000100     rts64plus.lib : sinit.obj (.text:_call_dtors)
                  1080d900    000000e0     codec.obj (.text)
                  1080d9e0    000000e0     fir.obj (.text)
                  1080dac0    000000c0     rts64plus.lib : divu.obj (.text:__divu)
                  1080db80    000000c0                   : atexit.obj (.text:_atexit)
                  1080dc40    000000c0     bios.a64P : tsk_stup.o64P (.text)
                  1080dd00    000000a0     rts64plus.lib : memcpy64.obj (.text:_memcpy)
                  1080dda0    00000040                   : sinit.obj (.text:___add_dtor)
                  1080dde0    00000020                   : _lock.obj (.text:__nop)
                  1080de00    00000020                   : _lock.obj (.text:__register_lock)
                  1080de20    00000020                   : _lock.obj (.text:__register_unlock)

.cinit     0    1080de40    00001224     
                  1080de40    000005ec     myWorkcfg.obj (.cinit)
                  1080e42c    00000004     --HOLE-- [fill = 0]
                  1080e430    0000026c     bios.a64P : biosdata.o64P (.cinit)
                  1080e69c    00000004     --HOLE-- [fill = 0]
                  1080e6a0    000001a4               : knl.o64P (.cinit)
                  1080e844    00000004     --HOLE-- [fill = 0]
                  1080e848    00000188     coeffs.obj (.cinit)
                  1080e9d0    000000d4     codec.obj (.cinit)
                  1080eaa4    00000004     --HOLE-- [fill = 0]
                  1080eaa8    000000b0     bios.a64P : swi.o64P (.cinit)
                  1080eb58    00000080               : tsk.o64P (.cinit)
                  1080ebd8    00000068     rtdx64xplus.lib : rtdx_mon.o64P (.cinit)
                  1080ec40    00000060     bios.a64P : tsk_stup.o64P (.cinit)
                  1080eca0    0000005c     lnkrtdx.a64P : rtdx.o64P (.cinit)
                  1080ecfc    00000004     --HOLE-- [fill = 0]
                  1080ed00    00000058     evmdm6437bsl.lib : evmdm6437_gpio.obj (.cinit)
                  1080ed58    0000004c     bios.a64P : rta.o64P (.cinit)
                  1080eda4    00000004     --HOLE-- [fill = 0]
                  1080eda8    0000004c     rtdx64xplus.lib : buffer1.o64P (.cinit)
                  1080edf4    00000004     --HOLE-- [fill = 0]
                  1080edf8    0000003c     bios.a64P : exc.o64P (.cinit)
                  1080ee34    00000004     --HOLE-- [fill = 0]
                  1080ee38    0000003c     evmdm6437bsl.lib : evmdm6437_flash_id.obj (.cinit)
                  1080ee74    00000004     --HOLE-- [fill = 0]
                  1080ee78    00000034     bios.a64P : hwi.o64P (.cinit)
                  1080eeac    00000004     --HOLE-- [fill = 0]
                  1080eeb0    0000002c               : utl_putc.o64P (.cinit)
                  1080eedc    00000004     --HOLE-- [fill = 0]
                  1080eee0    0000002c     rts64plus.lib : exit.obj (.cinit)
                  1080ef0c    00000004     --HOLE-- [fill = 0]
                  1080ef10    00000024     bios.a64P : obj_init.o64P (.cinit)
                  1080ef34    00000004     --HOLE-- [fill = 0]
                  1080ef38    0000001c               : exc_asm.o64P (.cinit)
                  1080ef54    00000004     --HOLE-- [fill = 0]
                  1080ef58    0000001c               : sys.o64P (.cinit)
                  1080ef74    00000004     --HOLE-- [fill = 0]
                  1080ef78    0000001c     dipMonitor.obj (.cinit)
                  1080ef94    00000004     --HOLE-- [fill = 0]
                  1080ef98    0000001c     rts64plus.lib : _lock.obj (.cinit)
                  1080efb4    00000004     --HOLE-- [fill = 0]
                  1080efb8    0000001c                   : atexit.obj (.cinit)
                  1080efd4    00000004     --HOLE-- [fill = 0]
                  1080efd8    0000001a     audio-3.obj (.cinit)
                  1080eff2    00000006     --HOLE-- [fill = 0]
                  1080eff8    00000018     bios.a64P : knl_tick.o64P (.cinit)
                  1080f010    0000000c               : idl_busy.o64P (.cinit)
                  1080f01c    00000004     --HOLE-- [fill = 0]
                  1080f020    0000000c               : knl_swit.o64P (.cinit)
                  1080f02c    00000004     --HOLE-- [fill = 0]
                  1080f030    0000000c     evmdm6437bsl.lib : evmdm6437_i2c.obj (.cinit)
                  1080f03c    00000004     --HOLE-- [fill = 0]
                  1080f040    0000000c                      : evmdm6437_psc.obj (.cinit)
                  1080f04c    00000004     --HOLE-- [fill = 0]
                  1080f050    0000000c     rts64plus.lib : sinit.obj (.cinit)
                  1080f05c    00000004     --HOLE-- [fill = 0]
                  1080f060    00000004     (.pad.cinit) [fill = 0]

.log       0    1080f064    00000018     
                  1080f064    00000018     myWorkcfg.obj (.log)

.args      0    1080f07c    00000004     
                  1080f07c    00000004     --HOLE-- [fill = 0]

.rtdx_text 
*          0    1080f080    00000fc0     
                  1080f080    000002a0     rtdx64xplus.lib : rtdx_mon.o64P (.rtdx_text:_HSRTDX_rec)
                  1080f320    00000260                     : buffer1.o64P (.rtdx_text:_RTDX_Buffer_WriteCB)
                  1080f580    00000260                     : buffer1.o64P (.rtdx_text:_RTDX_write_next)
                  1080f7e0    000001a0                     : rtdx_mon.o64P (.rtdx_text:_HSRTDX_xmt)
                  1080f980    00000160                     : rtdx_mon.o64P (.rtdx_text:_RTDX_Send_To_Host)
                  1080fae0    000000e0                     : rtdx_mon.o64P (.rtdx_text:_RTDX_Mon_Queue)
                  1080fbc0    000000e0                     : buffer1.o64P (.rtdx_text:_claim)
                  1080fca0    000000a0                     : rtdx_mon.o64P (.rtdx_text:_RTDX_GetH2THeader)
                  1080fd40    000000a0                     : rtdx_mon.o64P (.rtdx_text:_RTDX_Poll)
                  1080fde0    00000080                     : rtdx_mon.o64P (.rtdx_text:_RTDX_Final_RT_Monitor)
                  1080fe60    00000060                     : buffer1.o64P (.rtdx_text:_RTDX_Buffer_Initialize)
                  1080fec0    00000060                     : rtdx_mon.o64P (.rtdx_text:_RTDX_Init_RT_Monitor)
                  1080ff20    00000040                     : buffer2.o64P (.rtdx_text:_RTDX_Buffer_ReadCB)
                  1080ff60    00000040                     : buffer1.o64P (.rtdx_text:_RTDX_Buffer_Size)
                  1080ffa0    00000040                     : memfill.o64P (.rtdx_text:_RTDX_memfill)
                  1080ffe0    00000020                     : buffer2.o64P (.rtdx_text:_RTDX_Buffer_Read)
                  10810000    00000020                     : buffer1.o64P (.rtdx_text:_RTDX_Buffer_Write)
                  10810020    00000020                     : intr_tgt.o64P (.rtdx_text)

.far       0    10810040    00000860     UNINITIALIZED
                  10810040    000001d0     codec.obj (.far)
                  10810210    00000188     rts64plus.lib : atexit.obj (.far)
                  10810398    00000180     coeffs.obj (.far)
                  10810518    00000100     audio-3.obj (.far)
                  10810618    000000d8     bios.a64P : knl.o64P (.far)
                  108106f0    0000005c               : tsk.o64P (.far)
                  1081074c    00000004     biosDM420.a64P : clk_data.o64P (.far)
                  10810750    00000054     bios.a64P : obj_init.o64P (.far)
                  108107a4    00000050               : tsk_stup.o64P (.far)
                  108107f4    00000004     rts64plus.lib : sinit.obj (.far)
                  108107f8    00000020     bios.a64P : sys.o64P (.far)
                  10810818    00000020     evmdm6437bsl.lib : evmdm6437_gpio.obj (.far)
                  10810838    00000018     rtdx64xplus.lib : rtdx_mon.o64P (.far)
                  10810850    00000010     bios.a64P : exc.o64P (.far)
                  10810860    00000010               : knl_tick.o64P (.far)
                  10810870    0000000c               : utl_putc.o64P (.far)
                  1081087c    00000004     --HOLE--
                  10810880    0000000c     evmdm6437bsl.lib : evmdm6437_flash_id.obj (.far)
                  1081088c    0000000c     rts64plus.lib : exit.obj (.far)
                  10810898    00000008                   : _lock.obj (.far)

.sysinit   0    108108a0    00000620     
                  108108a0    00000360     myWorkcfg.obj (.sysinit)
                  10810c00    000000e0     biosDM420.a64P : clk_enable64LcTimer.o64P (.sysinit)
                  10810ce0    000000c0     bios.a64P : boot.o64P (.sysinit)
                  10810da0    000000a0               : mem_init.o64P (.sysinit)
                  10810e40    00000060               : tsk_init.o64P (.sysinit)
                  10810ea0    00000020               : obj_init.o64P (.sysinit)

.rtdx_data 
*          0    10810ec0    000004f4     UNINITIALIZED
                  10810ec0    00000080     --HOLE--
                  10810f40    00000410     myWorkcfg.obj (.rtdx_data)
                  10811350    00000044     rtdx64xplus.lib : rtdx_mon.o64P (.rtdx_data)
                  10811394    00000020                     : buffer1.o64P (.rtdx_data)

.mem       0    108113b4    00000004     UNINITIALIZED
                  108113b4    00000004     myWorkcfg.obj (.mem)

.TSK_idle$stk 
*          0    108113b8    00000400     UNINITIALIZED
                  108113b8    00000400     myWorkcfg.obj (.TSK_idle$stk)

.stack     0    108117b8    00000400     UNINITIALIZED
                  108117b8    00000400     --HOLE--

.bss       0    10811bb8    000003c0     UNINITIALIZED
                  10811bb8    00000100     bios.a64P : hwi_disp_asm.o64P (.bss)
                  10811cb8    000000cc               : biosdata.o64P (.bss)
                  10811d84    0000009c               : swi.o64P (.bss)
                  10811e20    00000048               : knl.o64P (.bss)
                  10811e68    00000028     myWorkcfg.obj (.bss)
                  10811e90    00000020     bios.a64P : exc_asm.o64P (.bss)
                  10811eb0    00000018               : hwi.o64P (.bss)
                  10811ec8    00000018     lnkrtdx.a64P : rtdx.o64P (.bss)
                  10811ee0    00000014     audio-3.obj (.bss)
                  10811ef4    00000014     dipMonitor.obj (.bss)
                  10811f08    00000010     bios.a64P : exc.o64P (.bss)
                  10811f18    00000010     evmdm6437bsl.lib : evmdm6437_flash_id.obj (.bss)
                  10811f28    00000010     rtdx64xplus.lib : buffer1.o64P (.bss)
                  10811f38    00000010                     : rtdx_mon.o64P (.bss)
                  10811f48    0000000c     bios.a64P : tsk.o64P (.bss)
                  10811f54    00000008               : clk_data.o64P (.bss)
                  10811f5c    00000008               : sys.o64P (.bss)
                  10811f64    00000004               : clk_data2.o64P (.bss)
                  10811f68    00000004               : idl_busy.o64P (.bss)
                  10811f6c    00000004               : mem_asm.o64P (.bss)
                  10811f70    00000004     evmdm6437bsl.lib : evmdm6437_i2c.obj (.bss)
                  10811f74    00000004                      : evmdm6437_psc.obj (.bss)

.const     0    10811f78    00000229     
                  10811f78    00000193     bios.a64P : exc.o64P (.const)
                  1081210b    0000004e               : tsk_stup.o64P (.const)
                  10812159    00000023               : utl_doab.o64P (.const)
                  1081217c    00000022               : utl_doer.o64P (.const)
                  1081219e    00000002     --HOLE-- [fill = 0]
                  108121a0    00000001               : tsk.o64P (.const)

.printf    0    108121a1    0000003f     COPY SECTION
                  108121a1    0000003f     myWorkcfg.obj (.printf)

.trace     0    108121a4    00000200     
                  108121a4    00000200     --HOLE-- [fill = 00000000]

.gblinit   0    108123a4    00000040     
                  108123a4    00000040     myWorkcfg.obj (.gblinit)

.hst1      0    108123e4    00000010     UNINITIALIZED
                  108123e4    00000010     myWorkcfg.obj (.hst1)

.pinit     0    108123f4    0000000c     
                  108123f4    00000004     rtdx64xplus.lib : buffer1.o64P (.pinit)
                  108123f8    00000004                     : rtdx_mon.o64P (.pinit)
                  108123fc    00000004     --HOLE-- [fill = 0]

.hwi_vec   0    10812400    00000200     
                  10812400    00000200     myWorkcfg.obj (.hwi_vec)

.LOG_system$buf 
*          0    10812600    00000100     UNINITIALIZED
                  10812600    00000100     myWorkcfg.obj (.LOG_system$buf)

.hst0      0    10812700    00000100     UNINITIALIZED
                  10812700    00000100     myWorkcfg.obj (.hst0)

.pip       0    10812800    000000c8     UNINITIALIZED
                  10812800    000000c8     myWorkcfg.obj (.pip)

.tsk       0    108128c8    00000060     UNINITIALIZED
                  108128c8    00000060     myWorkcfg.obj (.tsk)

.hst       0    10812928    0000003c     UNINITIALIZED
                  10812928    0000003c     myWorkcfg.obj (.hst)

.sts       0    10812964    00000030     
                  10812964    00000030     myWorkcfg.obj (.sts)

.swi       0    10812994    0000002c     UNINITIALIZED
                  10812994    0000002c     myWorkcfg.obj (.swi)

.switch    0    108129c0    00000020     
                  108129c0    00000020     evmdm6437bsl.lib : evmdm6437.obj (.switch)

.idl       0    108129e0    00000010     UNINITIALIZED
                  108129e0    00000010     myWorkcfg.obj (.idl)

.idlcal    0    108129f0    00000010     UNINITIALIZED
                  108129f0    00000010     myWorkcfg.obj (.idlcal)

.sys       0    10812a00    00000010     UNINITIALIZED
                  10812a00    00000010     myWorkcfg.obj (.sys)

.trcdata   0    10812a10    0000000c     
                  10812a10    0000000c     bios.a64P : trc.o64P (.trcdata)

.clk       0    10812a1c    00000008     UNINITIALIZED
                  10812a1c    00000008     myWorkcfg.obj (.clk)


GLOBAL SYMBOLS: SORTED ALPHABETICALLY BY Name 

address    name
--------   ----
10811bb8   $bss
10811bb8   .bss
10800000   .data
1080bc20   .text
10810a64   BIOS$$CLKOFF
10810a24   BIOS$$CLKON
108108a0   BIOS_init
10810acc   BIOS_start
00000000   BUF$
00000001   BUF_ENABLED
ffffffff   CACHE_L1D
ffffffff   CACHE_L1P
00000001   CLK$
10812a1c   CLK_A_TABBEG
00000001   CLK_CALDIV
00000001   CLK_CALMULT
00091050   CLK_COUNTSPMS
00000009   CLK_COUNTSPMSHIGH
10811ce0   CLK_D_idletime
10811cdc   CLK_D_isrhook
10811cd8   CLK_D_tabbeg
10811cd4   CLK_D_timefxn
00000001   CLK_ENABLEHTIME
1080bc00   CLK_F_gethtime
1080a7c0   CLK_F_getltime
1080a7d0   CLK_F_isr
1080a910   CLK_F_itime
10808ae0   CLK_HOOKFXN
00000001   CLK_HTIMEDIV
00000001   CLK_HTIMEMULT
00091050   CLK_HTIMEPERLTIME
00006978   CLK_INPUTCLK
00008000   CLK_INTBIT
00000001   CLK_LTIMEDIV
00091050   CLK_LTIMEMULT
000003e8   CLK_MICROSECS
00006978   CLK_PRD
00000000   CLK_PRDHIGH
01c21800   CLK_REGS
00000001   CLK_RESETTIMER
10811cd0   CLK_R_time
00000020   CLK_TCR
00000000   CLK_TDDR
00000000   CLK_TDDRHIGH
1080bc00   CLK_TIMEFXN
00000001   CLK_TIMERNUM
00000005   CLK_TIMMODE
00000001   CLK_USETIMER
10812a20   CLK_null
ffffffff   DDR2
00000000   DEV$
00000000   DGN$
00000000   DHL$
00000000   DHL_gChannelsAvailable
00000000   DIO$
00000000   DIO_NUMSWIBASE
00000000   DIO_NUMTSKBASE
00000000   DIO_STATIC
00000000   DPI$
00000000   ECM$
00000000   ECM_ENABLE
ffffffff   ECM_EVTMASK0
ffffffff   ECM_EVTMASK1
ffffffff   ECM_EVTMASK2
ffffffff   ECM_EVTMASK3
0000000a   EVENT10
00000064   EVENT100
00000065   EVENT101
00000066   EVENT102
00000067   EVENT103
00000068   EVENT104
00000069   EVENT105
0000006a   EVENT106
0000006b   EVENT107
0000006c   EVENT108
0000006d   EVENT109
0000000b   EVENT11
0000006e   EVENT110
0000006f   EVENT111
00000070   EVENT112
00000071   EVENT113
00000072   EVENT114
00000073   EVENT115
00000074   EVENT116
00000075   EVENT117
00000076   EVENT118
00000077   EVENT119
0000000c   EVENT12
00000078   EVENT120
00000079   EVENT121
0000007a   EVENT122
0000007b   EVENT123
0000007c   EVENT124
0000007d   EVENT125
0000007e   EVENT126
0000007f   EVENT127
0000000d   EVENT13
0000000e   EVENT14
0000000f   EVENT15
00000010   EVENT16
00000011   EVENT17
00000012   EVENT18
00000013   EVENT19
00000014   EVENT20
00000015   EVENT21
00000016   EVENT22
00000017   EVENT23
00000018   EVENT24
00000019   EVENT25
0000001a   EVENT26
0000001b   EVENT27
0000001c   EVENT28
0000001d   EVENT29
0000001e   EVENT30
0000001f   EVENT31
00000020   EVENT32
00000021   EVENT33
00000022   EVENT34
00000023   EVENT35
00000024   EVENT36
00000025   EVENT37
00000026   EVENT38
00000027   EVENT39
00000004   EVENT4
00000028   EVENT40
00000029   EVENT41
0000002a   EVENT42
0000002b   EVENT43
0000002c   EVENT44
0000002d   EVENT45
0000002e   EVENT46
0000002f   EVENT47
00000030   EVENT48
00000031   EVENT49
00000005   EVENT5
00000032   EVENT50
00000033   EVENT51
00000034   EVENT52
00000035   EVENT53
00000036   EVENT54
00000037   EVENT55
00000038   EVENT56
00000039   EVENT57
0000003a   EVENT58
0000003b   EVENT59
00000006   EVENT6
0000003c   EVENT60
0000003d   EVENT61
0000003e   EVENT62
0000003f   EVENT63
00000040   EVENT64
00000041   EVENT65
00000042   EVENT66
00000043   EVENT67
00000044   EVENT68
00000045   EVENT69
00000007   EVENT7
00000046   EVENT70
00000047   EVENT71
00000048   EVENT72
00000049   EVENT73
0000004a   EVENT74
0000004b   EVENT75
0000004c   EVENT76
0000004d   EVENT77
0000004e   EVENT78
0000004f   EVENT79
00000008   EVENT8
00000050   EVENT80
00000051   EVENT81
00000052   EVENT82
00000053   EVENT83
00000054   EVENT84
00000055   EVENT85
00000056   EVENT86
00000057   EVENT87
00000058   EVENT88
00000059   EVENT89
00000009   EVENT9
0000005a   EVENT90
0000005b   EVENT91
0000005c   EVENT92
0000005d   EVENT93
0000005e   EVENT94
0000005f   EVENT95
00000060   EVENT96
00000061   EVENT97
00000062   EVENT98
00000063   EVENT99
1080b760   FXN_F_nop
1080b764   FXN_F_run
1080b7a0   FXN_F_zero
00000001   GBL$
00005205   GBL_A_VERSION
00000000   GBL_BCACHEREADADDR0
00000000   GBL_BCACHEREADADDR1
00000000   GBL_BCACHEREADADDR2
00000000   GBL_BIGENDIAN
00000000   GBL_CACHE
00000000   GBL_CALLCSLCFGINIT
00004e20   GBL_CLKIN
00001918   GBL_CLKTYPE
00001963   GBL_DSPSUBTYPE
0000003e   GBL_DSPTYPE
00000001   GBL_ENABLEINST
00000000   GBL_ENABLE_SK
00000042   GBL_FOOTPRINT
00091050   GBL_FREQ
00000000   GBL_GEMTRUECOMPEN
00000007   GBL_L1DMODE
00000007   GBL_L1PMODE
00000001   GBL_L2CONFIGURE
00000000   GBL_L2MAR0_31
00000000   GBL_L2MAR128_159
00000000   GBL_L2MAR160_191
00000000   GBL_L2MAR192_223
00000000   GBL_L2MAR224_255
00000000   GBL_L2MAR32_63
00000000   GBL_L2MAR64_95
00000000   GBL_L2MAR96_127
00000000   GBL_L2MODE
00000000   GBL_NULL
00000000   GBL_PROCID
00000000   GBL_ROM
00000000   GBL_SUPPORTCSL
0000dbef   GBL_TRCMASKVALUE
00000000   GBL_USERINIT
1080bb40   GBL_USERINITFXN
00000001   GBL_boot
10812a18   GBL_initdone
108117b8   GBL_stackbeg
10811bb7   GBL_stackend
00000000   GIO$
1080bb40   GIO_CREATEFXN
1080bb40   GIO_DELETEFXN
1080bb40   GIO_PENDFXN
1080bb40   GIO_POSTFXN
00000000   HOOK$
00000000   HOOK_KNLID
00000001   HST$
10812928   HST_A_TABBEG
10812964   HST_A_TABEND
00000000   HST_DSM
10811e74   HST_DSMBUFSEG
00000400   HST_DSMMEMSIZE
10811d4c   HST_D_chanmask
10811d50   HST_D_tabbeg
10811d54   HST_D_tabend
000000ff   HST_MAXFRAMEALLOWED
00000040   HST_MAXFRAMESET
00000000   HST_NONE
00000001   HST_RTDX
00000001   HWI$
10812400   HWI_A_VECS
00009818   HWI_CFGDISPATCHED
10811ec0   HWI_D_bss
10811ec4   HWI_D_ccmask
10811eb0   HWI_D_spsave
00000001   HWI_ENABLE_EXC
10808ae0   HWI_F_dispatch
00000000   HWI_GENERATE_RESET_VEC
0000000a   HWI_INT10
00000000   HWI_INT10$hwi
0000000b   HWI_INT11
00000000   HWI_INT11$hwi
0000000c   HWI_INT12
00000000   HWI_INT12$hwi
0000000d   HWI_INT13
00000000   HWI_INT13$hwi
0000000e   HWI_INT14
00000000   HWI_INT14$hwi
0000000f   HWI_INT15
00000000   HWI_INT15$hwi
00000004   HWI_INT4
00000000   HWI_INT4$hwi
00000005   HWI_INT5
00000000   HWI_INT5$hwi
00000006   HWI_INT6
00000000   HWI_INT6$hwi
00000007   HWI_INT7
00000000   HWI_INT7$hwi
00000008   HWI_INT8
00000000   HWI_INT8$hwi
00000009   HWI_INT9
00000000   HWI_INT9$hwi
07060533   HWI_INTRMUX1
0b0a0908   HWI_INTRMUX2
06040d0c   HWI_INTRMUX3
00000001   HWI_NMI
00000000   HWI_NMI$hwi
00000000   HWI_POLARITYMASK
00000002   HWI_RESERVED0
00000000   HWI_RESERVED0$hwi
00000003   HWI_RESERVED1
00000000   HWI_RESERVED1$hwi
00000000   HWI_RESET
00000000   HWI_RESET$hwi
00000000   HWI_ZEROTAB
00000001   IDL$
108129f0   IDL_A_CALBEG
108129e0   IDL_A_TABBEG
00000006   IDL_CALIBRERROR
1080ba60   IDL_CALIBRFXN
10811f68   IDL_D_busyObj
10811cc0   IDL_D_calbeg
10811cbc   IDL_D_calibrate
10811cb8   IDL_D_tabbeg
108129ec   IDL_END
108129fc   IDL_END$
1080b820   IDL_F_busy
1080b6e0   IDL_F_calibrate
1080bb80   IDL_F_loop
1080ba60   IDL_F_stub
00000001   IDL_USECLKIDLTIME
10812988   IDL_busyObj
108121db   IDL_busyObj$avgfmt
00000001   IDL_busyObj$filter
00000001   IDL_busyObj$iA
00000000   IDL_busyObj$iB
00000001   IDL_busyObj$iC
108121d5   IDL_busyObj$maxfmt
00000000   IDL_busyObj$operation
10812984   IDL_busyObj$stsobj
108121d8   IDL_busyObj$sumfmt
00000002   IDL_busyObj$unittype
108129e0   IDL_cpuLoad
108129f0   IDL_cpuLoad$
10811e74   IRAM
10800000   IRAM$B
00008000   IRAM$L
00000001   ISRC$
1080aab8   KNL_glue
10812994   KNL_swi
00000001   KNL_swi$dorta
00000000   KNL_swi$ord
00000000   KNL_swi$pri
10812968   KNL_swi$sts
108121b1   KNL_swi$sts$avgfmt
00000002   KNL_swi$sts$filter
00000001   KNL_swi$sts$filtmaxmult
00000001   KNL_swi$sts$filtsummult
108121a1   KNL_swi$sts$maxfmt
10812964   KNL_swi$sts$stsobj
108121a9   KNL_swi$sts$sumfmt
00000000   KNL_swi$sts$unittype
00000000   KNL_swi$swi
ffffffff   L1DSRAM
00000001   LCK$
10808000   LNK_F_checkBufferCall
10808080   LNK_F_dataPump
10808020   LNK_F_getChanPtr
10808078   LNK_F_init
10808588   LNK_F_readCallBack
108129e4   LNK_dataPump
108129f4   LNK_dataPump$
10811ecc   LNK_dspFrameReadyMask
10811ec8   LNK_dspFrameRequestMask
10808300   LNK_newin
10808434   LNK_newout
10808090   LNK_rcloop
10808154   LNK_rdrtry
10811ed4   LNK_readDone
10811ed8   LNK_readFail
10811ed0   LNK_readPend
10808164   LNK_rrloop
10811edc   LNK_writeFail
10808230   LNK_wrloop
10808224   LNK_wrrtry
00000001   LOG$
1080f064   LOG_A_TABBEG
1080f07c   LOG_A_TABEND
00000001   LOG_A_TABLEN
10811cc4   LOG_D_system
00000001   LOG_ENABLED
1080b660   LOG_F_event
1080f064   LOG_system
10812600   LOG_system$buf
00000000   LOG_system$datatype
00000000   LOG_system$log
00000040   LOG_system$size
00000000   MBX$
00000001   MEM$
10811e74   MEM_MALLOCSEG
00000000   MEM_NULL
10811e74   MEM_SEGZERO
00000000   MEM_USEMPC
00000001   MEM_gNumHeap
00000000   MSGQ$
00000000   MSGQ_USEMSGQ
00000000   OBJ$
00000000   PIP$
10812800   PIP_A_TABBEG
108128c8   PIP_A_TABEND
00000002   PIP_A_TABLEN
10811cc8   PIP_D_tabbeg
10811ccc   PIP_D_tablen
1080a2f8   PIP_F_give
1080a2f8   PIP_F_probe
1080a3c8   PIP_F_start
1080a280   PIP_F_take
00000064   PIP_OBJSIZE
00000000   PIP_gNextId
00000002   PIP_gNumEmbed
00000000   POOL$
00000000   POOL_USEPOOL
00000001   PRD$
10800000   PRD_A_TABBEG
10800000   PRD_A_TABEND
00000000   PRD_A_TABLEN
10811d08   PRD_D_cur
10811d0c   PRD_D_elapsed
10811d10   PRD_D_prevtim
10811d14   PRD_D_scalar
10811d18   PRD_D_swihandle
10811d1c   PRD_D_tabbeg
10811d20   PRD_D_tablen
10811d24   PRD_D_thook
10811d04   PRD_D_tick
10809480   PRD_F_swi
10809704   PRD_F_tick
00004000   PRD_SCALAR
00000000   PRD_SWIHANDLE
1080a26c   PRD_THOOKFXN
10812a1c   PRD_clock
00000001   QUE$
10811d28   RTA_D_fromHost
10811d30   RTA_D_logval
10811d40   RTA_D_stsval
10811d2c   RTA_D_toHost
1080baa0   RTA_F_andn
108098e0   RTA_F_dispatch
10809800   RTA_F_getlog
10809838   RTA_F_getsts
1080bab8   RTA_F_or
10809878   RTA_F_readblk
108098a0   RTA_F_resetmem
10809894   RTA_F_writeword
108129e8   RTA_dispatcher
108129f8   RTA_dispatcher$
1080992c   RTA_execute
1081292c   RTA_fromHost
108123e4   RTA_fromHost$buf
00000004   RTA_fromHost$framesize
00000000   RTA_fromHost$hst
00000001   RTA_fromHost$id
00000000   RTA_fromHost$mode
10812800   RTA_fromHost$pipe
10812830   RTA_fromHost$pipe$aaa
10812860   RTA_fromHost$pipe$bbb
10811e78   RTA_fromHost$pipe$dtab
10812804   RTA_fromHost$pipe$rd
10812834   RTA_fromHost$pipe$wr
10812934   RTA_fromHost$rtdx
10812948   RTA_toHost
10812700   RTA_toHost$buf
00000040   RTA_toHost$framesize
00000000   RTA_toHost$hst
00000000   RTA_toHost$id
00000001   RTA_toHost$mode
10812864   RTA_toHost$pipe
10812894   RTA_toHost$pipe$aaa
108128c4   RTA_toHost$pipe$bbb
10811e84   RTA_toHost$pipe$dtab
10812868   RTA_toHost$pipe$rd
10812898   RTA_toHost$pipe$wr
10812950   RTA_toHost$rtdx
00000001   RTDX$
00000408   RTDX_BUFMEMSIZE
10811e74   RTDX_DATAMEMSEG
00000000   RTDX_MODE
00000001   RTDX_NORMALIZED_HDR
00000001   RTDX_USERTDX
00000000   RTDX_USERTEXECUTION
00000000   SEM$
00000000   SIO$
ffffffff   SRAM
00000001   STS$
10812964   STS_A_TABBEG
10812994   STS_A_TABEND
1080b90c   STS_F_add
1080b8e0   STS_F_delta
1080b928   STS_F_reset
00000001   SWI$
10812994   SWI_A_TABBEG
108129c0   SWI_A_TABEND
00000001   SWI_A_TABLEN
10811d9c   SWI_D_curfxn
10811d8c   SWI_D_curmask
10811d98   SWI_D_curmbox
10811d90   SWI_D_curset
10811d88   SWI_D_execaddr
10811da4   SWI_D_inswi
10811d94   SWI_D_lock
10811da0   SWI_D_rdybeg
10811da8   SWI_D_rdytab
10811d84   SWI_D_runaddr
00000000   SWI_EHOOKFXN
108091a4   SWI_EXECFXN
10808fc0   SWI_F_enable
108091a4   SWI_F_exec
108091cc   SWI_F_iexec
10809030   SWI_F_post
1080924c   SWI_F_run
00000000   SWI_IHOOKFXN
1080924c   SWI_RUNFXN
00000001   SYS$
10812a00   SYS$config
1080bae0   SYS_ABORTFXN
1080bbc0   SYS_ERRORFXN
1080bbe0   SYS_EXITFXN
1080b9a0   SYS_PUTCFXN
10812a14   TRC_R_mask
10812a10   TRC_cinit
00000001   TSK$
00000000   TSK_NUM_HOOKS
00000001   TSK_PRIORITY
00000000   TSK_READYFXN
00000000   TSK_STACKSEG
00000400   TSK_STACKSIZE
00000000   TSK_SWITCHFXN
1080bb40   TSK_VCREATEFXN
1080bb40   TSK_VDELETEFXN
1080bb40   TSK_VEXITFXN
108128d4   TSK_idle
00000000   TSK_idle$ord
00000000   TSK_idle$pri
108113b8   TSK_idle$stack
10811750   TSK_idle$stkptr
10812978   TSK_idle$sts
108121cb   TSK_idle$sts$avgfmt
00000002   TSK_idle$sts$filter
00000001   TSK_idle$sts$filtmaxmult
00000001   TSK_idle$sts$filtsummult
108121bb   TSK_idle$sts$maxfmt
10812974   TSK_idle$sts$stsobj
108121c3   TSK_idle$sts$sumfmt
00000000   TSK_idle$sts$unittype
00000000   TSK_idle$tsk
00000000   UDEV$
1080bb40   _BCACHE_bootInit
1080ae74   _BCACHE_getMar
1080ae24   _BCACHE_getSize
1080adf4   _BCACHE_setCacheToSram
1080ada4   _BCACHE_setMar
1080ad60   _BCACHE_setSize
108108a0   _BIOS_init
10810acc   _BIOS_start
ffffffff   _CACHE_L1D
ffffffff   _CACHE_L1P
00091050   _CLK_COUNTSPMS
10811f54   _CLK_DFLTMICROSECS
10811d00   _CLK_D_countspms
10811cf4   _CLK_D_dirty
10811f58   _CLK_D_microseconds
10811cf8   _CLK_D_prd
10811cfc   _CLK_D_tddr
1080a910   _CLK_F_itime
00006978   _CLK_PRD
01c21800   _CLK_REGS
00000000   _CLK_TDDR
00000001   _CLK_TIMERNUM
00000001   _CLK_USETIMER
10810c00   _CLK_enableTimer
1080bc00   _CLK_gethtime
1080bb20   _CLK_getltime
10811ce4   _CLK_htimeDiv
10811ce8   _CLK_htimeMult
10811f64   _CLK_htimePerLtime
1081074c   _CLK_inputClock
1080a910   _CLK_itime
10811cec   _CLK_ltimeDiv
10811cf0   _CLK_ltimeMult
1080ba00   _CLK_measure
ffffffff   _DDR2
0000000a   _EVENT10
00000064   _EVENT100
00000065   _EVENT101
00000066   _EVENT102
00000067   _EVENT103
00000068   _EVENT104
00000069   _EVENT105
0000006a   _EVENT106
0000006b   _EVENT107
0000006c   _EVENT108
0000006d   _EVENT109
0000000b   _EVENT11
0000006e   _EVENT110
0000006f   _EVENT111
00000070   _EVENT112
00000071   _EVENT113
00000072   _EVENT114
00000073   _EVENT115
00000074   _EVENT116
00000075   _EVENT117
00000076   _EVENT118
00000077   _EVENT119
0000000c   _EVENT12
00000078   _EVENT120
00000079   _EVENT121
0000007a   _EVENT122
0000007b   _EVENT123
0000007c   _EVENT124
0000007d   _EVENT125
0000007e   _EVENT126
0000007f   _EVENT127
0000000d   _EVENT13
0000000e   _EVENT14
0000000f   _EVENT15
00000010   _EVENT16
00000011   _EVENT17
00000012   _EVENT18
00000013   _EVENT19
00000014   _EVENT20
00000015   _EVENT21
00000016   _EVENT22
00000017   _EVENT23
00000018   _EVENT24
00000019   _EVENT25
0000001a   _EVENT26
0000001b   _EVENT27
0000001c   _EVENT28
0000001d   _EVENT29
0000001e   _EVENT30
0000001f   _EVENT31
00000020   _EVENT32
00000021   _EVENT33
00000022   _EVENT34
00000023   _EVENT35
00000024   _EVENT36
00000025   _EVENT37
00000026   _EVENT38
00000027   _EVENT39
00000004   _EVENT4
00000028   _EVENT40
00000029   _EVENT41
0000002a   _EVENT42
0000002b   _EVENT43
0000002c   _EVENT44
0000002d   _EVENT45
0000002e   _EVENT46
0000002f   _EVENT47
00000030   _EVENT48
00000031   _EVENT49
00000005   _EVENT5
00000032   _EVENT50
00000033   _EVENT51
00000034   _EVENT52
00000035   _EVENT53
00000036   _EVENT54
00000037   _EVENT55
00000038   _EVENT56
00000039   _EVENT57
0000003a   _EVENT58
0000003b   _EVENT59
00000006   _EVENT6
0000003c   _EVENT60
0000003d   _EVENT61
0000003e   _EVENT62
0000003f   _EVENT63
00000040   _EVENT64
00000041   _EVENT65
00000042   _EVENT66
00000043   _EVENT67
00000044   _EVENT68
00000045   _EVENT69
00000007   _EVENT7
00000046   _EVENT70
00000047   _EVENT71
00000048   _EVENT72
00000049   _EVENT73
0000004a   _EVENT74
0000004b   _EVENT75
0000004c   _EVENT76
0000004d   _EVENT77
0000004e   _EVENT78
0000004f   _EVENT79
00000008   _EVENT8
00000050   _EVENT80
00000051   _EVENT81
00000052   _EVENT82
00000053   _EVENT83
00000054   _EVENT84
00000055   _EVENT85
00000056   _EVENT86
00000057   _EVENT87
00000058   _EVENT88
00000059   _EVENT89
00000009   _EVENT9
0000005a   _EVENT90
0000005b   _EVENT91
0000005c   _EVENT92
0000005d   _EVENT93
0000005e   _EVENT94
0000005f   _EVENT95
00000060   _EVENT96
00000061   _EVENT97
00000062   _EVENT98
00000063   _EVENT99
1080c934   _EVMDM6437_AIC33_config
1080c760   _EVMDM6437_AIC33_rget
1080c810   _EVMDM6437_AIC33_rset
1080c878   _EVMDM6437_AIC33_rset_mask
1080d440   _EVMDM6437_DDR_init
1080c578   _EVMDM6437_FLASH_getTotalPages
1080d5a0   _EVMDM6437_FLASH_init
1080d3c4   _EVMDM6437_GPIO_getInput
1080d280   _EVMDM6437_GPIO_init
1080d294   _EVMDM6437_GPIO_setDir
1080d334   _EVMDM6437_GPIO_setOutput
1080d240   _EVMDM6437_I2C_GPIO_checkIntr
1080d1b4   _EVMDM6437_I2C_GPIO_getInput
1080d0b8   _EVMDM6437_I2C_GPIO_getall
1080d0a0   _EVMDM6437_I2C_GPIO_init
1080d104   _EVMDM6437_I2C_GPIO_setOutput
1080d0e0   _EVMDM6437_I2C_GPIO_setall
1080d208   _EVMDM6437_I2C_GPIO_setupIntr
1080d250   _EVMDM6437_I2C_GPIO_waitForIntr
1080ca40   _EVMDM6437_I2C_close
1080ca00   _EVMDM6437_I2C_init
1080cb60   _EVMDM6437_I2C_read
1080ca54   _EVMDM6437_I2C_reset
1080ca68   _EVMDM6437_I2C_write
1080cd10   _EVMDM6437_PSC_changeState
1080cc60   _EVMDM6437_PSC_enableAll
1080bc20   _EVMDM6437_enablePll1
1080be30   _EVMDM6437_enablePll2
1080c100   _EVMDM6437_init
1080c0a0   _EVMDM6437_startupGEL
10808ab0   _EXC_clearLastStatus
10809ec0   _EXC_dispatch
10808934   _EXC_exceptionHandler
10811f08   _EXC_exceptionHook
10808900   _EXC_external
10811f10   _EXC_externalHook
108088e0   _EXC_getLastStatus
108088a0   _EXC_init
108085f4   _EXC_internal
10811f0c   _EXC_internalHook
108085c0   _EXC_nmi
10811f14   _EXC_nmiHook
10811e98   _EXC_returnPtr
1080a084   _EXC_setReturnPtr
10810850   _EXC_status
10811e90   _EXC_sysTrapTable
1080bb40   _FXN_F_nop
1080b764   _FXN_F_run
1080b7a0   _FXN_F_zero
00000000   _GBL_CACHE
1080af04   _GBL_cacheInit64P
10811d5c   _GBL_clkIn
10811d60   _GBL_freq
1080bb60   _GBL_getVersion
10811d58   _GBL_procId
1080f080   _HSRTDX_rec
1080f7e0   _HSRTDX_xmt
10812928   _HST_A_TABBEG
10812964   _HST_A_TABEND
00009818   _HWI_CFGDISPATCHED
10811ebc   _HWI_D_inhwi
10811eb0   _HWI_D_spsave
10808ae0   _HWI_F_dispatch
0000000a   _HWI_INT10
0000000b   _HWI_INT11
0000000c   _HWI_INT12
0000000d   _HWI_INT13
0000000e   _HWI_INT14
0000000f   _HWI_INT15
00000004   _HWI_INT4
00000005   _HWI_INT5
00000006   _HWI_INT6
00000007   _HWI_INT7
00000008   _HWI_INT8
00000009   _HWI_INT9
00000001   _HWI_NMI
00000002   _HWI_RESERVED0
00000003   _HWI_RESERVED1
00000000   _HWI_RESET
10811bb0   _HWI_STKBOTTOM
108117b8   _HWI_STKTOP
10811eb0   _HWI_data
1080b7c0   _HWI_disable
10811bb8   _HWI_dispatchTab
1080b7d8   _HWI_enable
1080b7ec   _HWI_restore
10812988   _IDL_busyObj
108129e0   _IDL_cpuLoad
1080bb80   _IDL_loop
10811e74   _IRAM
10800000   _IRAM_base
00008000   _IRAM_length
10811e28   _KNL_alarm
1080afc0   _KNL_check
10811e4c   _KNL_curqueue
10811e3c   _KNL_curtask
10811e44   _KNL_curtime
108106b8   _KNL_dummy
1080b320   _KNL_enter
1080b2e0   _KNL_exit
1080b088   _KNL_idle
10811e64   _KNL_idlefxn
10811e30   _KNL_inactive
1080b4e0   _KNL_ipost
1080b0b0   _KNL_max
10811e50   _KNL_maxqueue
1080b560   _KNL_post
10811e40   _KNL_prevtask
10811e34   _KNL_priority
10810618   _KNL_queues
10809a80   _KNL_run
1080a960   _KNL_saveIsrFrame
10811e38   _KNL_set
10811e2c   _KNL_setpri
10812994   _KNL_swi
10811e48   _KNL_swiptr
1080aa0c   _KNL_switch
10811e58   _KNL_tcreatefxn
10811e5c   _KNL_tdeletefxn
1080a26c   _KNL_tick
10811e60   _KNL_treadyfxn
10811e54   _KNL_tswitchfxn
10811e20   _KNL_wFlag
10811e24   _KNL_wList
ffffffff   _L1DSRAM
1080b600   _LCK_pend
1080b5e0   _LCK_post
108129e4   _LNK_dataPump
10811ecc   _LNK_dspFrameReadyMask
10811ec8   _LNK_dspFrameRequestMask
10811ed4   _LNK_readDone
10811ed8   _LNK_readFail
10811ed0   _LNK_readPend
10811edc   _LNK_writeFail
1080f064   _LOG_A_TABBEG
1080f07c   _LOG_A_TABEND
00000001   _LOG_A_TABLEN
10811cc4   _LOG_D_system
1080b660   _LOG_event
1080f064   _LOG_system
10811f6c   _MEM
10811d64   _MEM_D_NUMSEGMENTS
10811d6c   _MEM_D_freelist
10811d70   _MEM_D_lockaddr
10811d68   _MEM_D_memtab
10811d74   _MEM_D_unlockaddr
10810da0   _MEM_init
10811e68   _MEM_memtab
10810ea0   _OBJ_init
10810788   _OBJ_segtab
10810750   _OBJ_table
10812800   _PIP_A_TABBEG
108128c8   _PIP_A_TABEND
10811d04   _PRD_D_tick
10812a1c   _PRD_clock
108129e8   _RTA_dispatcher
1081292c   _RTA_fromHost
10812948   _RTA_toHost
10810f40   _RTDX_Buffer
1081134c   _RTDX_Buffer_End
1080fe60   _RTDX_Buffer_Initialize
1080ffe0   _RTDX_Buffer_Read
1080ff20   _RTDX_Buffer_ReadCB
1080ff60   _RTDX_Buffer_Size
10811348   _RTDX_Buffer_Start
10810000   _RTDX_Buffer_Write
1080f320   _RTDX_Buffer_WriteCB
1080fde0   _RTDX_Final_RT_Monitor
1080fec0   _RTDX_Init_RT_Monitor
00000002   _RTDX_JTAGONLY
10810020   _RTDX_Mask_IER
1080fae0   _RTDX_Mon_Queue
1080fd40   _RTDX_Poll
00000000   _RTDX_interrupt_mask
1080ffa0   _RTDX_memfill
108113a0   _RTDX_writing
1080b880   _SEM_pend
10809cc0   _SEM_pendEnterKnl
1080b200   _SEM_post
1080b200   _SEM_postBinary
1080b3a0   _SEM_postEnterKnl
ffffffff   _SRAM
10812964   _STS_A_TABBEG
10812994   _STS_A_TABEND
1080b90c   _STS_add
1080b8e0   _STS_delta
1080b928   _STS_reset
1080bba0   _STS_set
10811d9c   _SWI_D_curfxn
10811d8c   _SWI_D_curmask
10811d90   _SWI_D_curset
10811d88   _SWI_D_execaddr
10811da4   _SWI_D_inswi
10811d94   _SWI_D_lock
10811da0   _SWI_D_rdybeg
10811d84   _SWI_D_runaddr
10811d84   _SWI_data
10809030   _SWI_post
10811d78   _SYS
108121a4   _SYS_PUTCBEG
108123a3   _SYS_PUTCEND
1080b940   _SYS_abort
1080b440   _SYS_exit
108107f8   _SYS_exitStack
10811f5c   _SYS_exitStackPtr
10811f60   _SYS_exitStackTop
10812a14   _TRC_R_mask
10811f50   _TSK
108106f0   _TSK_ATTRS
1081070c   _TSK_config
1080ac20   _TSK_exit
108128d4   _TSK_idle
10810e40   _TSK_init
10811f48   _TSK_nTasks
10811f4c   _TSK_pid
1080a620   _TSK_setup
1080b184   _TSK_startup
1081072c   _TSK_timerSem
1080bae0   _UTL_doAbort
1080bbc0   _UTL_doError
1080b9a0   _UTL_doPutc
1080bbe0   _UTL_halt
1080a930   __CLK_lat1beg
1080a950   __CLK_lat1end
1080c460   __FLASH_getId
1080c564   __FLASH_getMfg
1080c6b8   __FLASH_getPageLength
1080c6c4   __FLASH_nextPage
1080d5ec   __FLASH_waitWhileErasing
1080d658   __FLASH_waitWhileProgramming
10811d80   __HOOK_NUMHOOKS
10811d7c   __HOOK_knlId
10808ae0   __HWI_lat1beg
10808c68   __HWI_lat1end
10808c68   __HWI_lat2beg
10808e44   __HWI_lat2end1
10808dd0   __HWI_lat2end2
10808e60   __HWI_lat3beg
10808e00   __HWI_lat3end2
1080b820   __IDL_lat1beg
1080b860   __IDL_lat1end
1080b00c   __KNL_lat1beg
1080b088   __KNL_lat1end
1080b660   __LOG_lat1beg
108107cc   __MEM_mutex
108098a0   __RTA_lat1beg
108098d4   __RTA_lat1end
1080a460   __SEM_dopost
10811bb8   __STACK_END
00000400   __STACK_SIZE
10809138   __SWI_lat1beg
108091e4   __SWI_lat1end
108091e8   __SWI_lat2beg
10809248   __SWI_lat2end
10808fc0   __SWI_lat3beg
1080902c   __SWI_lat3end
108107a4   __TSK_mutex
10810894   ___TI_enable_exit_profile_output
ffffffff   ___TI_pprof_out_hndl
ffffffff   ___TI_prof_data_size
ffffffff   ___TI_prof_data_start
1080dda0   ___add_dtor
10810210   ___atexit_func_id__
ffffffff   ___binit__
10811bb8   ___bss__
ffffffff   ___c_args__
1080de40   ___cinit__
10800000   ___data__
10800000   ___edata__
10811f78   ___end__
1080de40   ___etext__
108123f4   ___pinit__
1080bc20   ___text__
1080aae0   __auto_init
1080dac0   __c6xabi_divu
1081088c   __cleanup_ptr
1080c1d4   __clrPinMux
1080dac0   __divu
10810890   __dtors_ptr
10810898   __lock
1080dde0   __nop
1080de00   __register_lock
1080de20   __register_unlock
1080c218   __resetEMIF
1080c190   __setPinMux
1080c314   __setupEMIF
1080c118   __setupPinMux
108117b8   __stack
1081089c   __unlock
1080c3f8   __wait
1080c42c   __waitusec
1080db80   _atexit
10810518   _buf
10810ce0   _c_int00
1080d800   _call_dtors
10810398   _coeffs
108107f4   _dtors
1080d9e0   _fir
10811ef4   _hw_sw0
10811ef6   _hw_sw1
10811ef8   _hw_sw2
10811efa   _hw_sw3
10811f70   _i2c_timeout
1080d900   _initCodec
1080d6e0   _initDipSwitches
1080cf30   _isrAudio
1080cea0   _main
1080dd00   _memcpy
1080d754   _readDipSwitches
10810110   _readback
10811f30   _rtdxNullChanCnt
10811f34   _rtdxNullFuncCnt
10811f3c   _rtdxRecNotDoneCnt
10811f44   _rtdxXmtErrorCnt
10811f38   _rtdxXmtNotDoneCnt
10811f40   _rtdxXmtRestartCnt
10811394   _rtdx_buffer_state
10811350   _rtdx_mon_state
10811ee0   _sw0
10811ee2   _sw1
10811efc   _sw2
10811efe   _sw3
ffffffff   binit
1080de40   cinit
10800000   edata
10811f78   end
1080de40   etext
10812400   hwi0
10812420   hwi1
10812540   hwi10
10812560   hwi11
10812580   hwi12
108125a0   hwi13
108125c0   hwi14
108125e0   hwi15
10812440   hwi2
10812460   hwi3
10812480   hwi4
108124a0   hwi5
108124c0   hwi6
108124e0   hwi7
10812500   hwi8
10812520   hwi9
108123f4   pinit


GLOBAL SYMBOLS: SORTED BY Symbol Address 

address    name
--------   ----
00000000   BUF$
00000000   CLK_PRDHIGH
00000000   CLK_TDDR
00000000   CLK_TDDRHIGH
00000000   DEV$
00000000   DGN$
00000000   DHL$
00000000   DHL_gChannelsAvailable
00000000   DIO$
00000000   DIO_NUMSWIBASE
00000000   DIO_NUMTSKBASE
00000000   DIO_STATIC
00000000   DPI$
00000000   ECM$
00000000   ECM_ENABLE
00000000   GBL_BCACHEREADADDR0
00000000   GBL_BCACHEREADADDR1
00000000   GBL_BCACHEREADADDR2
00000000   GBL_BIGENDIAN
00000000   GBL_CACHE
00000000   GBL_CALLCSLCFGINIT
00000000   GBL_ENABLE_SK
00000000   GBL_GEMTRUECOMPEN
00000000   GBL_L2MAR0_31
00000000   GBL_L2MAR128_159
00000000   GBL_L2MAR160_191
00000000   GBL_L2MAR192_223
00000000   GBL_L2MAR224_255
00000000   GBL_L2MAR32_63
00000000   GBL_L2MAR64_95
00000000   GBL_L2MAR96_127
00000000   GBL_L2MODE
00000000   GBL_NULL
00000000   GBL_PROCID
00000000   GBL_ROM
00000000   GBL_SUPPORTCSL
00000000   GBL_USERINIT
00000000   GIO$
00000000   HOOK$
00000000   HOOK_KNLID
00000000   HST_DSM
00000000   HST_NONE
00000000   HWI_GENERATE_RESET_VEC
00000000   HWI_INT10$hwi
00000000   HWI_INT11$hwi
00000000   HWI_INT12$hwi
00000000   HWI_INT13$hwi
00000000   HWI_INT14$hwi
00000000   HWI_INT15$hwi
00000000   HWI_INT4$hwi
00000000   HWI_INT5$hwi
00000000   HWI_INT6$hwi
00000000   HWI_INT7$hwi
00000000   HWI_INT8$hwi
00000000   HWI_INT9$hwi
00000000   HWI_NMI$hwi
00000000   HWI_POLARITYMASK
00000000   HWI_RESERVED0$hwi
00000000   HWI_RESERVED1$hwi
00000000   HWI_RESET
00000000   HWI_RESET$hwi
00000000   HWI_ZEROTAB
00000000   IDL_busyObj$iB
00000000   IDL_busyObj$operation
00000000   KNL_swi$ord
00000000   KNL_swi$pri
00000000   KNL_swi$sts$unittype
00000000   KNL_swi$swi
00000000   LOG_system$datatype
00000000   LOG_system$log
00000000   MBX$
00000000   MEM_NULL
00000000   MEM_USEMPC
00000000   MSGQ$
00000000   MSGQ_USEMSGQ
00000000   OBJ$
00000000   PIP$
00000000   PIP_gNextId
00000000   POOL$
00000000   POOL_USEPOOL
00000000   PRD_A_TABLEN
00000000   PRD_SWIHANDLE
00000000   RTA_fromHost$hst
00000000   RTA_fromHost$mode
00000000   RTA_toHost$hst
00000000   RTA_toHost$id
00000000   RTDX_MODE
00000000   RTDX_USERTEXECUTION
00000000   SEM$
00000000   SIO$
00000000   SWI_EHOOKFXN
00000000   SWI_IHOOKFXN
00000000   TSK_NUM_HOOKS
00000000   TSK_READYFXN
00000000   TSK_STACKSEG
00000000   TSK_SWITCHFXN
00000000   TSK_idle$ord
00000000   TSK_idle$pri
00000000   TSK_idle$sts$unittype
00000000   TSK_idle$tsk
00000000   UDEV$
00000000   _CLK_TDDR
00000000   _GBL_CACHE
00000000   _HWI_RESET
00000000   _RTDX_interrupt_mask
00000001   BUF_ENABLED
00000001   CLK$
00000001   CLK_CALDIV
00000001   CLK_CALMULT
00000001   CLK_ENABLEHTIME
00000001   CLK_HTIMEDIV
00000001   CLK_HTIMEMULT
00000001   CLK_LTIMEDIV
00000001   CLK_RESETTIMER
00000001   CLK_TIMERNUM
00000001   CLK_USETIMER
00000001   GBL$
00000001   GBL_ENABLEINST
00000001   GBL_L2CONFIGURE
00000001   GBL_boot
00000001   HST$
00000001   HST_RTDX
00000001   HWI$
00000001   HWI_ENABLE_EXC
00000001   HWI_NMI
00000001   IDL$
00000001   IDL_USECLKIDLTIME
00000001   IDL_busyObj$filter
00000001   IDL_busyObj$iA
00000001   IDL_busyObj$iC
00000001   ISRC$
00000001   KNL_swi$dorta
00000001   KNL_swi$sts$filtmaxmult
00000001   KNL_swi$sts$filtsummult
00000001   LCK$
00000001   LOG$
00000001   LOG_A_TABLEN
00000001   LOG_ENABLED
00000001   MEM$
00000001   MEM_gNumHeap
00000001   PRD$
00000001   QUE$
00000001   RTA_fromHost$id
00000001   RTA_toHost$mode
00000001   RTDX$
00000001   RTDX_NORMALIZED_HDR
00000001   RTDX_USERTDX
00000001   STS$
00000001   SWI$
00000001   SWI_A_TABLEN
00000001   SYS$
00000001   TSK$
00000001   TSK_PRIORITY
00000001   TSK_idle$sts$filtmaxmult
00000001   TSK_idle$sts$filtsummult
00000001   _CLK_TIMERNUM
00000001   _CLK_USETIMER
00000001   _HWI_NMI
00000001   _LOG_A_TABLEN
00000002   HWI_RESERVED0
00000002   IDL_busyObj$unittype
00000002   KNL_swi$sts$filter
00000002   PIP_A_TABLEN
00000002   PIP_gNumEmbed
00000002   TSK_idle$sts$filter
00000002   _HWI_RESERVED0
00000002   _RTDX_JTAGONLY
00000003   HWI_RESERVED1
00000003   _HWI_RESERVED1
00000004   EVENT4
00000004   HWI_INT4
00000004   RTA_fromHost$framesize
00000004   _EVENT4
00000004   _HWI_INT4
00000005   CLK_TIMMODE
00000005   EVENT5
00000005   HWI_INT5
00000005   _EVENT5
00000005   _HWI_INT5
00000006   EVENT6
00000006   HWI_INT6
00000006   IDL_CALIBRERROR
00000006   _EVENT6
00000006   _HWI_INT6
00000007   EVENT7
00000007   GBL_L1DMODE
00000007   GBL_L1PMODE
00000007   HWI_INT7
00000007   _EVENT7
00000007   _HWI_INT7
00000008   EVENT8
00000008   HWI_INT8
00000008   _EVENT8
00000008   _HWI_INT8
00000009   CLK_COUNTSPMSHIGH
00000009   EVENT9
00000009   HWI_INT9
00000009   _EVENT9
00000009   _HWI_INT9
0000000a   EVENT10
0000000a   HWI_INT10
0000000a   _EVENT10
0000000a   _HWI_INT10
0000000b   EVENT11
0000000b   HWI_INT11
0000000b   _EVENT11
0000000b   _HWI_INT11
0000000c   EVENT12
0000000c   HWI_INT12
0000000c   _EVENT12
0000000c   _HWI_INT12
0000000d   EVENT13
0000000d   HWI_INT13
0000000d   _EVENT13
0000000d   _HWI_INT13
0000000e   EVENT14
0000000e   HWI_INT14
0000000e   _EVENT14
0000000e   _HWI_INT14
0000000f   EVENT15
0000000f   HWI_INT15
0000000f   _EVENT15
0000000f   _HWI_INT15
00000010   EVENT16
00000010   _EVENT16
00000011   EVENT17
00000011   _EVENT17
00000012   EVENT18
00000012   _EVENT18
00000013   EVENT19
00000013   _EVENT19
00000014   EVENT20
00000014   _EVENT20
00000015   EVENT21
00000015   _EVENT21
00000016   EVENT22
00000016   _EVENT22
00000017   EVENT23
00000017   _EVENT23
00000018   EVENT24
00000018   _EVENT24
00000019   EVENT25
00000019   _EVENT25
0000001a   EVENT26
0000001a   _EVENT26
0000001b   EVENT27
0000001b   _EVENT27
0000001c   EVENT28
0000001c   _EVENT28
0000001d   EVENT29
0000001d   _EVENT29
0000001e   EVENT30
0000001e   _EVENT30
0000001f   EVENT31
0000001f   _EVENT31
00000020   CLK_TCR
00000020   EVENT32
00000020   _EVENT32
00000021   EVENT33
00000021   _EVENT33
00000022   EVENT34
00000022   _EVENT34
00000023   EVENT35
00000023   _EVENT35
00000024   EVENT36
00000024   _EVENT36
00000025   EVENT37
00000025   _EVENT37
00000026   EVENT38
00000026   _EVENT38
00000027   EVENT39
00000027   _EVENT39
00000028   EVENT40
00000028   _EVENT40
00000029   EVENT41
00000029   _EVENT41
0000002a   EVENT42
0000002a   _EVENT42
0000002b   EVENT43
0000002b   _EVENT43
0000002c   EVENT44
0000002c   _EVENT44
0000002d   EVENT45
0000002d   _EVENT45
0000002e   EVENT46
0000002e   _EVENT46
0000002f   EVENT47
0000002f   _EVENT47
00000030   EVENT48
00000030   _EVENT48
00000031   EVENT49
00000031   _EVENT49
00000032   EVENT50
00000032   _EVENT50
00000033   EVENT51
00000033   _EVENT51
00000034   EVENT52
00000034   _EVENT52
00000035   EVENT53
00000035   _EVENT53
00000036   EVENT54
00000036   _EVENT54
00000037   EVENT55
00000037   _EVENT55
00000038   EVENT56
00000038   _EVENT56
00000039   EVENT57
00000039   _EVENT57
0000003a   EVENT58
0000003a   _EVENT58
0000003b   EVENT59
0000003b   _EVENT59
0000003c   EVENT60
0000003c   _EVENT60
0000003d   EVENT61
0000003d   _EVENT61
0000003e   EVENT62
0000003e   GBL_DSPTYPE
0000003e   _EVENT62
0000003f   EVENT63
0000003f   _EVENT63
00000040   EVENT64
00000040   HST_MAXFRAMESET
00000040   LOG_system$size
00000040   RTA_toHost$framesize
00000040   _EVENT64
00000041   EVENT65
00000041   _EVENT65
00000042   EVENT66
00000042   GBL_FOOTPRINT
00000042   _EVENT66
00000043   EVENT67
00000043   _EVENT67
00000044   EVENT68
00000044   _EVENT68
00000045   EVENT69
00000045   _EVENT69
00000046   EVENT70
00000046   _EVENT70
00000047   EVENT71
00000047   _EVENT71
00000048   EVENT72
00000048   _EVENT72
00000049   EVENT73
00000049   _EVENT73
0000004a   EVENT74
0000004a   _EVENT74
0000004b   EVENT75
0000004b   _EVENT75
0000004c   EVENT76
0000004c   _EVENT76
0000004d   EVENT77
0000004d   _EVENT77
0000004e   EVENT78
0000004e   _EVENT78
0000004f   EVENT79
0000004f   _EVENT79
00000050   EVENT80
00000050   _EVENT80
00000051   EVENT81
00000051   _EVENT81
00000052   EVENT82
00000052   _EVENT82
00000053   EVENT83
00000053   _EVENT83
00000054   EVENT84
00000054   _EVENT84
00000055   EVENT85
00000055   _EVENT85
00000056   EVENT86
00000056   _EVENT86
00000057   EVENT87
00000057   _EVENT87
00000058   EVENT88
00000058   _EVENT88
00000059   EVENT89
00000059   _EVENT89
0000005a   EVENT90
0000005a   _EVENT90
0000005b   EVENT91
0000005b   _EVENT91
0000005c   EVENT92
0000005c   _EVENT92
0000005d   EVENT93
0000005d   _EVENT93
0000005e   EVENT94
0000005e   _EVENT94
0000005f   EVENT95
0000005f   _EVENT95
00000060   EVENT96
00000060   _EVENT96
00000061   EVENT97
00000061   _EVENT97
00000062   EVENT98
00000062   _EVENT98
00000063   EVENT99
00000063   _EVENT99
00000064   EVENT100
00000064   PIP_OBJSIZE
00000064   _EVENT100
00000065   EVENT101
00000065   _EVENT101
00000066   EVENT102
00000066   _EVENT102
00000067   EVENT103
00000067   _EVENT103
00000068   EVENT104
00000068   _EVENT104
00000069   EVENT105
00000069   _EVENT105
0000006a   EVENT106
0000006a   _EVENT106
0000006b   EVENT107
0000006b   _EVENT107
0000006c   EVENT108
0000006c   _EVENT108
0000006d   EVENT109
0000006d   _EVENT109
0000006e   EVENT110
0000006e   _EVENT110
0000006f   EVENT111
0000006f   _EVENT111
00000070   EVENT112
00000070   _EVENT112
00000071   EVENT113
00000071   _EVENT113
00000072   EVENT114
00000072   _EVENT114
00000073   EVENT115
00000073   _EVENT115
00000074   EVENT116
00000074   _EVENT116
00000075   EVENT117
00000075   _EVENT117
00000076   EVENT118
00000076   _EVENT118
00000077   EVENT119
00000077   _EVENT119
00000078   EVENT120
00000078   _EVENT120
00000079   EVENT121
00000079   _EVENT121
0000007a   EVENT122
0000007a   _EVENT122
0000007b   EVENT123
0000007b   _EVENT123
0000007c   EVENT124
0000007c   _EVENT124
0000007d   EVENT125
0000007d   _EVENT125
0000007e   EVENT126
0000007e   _EVENT126
0000007f   EVENT127
0000007f   _EVENT127
000000ff   HST_MAXFRAMEALLOWED
000003e8   CLK_MICROSECS
00000400   HST_DSMMEMSIZE
00000400   TSK_STACKSIZE
00000400   __STACK_SIZE
00000408   RTDX_BUFMEMSIZE
00001918   GBL_CLKTYPE
00001963   GBL_DSPSUBTYPE
00004000   PRD_SCALAR
00004e20   GBL_CLKIN
00005205   GBL_A_VERSION
00006978   CLK_INPUTCLK
00006978   CLK_PRD
00006978   _CLK_PRD
00008000   CLK_INTBIT
00008000   IRAM$L
00008000   _IRAM_length
00009818   HWI_CFGDISPATCHED
00009818   _HWI_CFGDISPATCHED
0000dbef   GBL_TRCMASKVALUE
00091050   CLK_COUNTSPMS
00091050   CLK_HTIMEPERLTIME
00091050   CLK_LTIMEMULT
00091050   GBL_FREQ
00091050   _CLK_COUNTSPMS
01c21800   CLK_REGS
01c21800   _CLK_REGS
06040d0c   HWI_INTRMUX3
07060533   HWI_INTRMUX1
0b0a0908   HWI_INTRMUX2
10800000   .data
10800000   IRAM$B
10800000   PRD_A_TABBEG
10800000   PRD_A_TABEND
10800000   _IRAM_base
10800000   ___data__
10800000   ___edata__
10800000   edata
10808000   LNK_F_checkBufferCall
10808020   LNK_F_getChanPtr
10808078   LNK_F_init
10808080   LNK_F_dataPump
10808090   LNK_rcloop
10808154   LNK_rdrtry
10808164   LNK_rrloop
10808224   LNK_wrrtry
10808230   LNK_wrloop
10808300   LNK_newin
10808434   LNK_newout
10808588   LNK_F_readCallBack
108085c0   _EXC_nmi
108085f4   _EXC_internal
108088a0   _EXC_init
108088e0   _EXC_getLastStatus
10808900   _EXC_external
10808934   _EXC_exceptionHandler
10808ab0   _EXC_clearLastStatus
10808ae0   CLK_HOOKFXN
10808ae0   HWI_F_dispatch
10808ae0   _HWI_F_dispatch
10808ae0   __HWI_lat1beg
10808c68   __HWI_lat1end
10808c68   __HWI_lat2beg
10808dd0   __HWI_lat2end2
10808e00   __HWI_lat3end2
10808e44   __HWI_lat2end1
10808e60   __HWI_lat3beg
10808fc0   SWI_F_enable
10808fc0   __SWI_lat3beg
1080902c   __SWI_lat3end
10809030   SWI_F_post
10809030   _SWI_post
10809138   __SWI_lat1beg
108091a4   SWI_EXECFXN
108091a4   SWI_F_exec
108091cc   SWI_F_iexec
108091e4   __SWI_lat1end
108091e8   __SWI_lat2beg
10809248   __SWI_lat2end
1080924c   SWI_F_run
1080924c   SWI_RUNFXN
10809480   PRD_F_swi
10809704   PRD_F_tick
10809800   RTA_F_getlog
10809838   RTA_F_getsts
10809878   RTA_F_readblk
10809894   RTA_F_writeword
108098a0   RTA_F_resetmem
108098a0   __RTA_lat1beg
108098d4   __RTA_lat1end
108098e0   RTA_F_dispatch
1080992c   RTA_execute
10809a80   _KNL_run
10809cc0   _SEM_pendEnterKnl
10809ec0   _EXC_dispatch
1080a084   _EXC_setReturnPtr
1080a26c   PRD_THOOKFXN
1080a26c   _KNL_tick
1080a280   PIP_F_take
1080a2f8   PIP_F_give
1080a2f8   PIP_F_probe
1080a3c8   PIP_F_start
1080a460   __SEM_dopost
1080a620   _TSK_setup
1080a7c0   CLK_F_getltime
1080a7d0   CLK_F_isr
1080a910   CLK_F_itime
1080a910   _CLK_F_itime
1080a910   _CLK_itime
1080a930   __CLK_lat1beg
1080a950   __CLK_lat1end
1080a960   _KNL_saveIsrFrame
1080aa0c   _KNL_switch
1080aab8   KNL_glue
1080aae0   __auto_init
1080ac20   _TSK_exit
1080ad60   _BCACHE_setSize
1080ada4   _BCACHE_setMar
1080adf4   _BCACHE_setCacheToSram
1080ae24   _BCACHE_getSize
1080ae74   _BCACHE_getMar
1080af04   _GBL_cacheInit64P
1080afc0   _KNL_check
1080b00c   __KNL_lat1beg
1080b088   _KNL_idle
1080b088   __KNL_lat1end
1080b0b0   _KNL_max
1080b184   _TSK_startup
1080b200   _SEM_post
1080b200   _SEM_postBinary
1080b2e0   _KNL_exit
1080b320   _KNL_enter
1080b3a0   _SEM_postEnterKnl
1080b440   _SYS_exit
1080b4e0   _KNL_ipost
1080b560   _KNL_post
1080b5e0   _LCK_post
1080b600   _LCK_pend
1080b660   LOG_F_event
1080b660   _LOG_event
1080b660   __LOG_lat1beg
1080b6e0   IDL_F_calibrate
1080b760   FXN_F_nop
1080b764   FXN_F_run
1080b764   _FXN_F_run
1080b7a0   FXN_F_zero
1080b7a0   _FXN_F_zero
1080b7c0   _HWI_disable
1080b7d8   _HWI_enable
1080b7ec   _HWI_restore
1080b820   IDL_F_busy
1080b820   __IDL_lat1beg
1080b860   __IDL_lat1end
1080b880   _SEM_pend
1080b8e0   STS_F_delta
1080b8e0   _STS_delta
1080b90c   STS_F_add
1080b90c   _STS_add
1080b928   STS_F_reset
1080b928   _STS_reset
1080b940   _SYS_abort
1080b9a0   SYS_PUTCFXN
1080b9a0   _UTL_doPutc
1080ba00   _CLK_measure
1080ba60   IDL_CALIBRFXN
1080ba60   IDL_F_stub
1080baa0   RTA_F_andn
1080bab8   RTA_F_or
1080bae0   SYS_ABORTFXN
1080bae0   _UTL_doAbort
1080bb20   _CLK_getltime
1080bb40   GBL_USERINITFXN
1080bb40   GIO_CREATEFXN
1080bb40   GIO_DELETEFXN
1080bb40   GIO_PENDFXN
1080bb40   GIO_POSTFXN
1080bb40   TSK_VCREATEFXN
1080bb40   TSK_VDELETEFXN
1080bb40   TSK_VEXITFXN
1080bb40   _BCACHE_bootInit
1080bb40   _FXN_F_nop
1080bb60   _GBL_getVersion
1080bb80   IDL_F_loop
1080bb80   _IDL_loop
1080bba0   _STS_set
1080bbc0   SYS_ERRORFXN
1080bbc0   _UTL_doError
1080bbe0   SYS_EXITFXN
1080bbe0   _UTL_halt
1080bc00   CLK_F_gethtime
1080bc00   CLK_TIMEFXN
1080bc00   _CLK_gethtime
1080bc20   .text
1080bc20   _EVMDM6437_enablePll1
1080bc20   ___text__
1080be30   _EVMDM6437_enablePll2
1080c0a0   _EVMDM6437_startupGEL
1080c100   _EVMDM6437_init
1080c118   __setupPinMux
1080c190   __setPinMux
1080c1d4   __clrPinMux
1080c218   __resetEMIF
1080c314   __setupEMIF
1080c3f8   __wait
1080c42c   __waitusec
1080c460   __FLASH_getId
1080c564   __FLASH_getMfg
1080c578   _EVMDM6437_FLASH_getTotalPages
1080c6b8   __FLASH_getPageLength
1080c6c4   __FLASH_nextPage
1080c760   _EVMDM6437_AIC33_rget
1080c810   _EVMDM6437_AIC33_rset
1080c878   _EVMDM6437_AIC33_rset_mask
1080c934   _EVMDM6437_AIC33_config
1080ca00   _EVMDM6437_I2C_init
1080ca40   _EVMDM6437_I2C_close
1080ca54   _EVMDM6437_I2C_reset
1080ca68   _EVMDM6437_I2C_write
1080cb60   _EVMDM6437_I2C_read
1080cc60   _EVMDM6437_PSC_enableAll
1080cd10   _EVMDM6437_PSC_changeState
1080cea0   _main
1080cf30   _isrAudio
1080d0a0   _EVMDM6437_I2C_GPIO_init
1080d0b8   _EVMDM6437_I2C_GPIO_getall
1080d0e0   _EVMDM6437_I2C_GPIO_setall
1080d104   _EVMDM6437_I2C_GPIO_setOutput
1080d1b4   _EVMDM6437_I2C_GPIO_getInput
1080d208   _EVMDM6437_I2C_GPIO_setupIntr
1080d240   _EVMDM6437_I2C_GPIO_checkIntr
1080d250   _EVMDM6437_I2C_GPIO_waitForIntr
1080d280   _EVMDM6437_GPIO_init
1080d294   _EVMDM6437_GPIO_setDir
1080d334   _EVMDM6437_GPIO_setOutput
1080d3c4   _EVMDM6437_GPIO_getInput
1080d440   _EVMDM6437_DDR_init
1080d5a0   _EVMDM6437_FLASH_init
1080d5ec   __FLASH_waitWhileErasing
1080d658   __FLASH_waitWhileProgramming
1080d6e0   _initDipSwitches
1080d754   _readDipSwitches
1080d800   _call_dtors
1080d900   _initCodec
1080d9e0   _fir
1080dac0   __c6xabi_divu
1080dac0   __divu
1080db80   _atexit
1080dd00   _memcpy
1080dda0   ___add_dtor
1080dde0   __nop
1080de00   __register_lock
1080de20   __register_unlock
1080de40   ___cinit__
1080de40   ___etext__
1080de40   cinit
1080de40   etext
1080f064   LOG_A_TABBEG
1080f064   LOG_system
1080f064   _LOG_A_TABBEG
1080f064   _LOG_system
1080f07c   LOG_A_TABEND
1080f07c   _LOG_A_TABEND
1080f080   _HSRTDX_rec
1080f320   _RTDX_Buffer_WriteCB
1080f7e0   _HSRTDX_xmt
1080fae0   _RTDX_Mon_Queue
1080fd40   _RTDX_Poll
1080fde0   _RTDX_Final_RT_Monitor
1080fe60   _RTDX_Buffer_Initialize
1080fec0   _RTDX_Init_RT_Monitor
1080ff20   _RTDX_Buffer_ReadCB
1080ff60   _RTDX_Buffer_Size
1080ffa0   _RTDX_memfill
1080ffe0   _RTDX_Buffer_Read
10810000   _RTDX_Buffer_Write
10810020   _RTDX_Mask_IER
10810110   _readback
10810210   ___atexit_func_id__
10810398   _coeffs
10810518   _buf
10810618   _KNL_queues
108106b8   _KNL_dummy
108106f0   _TSK_ATTRS
1081070c   _TSK_config
1081072c   _TSK_timerSem
1081074c   _CLK_inputClock
10810750   _OBJ_table
10810788   _OBJ_segtab
108107a4   __TSK_mutex
108107cc   __MEM_mutex
108107f4   _dtors
108107f8   _SYS_exitStack
10810850   _EXC_status
1081088c   __cleanup_ptr
10810890   __dtors_ptr
10810894   ___TI_enable_exit_profile_output
10810898   __lock
1081089c   __unlock
108108a0   BIOS_init
108108a0   _BIOS_init
10810a24   BIOS$$CLKON
10810a64   BIOS$$CLKOFF
10810acc   BIOS_start
10810acc   _BIOS_start
10810c00   _CLK_enableTimer
10810ce0   _c_int00
10810da0   _MEM_init
10810e40   _TSK_init
10810ea0   _OBJ_init
10810f40   _RTDX_Buffer
10811348   _RTDX_Buffer_Start
1081134c   _RTDX_Buffer_End
10811350   _rtdx_mon_state
10811394   _rtdx_buffer_state
108113a0   _RTDX_writing
108113b8   TSK_idle$stack
10811750   TSK_idle$stkptr
108117b8   GBL_stackbeg
108117b8   _HWI_STKTOP
108117b8   __stack
10811bb0   _HWI_STKBOTTOM
10811bb7   GBL_stackend
10811bb8   $bss
10811bb8   .bss
10811bb8   _HWI_dispatchTab
10811bb8   __STACK_END
10811bb8   ___bss__
10811cb8   IDL_D_tabbeg
10811cbc   IDL_D_calibrate
10811cc0   IDL_D_calbeg
10811cc4   LOG_D_system
10811cc4   _LOG_D_system
10811cc8   PIP_D_tabbeg
10811ccc   PIP_D_tablen
10811cd0   CLK_R_time
10811cd4   CLK_D_timefxn
10811cd8   CLK_D_tabbeg
10811cdc   CLK_D_isrhook
10811ce0   CLK_D_idletime
10811ce4   _CLK_htimeDiv
10811ce8   _CLK_htimeMult
10811cec   _CLK_ltimeDiv
10811cf0   _CLK_ltimeMult
10811cf4   _CLK_D_dirty
10811cf8   _CLK_D_prd
10811cfc   _CLK_D_tddr
10811d00   _CLK_D_countspms
10811d04   PRD_D_tick
10811d04   _PRD_D_tick
10811d08   PRD_D_cur
10811d0c   PRD_D_elapsed
10811d10   PRD_D_prevtim
10811d14   PRD_D_scalar
10811d18   PRD_D_swihandle
10811d1c   PRD_D_tabbeg
10811d20   PRD_D_tablen
10811d24   PRD_D_thook
10811d28   RTA_D_fromHost
10811d2c   RTA_D_toHost
10811d30   RTA_D_logval
10811d40   RTA_D_stsval
10811d4c   HST_D_chanmask
10811d50   HST_D_tabbeg
10811d54   HST_D_tabend
10811d58   _GBL_procId
10811d5c   _GBL_clkIn
10811d60   _GBL_freq
10811d64   _MEM_D_NUMSEGMENTS
10811d68   _MEM_D_memtab
10811d6c   _MEM_D_freelist
10811d70   _MEM_D_lockaddr
10811d74   _MEM_D_unlockaddr
10811d78   _SYS
10811d7c   __HOOK_knlId
10811d80   __HOOK_NUMHOOKS
10811d84   SWI_D_runaddr
10811d84   _SWI_D_runaddr
10811d84   _SWI_data
10811d88   SWI_D_execaddr
10811d88   _SWI_D_execaddr
10811d8c   SWI_D_curmask
10811d8c   _SWI_D_curmask
10811d90   SWI_D_curset
10811d90   _SWI_D_curset
10811d94   SWI_D_lock
10811d94   _SWI_D_lock
10811d98   SWI_D_curmbox
10811d9c   SWI_D_curfxn
10811d9c   _SWI_D_curfxn
10811da0   SWI_D_rdybeg
10811da0   _SWI_D_rdybeg
10811da4   SWI_D_inswi
10811da4   _SWI_D_inswi
10811da8   SWI_D_rdytab
10811e20   _KNL_wFlag
10811e24   _KNL_wList
10811e28   _KNL_alarm
10811e2c   _KNL_setpri
10811e30   _KNL_inactive
10811e34   _KNL_priority
10811e38   _KNL_set
10811e3c   _KNL_curtask
10811e40   _KNL_prevtask
10811e44   _KNL_curtime
10811e48   _KNL_swiptr
10811e4c   _KNL_curqueue
10811e50   _KNL_maxqueue
10811e54   _KNL_tswitchfxn
10811e58   _KNL_tcreatefxn
10811e5c   _KNL_tdeletefxn
10811e60   _KNL_treadyfxn
10811e64   _KNL_idlefxn
10811e68   _MEM_memtab
10811e74   HST_DSMBUFSEG
10811e74   IRAM
10811e74   MEM_MALLOCSEG
10811e74   MEM_SEGZERO
10811e74   RTDX_DATAMEMSEG
10811e74   _IRAM
10811e78   RTA_fromHost$pipe$dtab
10811e84   RTA_toHost$pipe$dtab
10811e90   _EXC_sysTrapTable
10811e98   _EXC_returnPtr
10811eb0   HWI_D_spsave
10811eb0   _HWI_D_spsave
10811eb0   _HWI_data
10811ebc   _HWI_D_inhwi
10811ec0   HWI_D_bss
10811ec4   HWI_D_ccmask
10811ec8   LNK_dspFrameRequestMask
10811ec8   _LNK_dspFrameRequestMask
10811ecc   LNK_dspFrameReadyMask
10811ecc   _LNK_dspFrameReadyMask
10811ed0   LNK_readPend
10811ed0   _LNK_readPend
10811ed4   LNK_readDone
10811ed4   _LNK_readDone
10811ed8   LNK_readFail
10811ed8   _LNK_readFail
10811edc   LNK_writeFail
10811edc   _LNK_writeFail
10811ee0   _sw0
10811ee2   _sw1
10811ef4   _hw_sw0
10811ef6   _hw_sw1
10811ef8   _hw_sw2
10811efa   _hw_sw3
10811efc   _sw2
10811efe   _sw3
10811f08   _EXC_exceptionHook
10811f0c   _EXC_internalHook
10811f10   _EXC_externalHook
10811f14   _EXC_nmiHook
10811f30   _rtdxNullChanCnt
10811f34   _rtdxNullFuncCnt
10811f38   _rtdxXmtNotDoneCnt
10811f3c   _rtdxRecNotDoneCnt
10811f40   _rtdxXmtRestartCnt
10811f44   _rtdxXmtErrorCnt
10811f48   _TSK_nTasks
10811f4c   _TSK_pid
10811f50   _TSK
10811f54   _CLK_DFLTMICROSECS
10811f58   _CLK_D_microseconds
10811f5c   _SYS_exitStackPtr
10811f60   _SYS_exitStackTop
10811f64   _CLK_htimePerLtime
10811f68   IDL_D_busyObj
10811f6c   _MEM
10811f70   _i2c_timeout
10811f78   ___end__
10811f78   end
108121a1   KNL_swi$sts$maxfmt
108121a4   _SYS_PUTCBEG
108121a9   KNL_swi$sts$sumfmt
108121b1   KNL_swi$sts$avgfmt
108121bb   TSK_idle$sts$maxfmt
108121c3   TSK_idle$sts$sumfmt
108121cb   TSK_idle$sts$avgfmt
108121d5   IDL_busyObj$maxfmt
108121d8   IDL_busyObj$sumfmt
108121db   IDL_busyObj$avgfmt
108123a3   _SYS_PUTCEND
108123e4   RTA_fromHost$buf
108123f4   ___pinit__
108123f4   pinit
10812400   HWI_A_VECS
10812400   hwi0
10812420   hwi1
10812440   hwi2
10812460   hwi3
10812480   hwi4
108124a0   hwi5
108124c0   hwi6
108124e0   hwi7
10812500   hwi8
10812520   hwi9
10812540   hwi10
10812560   hwi11
10812580   hwi12
108125a0   hwi13
108125c0   hwi14
108125e0   hwi15
10812600   LOG_system$buf
10812700   RTA_toHost$buf
10812800   PIP_A_TABBEG
10812800   RTA_fromHost$pipe
10812800   _PIP_A_TABBEG
10812804   RTA_fromHost$pipe$rd
10812830   RTA_fromHost$pipe$aaa
10812834   RTA_fromHost$pipe$wr
10812860   RTA_fromHost$pipe$bbb
10812864   RTA_toHost$pipe
10812868   RTA_toHost$pipe$rd
10812894   RTA_toHost$pipe$aaa
10812898   RTA_toHost$pipe$wr
108128c4   RTA_toHost$pipe$bbb
108128c8   PIP_A_TABEND
108128c8   _PIP_A_TABEND
108128d4   TSK_idle
108128d4   _TSK_idle
10812928   HST_A_TABBEG
10812928   _HST_A_TABBEG
1081292c   RTA_fromHost
1081292c   _RTA_fromHost
10812934   RTA_fromHost$rtdx
10812948   RTA_toHost
10812948   _RTA_toHost
10812950   RTA_toHost$rtdx
10812964   HST_A_TABEND
10812964   KNL_swi$sts$stsobj
10812964   STS_A_TABBEG
10812964   _HST_A_TABEND
10812964   _STS_A_TABBEG
10812968   KNL_swi$sts
10812974   TSK_idle$sts$stsobj
10812978   TSK_idle$sts
10812984   IDL_busyObj$stsobj
10812988   IDL_busyObj
10812988   _IDL_busyObj
10812994   KNL_swi
10812994   STS_A_TABEND
10812994   SWI_A_TABBEG
10812994   _KNL_swi
10812994   _STS_A_TABEND
108129c0   SWI_A_TABEND
108129e0   IDL_A_TABBEG
108129e0   IDL_cpuLoad
108129e0   _IDL_cpuLoad
108129e4   LNK_dataPump
108129e4   _LNK_dataPump
108129e8   RTA_dispatcher
108129e8   _RTA_dispatcher
108129ec   IDL_END
108129f0   IDL_A_CALBEG
108129f0   IDL_cpuLoad$
108129f4   LNK_dataPump$
108129f8   RTA_dispatcher$
108129fc   IDL_END$
10812a00   SYS$config
10812a10   TRC_cinit
10812a14   TRC_R_mask
10812a14   _TRC_R_mask
10812a18   GBL_initdone
10812a1c   CLK_A_TABBEG
10812a1c   PRD_clock
10812a1c   _PRD_clock
10812a20   CLK_null
ffffffff   CACHE_L1D
ffffffff   CACHE_L1P
ffffffff   DDR2
ffffffff   ECM_EVTMASK0
ffffffff   ECM_EVTMASK1
ffffffff   ECM_EVTMASK2
ffffffff   ECM_EVTMASK3
ffffffff   L1DSRAM
ffffffff   SRAM
ffffffff   _CACHE_L1D
ffffffff   _CACHE_L1P
ffffffff   _DDR2
ffffffff   _L1DSRAM
ffffffff   _SRAM
ffffffff   ___TI_pprof_out_hndl
ffffffff   ___TI_prof_data_size
ffffffff   ___TI_prof_data_start
ffffffff   ___binit__
ffffffff   ___c_args__
ffffffff   binit

[1042 symbols]
